Archive member included to satisfy reference by file (symbol)

/opt/st/stm32cubeide_1.14.0/plugins/com.st.stm32cube.ide.mcu.externaltools.gnu-tools-for-stm32.11.3.rel1.linux64_1.1.100.202309141235/tools/bin/../lib/gcc/arm-none-eabi/11.3.1/../../../../arm-none-eabi/lib/thumb/v7e-m+fp/hard/libstdc++_nano.a(del_ops.o)
                              ./Core/Src/ChampiCan.o (operator delete(void*, unsigned int))
/opt/st/stm32cubeide_1.14.0/plugins/com.st.stm32cube.ide.mcu.externaltools.gnu-tools-for-stm32.11.3.rel1.linux64_1.1.100.202309141235/tools/bin/../lib/gcc/arm-none-eabi/11.3.1/../../../../arm-none-eabi/lib/thumb/v7e-m+fp/hard/libstdc++_nano.a(allocator-inst.o)
                              ./Core/Src/MessageRecomposer.o (std::allocator<char>::allocator())
/opt/st/stm32cubeide_1.14.0/plugins/com.st.stm32cube.ide.mcu.externaltools.gnu-tools-for-stm32.11.3.rel1.linux64_1.1.100.202309141235/tools/bin/../lib/gcc/arm-none-eabi/11.3.1/../../../../arm-none-eabi/lib/thumb/v7e-m+fp/hard/libstdc++_nano.a(string-inst.o)
                              ./Core/Src/MessageRecomposer.o (std::__cxx11::basic_string<char, std::char_traits<char>, std::allocator<char> >::basic_string())
/opt/st/stm32cubeide_1.14.0/plugins/com.st.stm32cube.ide.mcu.externaltools.gnu-tools-for-stm32.11.3.rel1.linux64_1.1.100.202309141235/tools/bin/../lib/gcc/arm-none-eabi/11.3.1/../../../../arm-none-eabi/lib/thumb/v7e-m+fp/hard/libstdc++_nano.a(del_op.o)
                              /opt/st/stm32cubeide_1.14.0/plugins/com.st.stm32cube.ide.mcu.externaltools.gnu-tools-for-stm32.11.3.rel1.linux64_1.1.100.202309141235/tools/bin/../lib/gcc/arm-none-eabi/11.3.1/../../../../arm-none-eabi/lib/thumb/v7e-m+fp/hard/libstdc++_nano.a(del_ops.o) (operator delete(void*))
/opt/st/stm32cubeide_1.14.0/plugins/com.st.stm32cube.ide.mcu.externaltools.gnu-tools-for-stm32.11.3.rel1.linux64_1.1.100.202309141235/tools/bin/../lib/gcc/arm-none-eabi/11.3.1/../../../../arm-none-eabi/lib/thumb/v7e-m+fp/hard/libstdc++_nano.a(new_op.o)
                              /opt/st/stm32cubeide_1.14.0/plugins/com.st.stm32cube.ide.mcu.externaltools.gnu-tools-for-stm32.11.3.rel1.linux64_1.1.100.202309141235/tools/bin/../lib/gcc/arm-none-eabi/11.3.1/../../../../arm-none-eabi/lib/thumb/v7e-m+fp/hard/libstdc++_nano.a(string-inst.o) (operator new(unsigned int))
/opt/st/stm32cubeide_1.14.0/plugins/com.st.stm32cube.ide.mcu.externaltools.gnu-tools-for-stm32.11.3.rel1.linux64_1.1.100.202309141235/tools/bin/../lib/gcc/arm-none-eabi/11.3.1/../../../../arm-none-eabi/lib/thumb/v7e-m+fp/hard/libstdc++_nano.a(functexcept.o)
                              /opt/st/stm32cubeide_1.14.0/plugins/com.st.stm32cube.ide.mcu.externaltools.gnu-tools-for-stm32.11.3.rel1.linux64_1.1.100.202309141235/tools/bin/../lib/gcc/arm-none-eabi/11.3.1/../../../../arm-none-eabi/lib/thumb/v7e-m+fp/hard/libstdc++_nano.a(string-inst.o) (std::__throw_bad_alloc())
/opt/st/stm32cubeide_1.14.0/plugins/com.st.stm32cube.ide.mcu.externaltools.gnu-tools-for-stm32.11.3.rel1.linux64_1.1.100.202309141235/tools/bin/../lib/gcc/arm-none-eabi/11.3.1/../../../../arm-none-eabi/lib/thumb/v7e-m+fp/hard/libstdc++_nano.a(snprintf_lite.o)
                              /opt/st/stm32cubeide_1.14.0/plugins/com.st.stm32cube.ide.mcu.externaltools.gnu-tools-for-stm32.11.3.rel1.linux64_1.1.100.202309141235/tools/bin/../lib/gcc/arm-none-eabi/11.3.1/../../../../arm-none-eabi/lib/thumb/v7e-m+fp/hard/libstdc++_nano.a(functexcept.o) (__gnu_cxx::__snprintf_lite(char*, unsigned int, char const*, std::__va_list))
/opt/st/stm32cubeide_1.14.0/plugins/com.st.stm32cube.ide.mcu.externaltools.gnu-tools-for-stm32.11.3.rel1.linux64_1.1.100.202309141235/tools/bin/../lib/gcc/arm-none-eabi/11.3.1/../../../../arm-none-eabi/lib/thumb/v7e-m+fp/hard/libstdc++_nano.a(new_handler.o)
                              /opt/st/stm32cubeide_1.14.0/plugins/com.st.stm32cube.ide.mcu.externaltools.gnu-tools-for-stm32.11.3.rel1.linux64_1.1.100.202309141235/tools/bin/../lib/gcc/arm-none-eabi/11.3.1/../../../../arm-none-eabi/lib/thumb/v7e-m+fp/hard/libstdc++_nano.a(new_op.o) (std::get_new_handler())
/opt/st/stm32cubeide_1.14.0/plugins/com.st.stm32cube.ide.mcu.externaltools.gnu-tools-for-stm32.11.3.rel1.linux64_1.1.100.202309141235/tools/bin/../lib/gcc/arm-none-eabi/11.3.1/../../../../arm-none-eabi/lib/thumb/v7e-m+fp/hard/libc_nano.a(libc_a-abort.o)
                              /opt/st/stm32cubeide_1.14.0/plugins/com.st.stm32cube.ide.mcu.externaltools.gnu-tools-for-stm32.11.3.rel1.linux64_1.1.100.202309141235/tools/bin/../lib/gcc/arm-none-eabi/11.3.1/../../../../arm-none-eabi/lib/thumb/v7e-m+fp/hard/libstdc++_nano.a(new_op.o) (abort)
/opt/st/stm32cubeide_1.14.0/plugins/com.st.stm32cube.ide.mcu.externaltools.gnu-tools-for-stm32.11.3.rel1.linux64_1.1.100.202309141235/tools/bin/../lib/gcc/arm-none-eabi/11.3.1/../../../../arm-none-eabi/lib/thumb/v7e-m+fp/hard/libc_nano.a(libc_a-exit.o)
[...]
Memory Configuration

Name             Origin             Length             Attributes
RAM              0x0000000020000000 0x0000000000008000 xrw
FLASH            0x0000000008000000 0x0000000000020000 xr
*default*        0x0000000000000000 0xffffffffffffffff

Linker script and memory map

LOAD /opt/st/stm32cubeide_1.14.0/plugins/com.st.stm32cube.ide.mcu.externaltools.gnu-tools-for-stm32.11.3.rel1.linux64_1.1.100.202309141235/tools/bin/../lib/gcc/arm-none-eabi/11.3.1/thumb/v7e-m+fp/hard/crti.o
LOAD /opt/st/stm32cubeide_1.14.0/plugins/com.st.stm32cube.ide.mcu.externaltools.gnu-tools-for-stm32.11.3.rel1.linux64_1.1.100.202309141235/tools/bin/../lib/gcc/arm-none-eabi/11.3.1/thumb/v7e-m+fp/hard/crtbegin.o
LOAD /opt/st/stm32cubeide_1.14.0/plugins/com.st.stm32cube.ide.mcu.externaltools.gnu-tools-for-stm32.11.3.rel1.linux64_1.1.100.202309141235/tools/bin/../lib/gcc/arm-none-eabi/11.3.1/../../../../arm-none-eabi/lib/thumb/v7e-m+fp/hard/crt0.o
LOAD ./Core/Src/ChampiCan.o
LOAD ./Core/Src/HolonomicDrive3.o
LOAD ./Core/Src/MessageRecomposer.o
LOAD ./Core/Src/Stepper.o
LOAD ./Core/Src/main.o
LOAD ./Core/Src/msgs_can.pb.o
LOAD ./Core/Src/pb_common.o
LOAD ./Core/Src/pb_decode.o
LOAD ./Core/Src/pb_encode.o
LOAD ./Core/Src/stm32g4xx_hal_msp.o
LOAD ./Core/Src/stm32g4xx_it.o
LOAD ./Core/Src/syscalls.o
LOAD ./Core/Src/sysmem.o
LOAD ./Core/Src/system_stm32g4xx.o
LOAD ./Core/Startup/startup_stm32g431kbtx.o
LOAD ./Drivers/STM32G4xx_HAL_Driver/Src/stm32g4xx_hal.o
LOAD ./Drivers/STM32G4xx_HAL_Driver/Src/stm32g4xx_hal_cortex.o
LOAD ./Drivers/STM32G4xx_HAL_Driver/Src/stm32g4xx_hal_dma.o
LOAD ./Drivers/STM32G4xx_HAL_Driver/Src/stm32g4xx_hal_dma_ex.o
LOAD ./Drivers/STM32G4xx_HAL_Driver/Src/stm32g4xx_hal_exti.o
LOAD ./Drivers/STM32G4xx_HAL_Driver/Src/stm32g4xx_hal_fdcan.o
LOAD ./Drivers/STM32G4xx_HAL_Driver/Src/stm32g4xx_hal_flash.o
LOAD ./Drivers/STM32G4xx_HAL_Driver/Src/stm32g4xx_hal_flash_ex.o
LOAD ./Drivers/STM32G4xx_HAL_Driver/Src/stm32g4xx_hal_flash_ramfunc.o
LOAD ./Drivers/STM32G4xx_HAL_Driver/Src/stm32g4xx_hal_gpio.o
LOAD ./Drivers/STM32G4xx_HAL_Driver/Src/stm32g4xx_hal_pwr.o
LOAD ./Drivers/STM32G4xx_HAL_Driver/Src/stm32g4xx_hal_pwr_ex.o
LOAD ./Drivers/STM32G4xx_HAL_Driver/Src/stm32g4xx_hal_rcc.o
LOAD ./Drivers/STM32G4xx_HAL_Driver/Src/stm32g4xx_hal_rcc_ex.o
LOAD ./Drivers/STM32G4xx_HAL_Driver/Src/stm32g4xx_hal_tim.o
LOAD ./Drivers/STM32G4xx_HAL_Driver/Src/stm32g4xx_hal_tim_ex.o
START GROUP
LOAD /opt/st/stm32cubeide_1.14.0/plugins/com.st.stm32cube.ide.mcu.externaltools.gnu-tools-for-stm32.11.3.rel1.linux64_1.1.100.202309141235/tools/bin/../lib/gcc/arm-none-eabi/11.3.1/../../../../arm-none-eabi/lib/thumb/v7e-m+fp/hard/libstdc++_nano.a
LOAD /opt/st/stm32cubeide_1.14.0/plugins/com.st.stm32cube.ide.mcu.externaltools.gnu-tools-for-stm32.11.3.rel1.linux64_1.1.100.202309141235/tools/bin/../lib/gcc/arm-none-eabi/11.3.1/../../../../arm-none-eabi/lib/thumb/v7e-m+fp/hard/libsupc++_nano.a
END GROUP
LOAD /opt/st/stm32cubeide_1.14.0/plugins/com.st.stm32cube.ide.mcu.externaltools.gnu-tools-for-stm32.11.3.rel1.linux64_1.1.100.202309141235/tools/bin/../lib/gcc/arm-none-eabi/11.3.1/../../../../arm-none-eabi/lib/thumb/v7e-m+fp/hard/libstdc++_nano.a
LOAD /opt/st/stm32cubeide_1.14.0/plugins/com.st.stm32cube.ide.mcu.externaltools.gnu-tools-for-stm32.11.3.rel1.linux64_1.1.100.202309141235/tools/bin/../lib/gcc/arm-none-eabi/11.3.1/../../../../arm-none-eabi/lib/thumb/v7e-m+fp/hard/libm.a
LOAD /opt/st/stm32cubeide_1.14.0/plugins/com.st.stm32cube.ide.mcu.externaltools.gnu-tools-for-stm32.11.3.rel1.linux64_1.1.100.202309141235/tools/bin/../lib/gcc/arm-none-eabi/11.3.1/../../../../arm-none-eabi/lib/thumb/v7e-m+fp/hard/libc_nano.a
START GROUP
LOAD /opt/st/stm32cubeide_1.14.0/plugins/com.st.stm32cube.ide.mcu.externaltools.gnu-tools-for-stm32.11.3.rel1.linux64_1.1.100.202309141235/tools/bin/../lib/gcc/arm-none-eabi/11.3.1/thumb/v7e-m+fp/hard/libgcc.a
LOAD /opt/st/stm32cubeide_1.14.0/plugins/com.st.stm32cube.ide.mcu.externaltools.gnu-tools-for-stm32.11.3.rel1.linux64_1.1.100.202309141235/tools/bin/../lib/gcc/arm-none-eabi/11.3.1/../../../../arm-none-eabi/lib/thumb/v7e-m+fp/hard/libc_nano.a
END GROUP
START GROUP
LOAD /opt/st/stm32cubeide_1.14.0/plugins/com.st.stm32cube.ide.mcu.externaltools.gnu-tools-for-stm32.11.3.rel1.linux64_1.1.100.202309141235/tools/bin/../lib/gcc/arm-none-eabi/11.3.1/thumb/v7e-m+fp/hard/libgcc.a
LOAD /opt/st/stm32cubeide_1.14.0/plugins/com.st.stm32cube.ide.mcu.externaltools.gnu-tools-for-stm32.11.3.rel1.linux64_1.1.100.202309141235/tools/bin/../lib/gcc/arm-none-eabi/11.3.1/../../../../arm-none-eabi/lib/thumb/v7e-m+fp/hard/libc_nano.a
END GROUP
LOAD /opt/st/stm32cubeide_1.14.0/plugins/com.st.stm32cube.ide.mcu.externaltools.gnu-tools-for-stm32.11.3.rel1.linux64_1.1.100.202309141235/tools/bin/../lib/gcc/arm-none-eabi/11.3.1/thumb/v7e-m+fp/hard/crtend.o
LOAD /opt/st/stm32cubeide_1.14.0/plugins/com.st.stm32cube.ide.mcu.externaltools.gnu-tools-for-stm32.11.3.rel1.linux64_1.1.100.202309141235/tools/bin/../lib/gcc/arm-none-eabi/11.3.1/thumb/v7e-m+fp/hard/crtn.o
                0x0000000020008000                _estack = (ORIGIN (RAM) + LENGTH (RAM))
                0x0000000000000200                _Min_Heap_Size = 0x200
                0x0000000000000400                _Min_Stack_Size = 0x400

.isr_vector     0x0000000008000000      0x1d8
                0x0000000008000000                . = ALIGN (0x4)
 *(.isr_vector)
 .isr_vector    0x0000000008000000      0x1d8 ./Core/Startup/startup_stm32g431kbtx.o
                0x0000000008000000                g_pfnVectors
                0x00000000080001d8                . = ALIGN (0x4)

.text           0x00000000080001e0     0x966c
                0x00000000080001e0                . = ALIGN (0x4)
 *(.text)
 .text          0x00000000080001e0       0x40 /opt/st/stm32cubeide_1.14.0/plugins/com.st.stm32cube.ide.mcu.externaltools.gnu-tools-for-stm32.11.3.rel1.linux64_1.1.100.202309141235/tools/bin/../lib/gcc/arm-none-eabi/11.3.1/thumb/v7e-m+fp/hard/crtbegin.o
 .text          0x0000000008000220       0xa0 /opt/st/stm32cubeide_1.14.0/plugins/com.st.stm32cube.ide.mcu.externaltools.gnu-tools-for-stm32.11.3.rel1.linux64_1.1.100.202309141235/tools/bin/../lib/gcc/arm-none-eabi/11.3.1/../../../../arm-none-eabi/lib/thumb/v7e-m+fp/hard/libc_nano.a(libc_a-memchr.o)
                0x0000000008000220                memchr
 .text          0x00000000080002c0      0x378 /opt/st/stm32cubeide_1.14.0/plugins/com.st.stm32cube.ide.mcu.externaltools.gnu-tools-for-stm32.11.3.rel1.linux64_1.1.100.202309141235/tools/bin/../lib/gcc/arm-none-eabi/11.3.1/thumb/v7e-m+fp/hard/libgcc.a(_arm_addsubdf3.o)
                0x00000000080002c0                __aeabi_drsub
                0x00000000080002c8                __aeabi_dsub
                0x00000000080002c8                __subdf3
                0x00000000080002cc                __adddf3
                0x00000000080002cc                __aeabi_dadd
                0x0000000008000544                __aeabi_ui2d
                0x0000000008000544                __floatunsidf
                0x0000000008000564                __floatsidf
                0x0000000008000564                __aeabi_i2d
                0x0000000008000588                __extendsfdf2
                0x0000000008000588                __aeabi_f2d
                0x00000000080005cc                __aeabi_ul2d
                0x00000000080005cc                __floatundidf
                0x00000000080005dc                __floatdidf
                0x00000000080005dc                __aeabi_l2d
 .text          0x0000000008000638      0x424 /opt/st/stm32cubeide_1.14.0/plugins/com.st.stm32cube.ide.mcu.externaltools.gnu-tools-for-stm32.11.3.rel1.linux64_1.1.100.202309141235/tools/bin/../lib/gcc/arm-none-eabi/11.3.1/thumb/v7e-m+fp/hard/libgcc.a(_arm_muldivdf3.o)
                0x0000000008000638                __aeabi_dmul
                0x0000000008000638                __muldf3
                0x000000000800088c                __aeabi_ddiv
                0x000000000800088c                __divdf3
 .text          0x0000000008000a5c      0x110 /opt/st/stm32cubeide_1.14.0/plugins/com.st.stm32cube.ide.mcu.externaltools.gnu-tools-for-stm32.11.3.rel1.linux64_1.1.100.202309141235/tools/bin/../lib/gcc/arm-none-eabi/11.3.1/thumb/v7e-m+fp/hard/libgcc.a(_arm_cmpdf2.o)
                0x0000000008000a5c                __gtdf2
                0x0000000008000a5c                __gedf2
                0x0000000008000a64                __ltdf2
                0x0000000008000a64                __ledf2
                0x0000000008000a6c                __cmpdf2
                0x0000000008000a6c                __eqdf2
                0x0000000008000a6c                __nedf2
                0x0000000008000ae8                __aeabi_cdrcmple
                0x0000000008000af8                __aeabi_cdcmple
                0x0000000008000af8                __aeabi_cdcmpeq
                0x0000000008000b08                __aeabi_dcmpeq
                0x0000000008000b1c                __aeabi_dcmplt
                0x0000000008000b30                __aeabi_dcmple
                0x0000000008000b44                __aeabi_dcmpge
                0x0000000008000b58                __aeabi_dcmpgt
 .text          0x0000000008000b6c       0x50 /opt/st/stm32cubeide_1.14.0/plugins/com.st.stm32cube.ide.mcu.externaltools.gnu-tools-for-stm32.11.3.rel1.linux64_1.1.100.202309141235/tools/bin/../lib/gcc/arm-none-eabi/11.3.1/thumb/v7e-m+fp/hard/libgcc.a(_arm_fixdfsi.o)
                0x0000000008000b6c                __fixdfsi
                0x0000000008000b6c                __aeabi_d2iz
 .text          0x0000000008000bbc       0x40 /opt/st/stm32cubeide_1.14.0/plugins/com.st.stm32cube.ide.mcu.externaltools.gnu-tools-for-stm32.11.3.rel1.linux64_1.1.100.202309141235/tools/bin/../lib/gcc/arm-none-eabi/11.3.1/thumb/v7e-m+fp/hard/libgcc.a(_arm_fixunsdfsi.o)
                0x0000000008000bbc                __fixunsdfsi
                0x0000000008000bbc                __aeabi_d2uiz
 .text          0x0000000008000bfc       0xa0 /opt/st/stm32cubeide_1.14.0/plugins/com.st.stm32cube.ide.mcu.externaltools.gnu-tools-for-stm32.11.3.rel1.linux64_1.1.100.202309141235/tools/bin/../lib/gcc/arm-none-eabi/11.3.1/thumb/v7e-m+fp/hard/libgcc.a(_arm_truncdfsf2.o)
                0x0000000008000bfc                __aeabi_d2f
                0x0000000008000bfc                __truncdfsf2
 *(.text*)
 .text._ZN9ChampiCanC2EP19FDCAN_HandleTypeDef
                0x0000000008000c9c       0x54 ./Core/Src/ChampiCan.o
                0x0000000008000c9c                ChampiCan::ChampiCan(FDCAN_HandleTypeDef*)
                0x0000000008000c9c                ChampiCan::ChampiCan(FDCAN_HandleTypeDef*)
 .text._ZN9ChampiCan5startEv
                0x0000000008000cf0       0x52 ./Core/Src/ChampiCan.o
                0x0000000008000cf0                ChampiCan::start()
 *fill*         0x0000000008000d42        0x2 
 .text._ZN9ChampiCanD2Ev
                0x0000000008000d44       0x20 ./Core/Src/ChampiCan.o
                0x0000000008000d44                ChampiCan::~ChampiCan()
                0x0000000008000d44                ChampiCan::~ChampiCan()
 .text._ZN9ChampiCanD0Ev
                0x0000000008000d64       0x20 ./Core/Src/ChampiCan.o
                0x0000000008000d64                ChampiCan::~ChampiCan()
 .text._Z3subPfS_S_
                0x0000000008000d84       0x54 ./Core/Src/HolonomicDrive3.o
                0x0000000008000d84                sub(float*, float*, float*)
 .text._Z3absPfS_
                0x0000000008000dd8       0x72 ./Core/Src/HolonomicDrive3.o
                0x0000000008000dd8                abs(float*, float*)
 .text._Z13get_index_maxPf
                0x0000000008000e4a       0x80 ./Core/Src/HolonomicDrive3.o
                0x0000000008000e4a                get_index_max(float*)
 .text._ZN3VelC2Ev
                0x0000000008000eca       0x2e ./Core/Src/HolonomicDrive3.o
                0x0000000008000eca                Vel::Vel()
                0x0000000008000eca                Vel::Vel()
 .text._ZN7StepperaSERKS_
                0x0000000008000ef8       0x54 ./Core/Src/HolonomicDrive3.o
                0x0000000008000ef8                Stepper::operator=(Stepper const&)
 *fill*         0x0000000008000f4c        0x4 
 .text._ZN15HolonomicDrive3C2E7StepperS0_S0_ff
                0x0000000008000f50       0xd4 ./Core/Src/HolonomicDrive3.o
                0x0000000008000f50                HolonomicDrive3::HolonomicDrive3(Stepper, Stepper, Stepper, float, float)
                0x0000000008000f50                HolonomicDrive3::HolonomicDrive3(Stepper, Stepper, Stepper, float, float)
 .text._ZN15HolonomicDrive311set_cmd_velE3Vel
                0x0000000008001024       0x3a ./Core/Src/HolonomicDrive3.o
                0x0000000008001024                HolonomicDrive3::set_cmd_vel(Vel)
 *fill*         0x000000000800105e        0x2 
 .text._ZN15HolonomicDrive321compute_wheels_speedsE3VelPf
                0x0000000008001060      0x1c4 ./Core/Src/HolonomicDrive3.o
                0x0000000008001060                HolonomicDrive3::compute_wheels_speeds(Vel, float*)
 .text._ZN15HolonomicDrive319write_wheels_speedsEPf
                0x0000000008001224       0x62 ./Core/Src/HolonomicDrive3.o
                0x0000000008001224                HolonomicDrive3::write_wheels_speeds(float*)
 *fill*         0x0000000008001286        0x2 
 .text._ZN15HolonomicDrive324spin_once_motors_controlEv
                0x0000000008001288      0x178 ./Core/Src/HolonomicDrive3.o
                0x0000000008001288                HolonomicDrive3::spin_once_motors_control()
 .text._ZN15HolonomicDrive3C2Ev
                0x0000000008001400       0x40 ./Core/Src/HolonomicDrive3.o
                0x0000000008001400                HolonomicDrive3::HolonomicDrive3()
                0x0000000008001400                HolonomicDrive3::HolonomicDrive3()
 .text._ZN15HolonomicDrive3D2Ev
                0x0000000008001440       0x44 ./Core/Src/HolonomicDrive3.o
                0x0000000008001440                HolonomicDrive3::~HolonomicDrive3()
                0x0000000008001440                HolonomicDrive3::~HolonomicDrive3()
 .text._ZN15HolonomicDrive3D0Ev
                0x0000000008001484       0x22 ./Core/Src/HolonomicDrive3.o
                0x0000000008001484                HolonomicDrive3::~HolonomicDrive3()
 *fill*         0x00000000080014a6        0x2 
 .text._ZN17MessageRecomposerC2Ev
                0x00000000080014a8       0x40 ./Core/Src/MessageRecomposer.o
                0x00000000080014a8                MessageRecomposer::MessageRecomposer()
                0x00000000080014a8                MessageRecomposer::MessageRecomposer()
 .text._ZN17MessageRecomposer9add_frameEPhh
                0x00000000080014e8      0x198 ./Core/Src/MessageRecomposer.o
                0x00000000080014e8                MessageRecomposer::add_frame(unsigned char*, unsigned char)
 .text._ZN17MessageRecomposer21check_if_new_full_msgEv
                0x0000000008001680       0x18 ./Core/Src/MessageRecomposer.o
                0x0000000008001680                MessageRecomposer::check_if_new_full_msg()
 .text._ZN17MessageRecomposer12get_full_msgB5cxx11Ev
                0x0000000008001698       0x26 ./Core/Src/MessageRecomposer.o
                0x0000000008001698                MessageRecomposer::get_full_msg[abi:cxx11]()
 *fill*         0x00000000080016be        0x2 
 .text._ZN17MessageRecomposerD2Ev
                0x00000000080016c0       0x4c ./Core/Src/MessageRecomposer.o
                0x00000000080016c0                MessageRecomposer::~MessageRecomposer()
                0x00000000080016c0                MessageRecomposer::~MessageRecomposer()
 .text._ZN17MessageRecomposerD0Ev
                0x000000000800170c       0x22 ./Core/Src/MessageRecomposer.o
                0x000000000800170c                MessageRecomposer::~MessageRecomposer()
 .text._ZN17MessageRecomposer17decode_descriptorEPhRiS1_S1_
                0x000000000800172e       0x54 ./Core/Src/MessageRecomposer.o
                0x000000000800172e                MessageRecomposer::decode_descriptor(unsigned char*, int&, int&, int&)
 .text._ZN17MessageRecomposer19all_frames_receivedEv
                0x0000000008001782       0x44 ./Core/Src/MessageRecomposer.o
                0x0000000008001782                MessageRecomposer::all_frames_received()
 *fill*         0x00000000080017c6        0x2 
 .text._Z21PWM_set_high_durationP11TIM_TypeDefi
                0x00000000080017c8       0x5c ./Core/Src/Stepper.o
                0x00000000080017c8                PWM_set_high_duration(TIM_TypeDef*, int)
 *fill*         0x0000000008001824        0x4 
 .text._Z12PWM_set_freqP11TIM_TypeDefi
                0x0000000008001828       0x58 ./Core/Src/Stepper.o
                0x0000000008001828                PWM_set_freq(TIM_TypeDef*, int)
 .text._ZN7StepperC2Ev
                0x0000000008001880       0x20 ./Core/Src/Stepper.o
                0x0000000008001880                Stepper::Stepper()
                0x0000000008001880                Stepper::Stepper()
 .text._ZN7StepperC2E17TIM_HandleTypeDefmP12GPIO_TypeDeft
                0x00000000080018a0       0x84 ./Core/Src/Stepper.o
                0x00000000080018a0                Stepper::Stepper(TIM_HandleTypeDef, unsigned long, GPIO_TypeDef*, unsigned short)
                0x00000000080018a0                Stepper::Stepper(TIM_HandleTypeDef, unsigned long, GPIO_TypeDef*, unsigned short)
 .text._ZN7Stepper19set_speed_step_freqEii
                0x0000000008001924       0x98 ./Core/Src/Stepper.o
                0x0000000008001924                Stepper::set_speed_step_freq(int, int)
 .text._ZN7Stepper13set_speed_rpsEf
                0x00000000080019bc       0x58 ./Core/Src/Stepper.o
                0x00000000080019bc                Stepper::set_speed_rps(float)
 .text._ZN7StepperD2Ev
                0x0000000008001a14       0x20 ./Core/Src/Stepper.o
                0x0000000008001a14                Stepper::~Stepper()
                0x0000000008001a14                Stepper::~Stepper()
 .text._ZN7StepperD0Ev
                0x0000000008001a34       0x20 ./Core/Src/Stepper.o
                0x0000000008001a34                Stepper::~Stepper()
 .text.HAL_TIM_PeriodElapsedCallback
                0x0000000008001a54       0x24 ./Core/Src/main.o
                0x0000000008001a54                HAL_TIM_PeriodElapsedCallback
 .text.HAL_FDCAN_RxFifo0Callback
                0x0000000008001a78      0x158 ./Core/Src/main.o
                0x0000000008001a78                HAL_FDCAN_RxFifo0Callback
 .text._Z13set_loop_freqi
                0x0000000008001bd0       0x6c ./Core/Src/main.o
                0x0000000008001bd0                set_loop_freq(int)
 .text._Z4loopv
                0x0000000008001c3c       0x14 ./Core/Src/main.o
                0x0000000008001c3c                loop()
 .text._ZN7StepperC2ERKS_
                0x0000000008001c50       0x60 ./Core/Src/main.o
                0x0000000008001c50                Stepper::Stepper(Stepper const&)
                0x0000000008001c50                Stepper::Stepper(Stepper const&)
 .text._ZN15HolonomicDrive3aSERKS_
                0x0000000008001cb0       0x7c ./Core/Src/main.o
                0x0000000008001cb0                HolonomicDrive3::operator=(HolonomicDrive3 const&)
 .text._ZN17MessageRecomposeraSERKS_
                0x0000000008001d2c       0x80 ./Core/Src/main.o
                0x0000000008001d2c                MessageRecomposer::operator=(MessageRecomposer const&)
 .text.main     0x0000000008001dac      0x2d4 ./Core/Src/main.o
                0x0000000008001dac                main
 .text._Z18SystemClock_Configv
                0x0000000008002080       0xaa ./Core/Src/main.o
                0x0000000008002080                SystemClock_Config()
 *fill*         0x000000000800212a        0x2 
 .text._ZL14MX_FDCAN1_Initv
                0x000000000800212c       0x98 ./Core/Src/main.o
 .text._ZL12MX_TIM1_Initv
                0x00000000080021c4      0x1a0 ./Core/Src/main.o
 .text._ZL12MX_TIM6_Initv
                0x0000000008002364       0x80 ./Core/Src/main.o
 .text._ZL12MX_TIM8_Initv
                0x00000000080023e4      0x1a0 ./Core/Src/main.o
 .text._ZL13MX_TIM15_Initv
                0x0000000008002584      0x138 ./Core/Src/main.o
 .text._ZL12MX_GPIO_Initv
                0x00000000080026bc       0x9c ./Core/Src/main.o
 .text.Error_Handler
                0x0000000008002758        0xa ./Core/Src/main.o
                0x0000000008002758                Error_Handler
 *fill*         0x0000000008002762        0x2 
 .text._Z41__static_initialization_and_destruction_0ii
                0x0000000008002764       0x84 ./Core/Src/main.o
 .text._GLOBAL__sub_I_hfdcan1
                0x00000000080027e8       0x10 ./Core/Src/main.o
 .text._GLOBAL__sub_D_hfdcan1
                0x00000000080027f8       0x10 ./Core/Src/main.o
 .text.load_descriptor_values
                0x0000000008002808      0x2d4 ./Core/Src/pb_common.o
 .text.advance_iterator
                0x0000000008002adc       0xc2 ./Core/Src/pb_common.o
 .text.pb_field_iter_begin
                0x0000000008002b9e       0x32 ./Core/Src/pb_common.o
                0x0000000008002b9e                pb_field_iter_begin
 .text.pb_field_iter_begin_extension
                0x0000000008002bd0       0x60 ./Core/Src/pb_common.o
                0x0000000008002bd0                pb_field_iter_begin_extension
 .text.pb_field_iter_next
                0x0000000008002c30       0x2a ./Core/Src/pb_common.o
                0x0000000008002c30                pb_field_iter_next
 .text.pb_field_iter_find
                0x0000000008002c5a       0xac ./Core/Src/pb_common.o
                0x0000000008002c5a                pb_field_iter_find
 .text.pb_field_iter_find_extension
                0x0000000008002d06       0x66 ./Core/Src/pb_common.o
                0x0000000008002d06                pb_field_iter_find_extension
 .text.buf_read
                0x0000000008002d6c       0x38 ./Core/Src/pb_decode.o
 .text.pb_read  0x0000000008002da4       0xec ./Core/Src/pb_decode.o
                0x0000000008002da4                pb_read
 .text.pb_readbyte
                0x0000000008002e90       0x78 ./Core/Src/pb_decode.o
 .text.pb_istream_from_buffer
                0x0000000008002f08       0x3c ./Core/Src/pb_decode.o
                0x0000000008002f08                pb_istream_from_buffer
 .text.pb_decode_varint32_eof
                0x0000000008002f44      0x154 ./Core/Src/pb_decode.o
 .text.pb_decode_varint32
                0x0000000008003098       0x1e ./Core/Src/pb_decode.o
                0x0000000008003098                pb_decode_varint32
 *fill*         0x00000000080030b6        0x2 
 .text.pb_decode_varint
                0x00000000080030b8       0xcc ./Core/Src/pb_decode.o
                0x00000000080030b8                pb_decode_varint
 .text.pb_skip_varint
                0x0000000008003184       0x38 ./Core/Src/pb_decode.o
 .text.pb_skip_string
                0x00000000080031bc       0x3a ./Core/Src/pb_decode.o
 .text.pb_decode_tag
                0x00000000080031f6       0x5e ./Core/Src/pb_decode.o
                0x00000000080031f6                pb_decode_tag
 .text.pb_skip_field
                0x0000000008003254       0x84 ./Core/Src/pb_decode.o
                0x0000000008003254                pb_skip_field
 .text.read_raw_value
                0x00000000080032d8       0xd8 ./Core/Src/pb_decode.o
 .text.pb_make_string_substream
                0x00000000080033b0       0x74 ./Core/Src/pb_decode.o
                0x00000000080033b0                pb_make_string_substream
 .text.pb_close_string_substream
                0x0000000008003424       0x4a ./Core/Src/pb_decode.o
                0x0000000008003424                pb_close_string_substream
 *fill*         0x000000000800346e        0x2 
 .text.decode_basic_field
                0x0000000008003470      0x1ec ./Core/Src/pb_decode.o
 .text.decode_static_field
                0x000000000800365c      0x280 ./Core/Src/pb_decode.o
 .text.decode_pointer_field
                0x00000000080038dc       0x34 ./Core/Src/pb_decode.o
 .text.decode_callback_field
                0x0000000008003910      0x114 ./Core/Src/pb_decode.o
 .text.decode_field
                0x0000000008003a24       0x7c ./Core/Src/pb_decode.o
 .text.default_extension_decoder
                0x0000000008003aa0       0x74 ./Core/Src/pb_decode.o
 .text.decode_extension
                0x0000000008003b14       0x78 ./Core/Src/pb_decode.o
 .text.pb_field_set_to_default
                0x0000000008003b8c      0x182 ./Core/Src/pb_decode.o
 .text.pb_message_set_to_defaults
                0x0000000008003d0e       0xfa ./Core/Src/pb_decode.o
 .text.pb_decode_inner
                0x0000000008003e08      0x374 ./Core/Src/pb_decode.o
 .text.pb_decode
                0x000000000800417c       0x26 ./Core/Src/pb_decode.o
                0x000000000800417c                pb_decode
 .text.pb_decode_bool
                0x00000000080041a2       0x40 ./Core/Src/pb_decode.o
                0x00000000080041a2                pb_decode_bool
 .text.pb_decode_svarint
                0x00000000080041e2       0x86 ./Core/Src/pb_decode.o
                0x00000000080041e2                pb_decode_svarint
 .text.pb_decode_fixed32
                0x0000000008004268       0x38 ./Core/Src/pb_decode.o
                0x0000000008004268                pb_decode_fixed32
 .text.pb_decode_fixed64
                0x00000000080042a0       0x3c ./Core/Src/pb_decode.o
                0x00000000080042a0                pb_decode_fixed64
 .text.pb_dec_bool
                0x00000000080042dc       0x20 ./Core/Src/pb_decode.o
 .text.pb_dec_varint
                0x00000000080042fc      0x258 ./Core/Src/pb_decode.o
 .text.pb_dec_bytes
                0x0000000008004554       0xe8 ./Core/Src/pb_decode.o
 .text.pb_dec_string
                0x000000000800463c       0xf8 ./Core/Src/pb_decode.o
 .text.pb_dec_submessage
                0x0000000008004734      0x114 ./Core/Src/pb_decode.o
 .text.pb_dec_fixed_length_bytes
                0x0000000008004848       0xa8 ./Core/Src/pb_decode.o
 .text.HAL_MspInit
                0x00000000080048f0       0x48 ./Core/Src/stm32g4xx_hal_msp.o
                0x00000000080048f0                HAL_MspInit
 .text.HAL_FDCAN_MspInit
                0x0000000008004938       0xc4 ./Core/Src/stm32g4xx_hal_msp.o
                0x0000000008004938                HAL_FDCAN_MspInit
 .text.HAL_TIM_Base_MspInit
                0x00000000080049fc       0x9c ./Core/Src/stm32g4xx_hal_msp.o
                0x00000000080049fc                HAL_TIM_Base_MspInit
 .text.HAL_TIM_PWM_MspInit
                0x0000000008004a98       0x40 ./Core/Src/stm32g4xx_hal_msp.o
                0x0000000008004a98                HAL_TIM_PWM_MspInit
 .text.HAL_TIM_MspPostInit
                0x0000000008004ad8      0x104 ./Core/Src/stm32g4xx_hal_msp.o
                0x0000000008004ad8                HAL_TIM_MspPostInit
 .text.NMI_Handler
                0x0000000008004bdc        0x6 ./Core/Src/stm32g4xx_it.o
                0x0000000008004bdc                NMI_Handler
 .text.HardFault_Handler
                0x0000000008004be2        0x6 ./Core/Src/stm32g4xx_it.o
                0x0000000008004be2                HardFault_Handler
 .text.MemManage_Handler
                0x0000000008004be8        0x6 ./Core/Src/stm32g4xx_it.o
                0x0000000008004be8                MemManage_Handler
 .text.BusFault_Handler
                0x0000000008004bee        0x6 ./Core/Src/stm32g4xx_it.o
                0x0000000008004bee                BusFault_Handler
 .text.UsageFault_Handler
                0x0000000008004bf4        0x6 ./Core/Src/stm32g4xx_it.o
                0x0000000008004bf4                UsageFault_Handler
 .text.SVC_Handler
                0x0000000008004bfa        0xe ./Core/Src/stm32g4xx_it.o
                0x0000000008004bfa                SVC_Handler
 .text.DebugMon_Handler
                0x0000000008004c08        0xe ./Core/Src/stm32g4xx_it.o
                0x0000000008004c08                DebugMon_Handler
 .text.PendSV_Handler
                0x0000000008004c16        0xe ./Core/Src/stm32g4xx_it.o
                0x0000000008004c16                PendSV_Handler
 .text.SysTick_Handler
                0x0000000008004c24        0xc ./Core/Src/stm32g4xx_it.o
                0x0000000008004c24                SysTick_Handler
 .text.FDCAN1_IT0_IRQHandler
                0x0000000008004c30       0x14 ./Core/Src/stm32g4xx_it.o
                0x0000000008004c30                FDCAN1_IT0_IRQHandler
 .text.TIM6_DAC_IRQHandler
                0x0000000008004c44       0x14 ./Core/Src/stm32g4xx_it.o
                0x0000000008004c44                TIM6_DAC_IRQHandler
 .text._getpid  0x0000000008004c58       0x10 ./Core/Src/syscalls.o
                0x0000000008004c58                _getpid
 .text._kill    0x0000000008004c68       0x20 ./Core/Src/syscalls.o
                0x0000000008004c68                _kill
 .text._exit    0x0000000008004c88       0x14 ./Core/Src/syscalls.o
                0x0000000008004c88                _exit
 .text._read    0x0000000008004c9c       0x3a ./Core/Src/syscalls.o
                0x0000000008004c9c                _read
 .text._write   0x0000000008004cd6       0x38 ./Core/Src/syscalls.o
                0x0000000008004cd6                _write
 .text._close   0x0000000008004d0e       0x18 ./Core/Src/syscalls.o
                0x0000000008004d0e                _close
 .text._fstat   0x0000000008004d26       0x20 ./Core/Src/syscalls.o
                0x0000000008004d26                _fstat
 .text._isatty  0x0000000008004d46       0x16 ./Core/Src/syscalls.o
                0x0000000008004d46                _isatty
 .text._lseek   0x0000000008004d5c       0x1a ./Core/Src/syscalls.o
                0x0000000008004d5c                _lseek
 *fill*         0x0000000008004d76        0x2 
 .text._sbrk    0x0000000008004d78       0x6c ./Core/Src/sysmem.o
                0x0000000008004d78                _sbrk
 .text.SystemInit
                0x0000000008004de4       0x24 ./Core/Src/system_stm32g4xx.o
                0x0000000008004de4                SystemInit
 .text.Reset_Handler
                0x0000000008004e08       0x50 ./Core/Startup/startup_stm32g431kbtx.o
                0x0000000008004e08                Reset_Handler
 .text.Default_Handler
                0x0000000008004e58        0x2 ./Core/Startup/startup_stm32g431kbtx.o
                0x0000000008004e58                RTC_Alarm_IRQHandler
                0x0000000008004e58                EXTI2_IRQHandler
                0x0000000008004e58                TIM8_TRG_COM_IRQHandler
                0x0000000008004e58                TIM8_CC_IRQHandler
                0x0000000008004e58                TIM1_CC_IRQHandler
                0x0000000008004e58                USB_HP_IRQHandler
                0x0000000008004e58                CORDIC_IRQHandler
                0x0000000008004e58                EXTI3_IRQHandler
                0x0000000008004e58                I2C3_ER_IRQHandler
                0x0000000008004e58                EXTI0_IRQHandler
                0x0000000008004e58                I2C2_EV_IRQHandler
                0x0000000008004e58                FPU_IRQHandler
                0x0000000008004e58                FDCAN1_IT1_IRQHandler
                0x0000000008004e58                TIM1_UP_TIM16_IRQHandler
                0x0000000008004e58                ADC1_2_IRQHandler
                0x0000000008004e58                SPI1_IRQHandler
                0x0000000008004e58                TIM8_UP_IRQHandler
                0x0000000008004e58                DMA2_Channel2_IRQHandler
                0x0000000008004e58                DMA1_Channel4_IRQHandler
                0x0000000008004e58                USART3_IRQHandler
                0x0000000008004e58                TIM4_IRQHandler
                0x0000000008004e58                DMA2_Channel1_IRQHandler
                0x0000000008004e58                I2C1_EV_IRQHandler
                0x0000000008004e58                DMA1_Channel6_IRQHandler
                0x0000000008004e58                UART4_IRQHandler
                0x0000000008004e58                DMA2_Channel4_IRQHandler
                0x0000000008004e58                TIM3_IRQHandler
                0x0000000008004e58                RCC_IRQHandler
                0x0000000008004e58                DMA1_Channel1_IRQHandler
                0x0000000008004e58                Default_Handler
                0x0000000008004e58                RTC_TAMP_LSECSS_IRQHandler
                0x0000000008004e58                FMAC_IRQHandler
                0x0000000008004e58                EXTI15_10_IRQHandler
                0x0000000008004e58                TIM7_IRQHandler
                0x0000000008004e58                UCPD1_IRQHandler
                0x0000000008004e58                I2C3_EV_IRQHandler
                0x0000000008004e58                EXTI9_5_IRQHandler
                0x0000000008004e58                RTC_WKUP_IRQHandler
                0x0000000008004e58                PVD_PVM_IRQHandler
                0x0000000008004e58                SPI2_IRQHandler
                0x0000000008004e58                DMA2_Channel5_IRQHandler
                0x0000000008004e58                CRS_IRQHandler
                0x0000000008004e58                DMA1_Channel5_IRQHandler
                0x0000000008004e58                USB_LP_IRQHandler
                0x0000000008004e58                EXTI4_IRQHandler
                0x0000000008004e58                RNG_IRQHandler
                0x0000000008004e58                TIM1_TRG_COM_TIM17_IRQHandler
                0x0000000008004e58                DMA1_Channel3_IRQHandler
                0x0000000008004e58                WWDG_IRQHandler
                0x0000000008004e58                LPUART1_IRQHandler
                0x0000000008004e58                DMA2_Channel6_IRQHandler
                0x0000000008004e58                TIM2_IRQHandler
                0x0000000008004e58                COMP1_2_3_IRQHandler
                0x0000000008004e58                EXTI1_IRQHandler
                0x0000000008004e58                USART2_IRQHandler
                0x0000000008004e58                I2C2_ER_IRQHandler
                0x0000000008004e58                DMA1_Channel2_IRQHandler
                0x0000000008004e58                TIM8_BRK_IRQHandler
                0x0000000008004e58                FLASH_IRQHandler
                0x0000000008004e58                USART1_IRQHandler
                0x0000000008004e58                SPI3_IRQHandler
                0x0000000008004e58                I2C1_ER_IRQHandler
                0x0000000008004e58                LPTIM1_IRQHandler
                0x0000000008004e58                DMAMUX_OVR_IRQHandler
                0x0000000008004e58                USBWakeUp_IRQHandler
                0x0000000008004e58                SAI1_IRQHandler
                0x0000000008004e58                DMA2_Channel3_IRQHandler
                0x0000000008004e58                COMP4_IRQHandler
                0x0000000008004e58                TIM1_BRK_TIM15_IRQHandler
 .text.HAL_Init
                0x0000000008004e5a       0x30 ./Drivers/STM32G4xx_HAL_Driver/Src/stm32g4xx_hal.o
                0x0000000008004e5a                HAL_Init
 *fill*         0x0000000008004e8a        0x2 
 .text.HAL_InitTick
                0x0000000008004e8c       0x74 ./Drivers/STM32G4xx_HAL_Driver/Src/stm32g4xx_hal.o
                0x0000000008004e8c                HAL_InitTick
 .text.HAL_IncTick
                0x0000000008004f00       0x24 ./Drivers/STM32G4xx_HAL_Driver/Src/stm32g4xx_hal.o
                0x0000000008004f00                HAL_IncTick
 .text.HAL_GetTick
                0x0000000008004f24       0x18 ./Drivers/STM32G4xx_HAL_Driver/Src/stm32g4xx_hal.o
                0x0000000008004f24                HAL_GetTick
 .text.__NVIC_SetPriorityGrouping
                0x0000000008004f3c       0x48 ./Drivers/STM32G4xx_HAL_Driver/Src/stm32g4xx_hal_cortex.o
 .text.__NVIC_GetPriorityGrouping
                0x0000000008004f84       0x1c ./Drivers/STM32G4xx_HAL_Driver/Src/stm32g4xx_hal_cortex.o
 .text.__NVIC_EnableIRQ
                0x0000000008004fa0       0x3c ./Drivers/STM32G4xx_HAL_Driver/Src/stm32g4xx_hal_cortex.o
 .text.__NVIC_SetPriority
                0x0000000008004fdc       0x54 ./Drivers/STM32G4xx_HAL_Driver/Src/stm32g4xx_hal_cortex.o
 .text.NVIC_EncodePriority
                0x0000000008005030       0x66 ./Drivers/STM32G4xx_HAL_Driver/Src/stm32g4xx_hal_cortex.o
 *fill*         0x0000000008005096        0x2 
 .text.SysTick_Config
                0x0000000008005098       0x44 ./Drivers/STM32G4xx_HAL_Driver/Src/stm32g4xx_hal_cortex.o
 .text.HAL_NVIC_SetPriorityGrouping
                0x00000000080050dc       0x16 ./Drivers/STM32G4xx_HAL_Driver/Src/stm32g4xx_hal_cortex.o
                0x00000000080050dc                HAL_NVIC_SetPriorityGrouping
 .text.HAL_NVIC_SetPriority
                0x00000000080050f2       0x34 ./Drivers/STM32G4xx_HAL_Driver/Src/stm32g4xx_hal_cortex.o
                0x00000000080050f2                HAL_NVIC_SetPriority
 .text.HAL_NVIC_EnableIRQ
                0x0000000008005126       0x1c ./Drivers/STM32G4xx_HAL_Driver/Src/stm32g4xx_hal_cortex.o
                0x0000000008005126                HAL_NVIC_EnableIRQ
 .text.HAL_SYSTICK_Config
                0x0000000008005142       0x18 ./Drivers/STM32G4xx_HAL_Driver/Src/stm32g4xx_hal_cortex.o
                0x0000000008005142                HAL_SYSTICK_Config
 *fill*         0x000000000800515a        0x2 
 .text.HAL_FDCAN_Init
                0x000000000800515c      0x2b4 ./Drivers/STM32G4xx_HAL_Driver/Src/stm32g4xx_hal_fdcan.o
                0x000000000800515c                HAL_FDCAN_Init
 .text.HAL_FDCAN_Start
                0x0000000008005410       0x50 ./Drivers/STM32G4xx_HAL_Driver/Src/stm32g4xx_hal_fdcan.o
                0x0000000008005410                HAL_FDCAN_Start
 .text.HAL_FDCAN_GetRxMessage
                0x0000000008005460      0x210 ./Drivers/STM32G4xx_HAL_Driver/Src/stm32g4xx_hal_fdcan.o
                0x0000000008005460                HAL_FDCAN_GetRxMessage
 .text.HAL_FDCAN_ActivateNotification
                0x0000000008005670      0x1cc ./Drivers/STM32G4xx_HAL_Driver/Src/stm32g4xx_hal_fdcan.o
                0x0000000008005670                HAL_FDCAN_ActivateNotification
 .text.HAL_FDCAN_IRQHandler
                0x000000000800583c      0x24a ./Drivers/STM32G4xx_HAL_Driver/Src/stm32g4xx_hal_fdcan.o
                0x000000000800583c                HAL_FDCAN_IRQHandler
 .text.HAL_FDCAN_TxEventFifoCallback
                0x0000000008005a86       0x16 ./Drivers/STM32G4xx_HAL_Driver/Src/stm32g4xx_hal_fdcan.o
                0x0000000008005a86                HAL_FDCAN_TxEventFifoCallback
 .text.HAL_FDCAN_RxFifo1Callback
                0x0000000008005a9c       0x16 ./Drivers/STM32G4xx_HAL_Driver/Src/stm32g4xx_hal_fdcan.o
                0x0000000008005a9c                HAL_FDCAN_RxFifo1Callback
 .text.HAL_FDCAN_TxFifoEmptyCallback
                0x0000000008005ab2       0x14 ./Drivers/STM32G4xx_HAL_Driver/Src/stm32g4xx_hal_fdcan.o
                0x0000000008005ab2                HAL_FDCAN_TxFifoEmptyCallback
 .text.HAL_FDCAN_TxBufferCompleteCallback
                0x0000000008005ac6       0x16 ./Drivers/STM32G4xx_HAL_Driver/Src/stm32g4xx_hal_fdcan.o
                0x0000000008005ac6                HAL_FDCAN_TxBufferCompleteCallback
 .text.HAL_FDCAN_TxBufferAbortCallback
                0x0000000008005adc       0x16 ./Drivers/STM32G4xx_HAL_Driver/Src/stm32g4xx_hal_fdcan.o
                0x0000000008005adc                HAL_FDCAN_TxBufferAbortCallback
 .text.HAL_FDCAN_TimestampWraparoundCallback
                0x0000000008005af2       0x14 ./Drivers/STM32G4xx_HAL_Driver/Src/stm32g4xx_hal_fdcan.o
                0x0000000008005af2                HAL_FDCAN_TimestampWraparoundCallback
 .text.HAL_FDCAN_TimeoutOccurredCallback
                0x0000000008005b06       0x14 ./Drivers/STM32G4xx_HAL_Driver/Src/stm32g4xx_hal_fdcan.o
                0x0000000008005b06                HAL_FDCAN_TimeoutOccurredCallback
 .text.HAL_FDCAN_HighPriorityMessageCallback
                0x0000000008005b1a       0x14 ./Drivers/STM32G4xx_HAL_Driver/Src/stm32g4xx_hal_fdcan.o
                0x0000000008005b1a                HAL_FDCAN_HighPriorityMessageCallback
 .text.HAL_FDCAN_ErrorCallback
                0x0000000008005b2e       0x14 ./Drivers/STM32G4xx_HAL_Driver/Src/stm32g4xx_hal_fdcan.o
                0x0000000008005b2e                HAL_FDCAN_ErrorCallback
 .text.HAL_FDCAN_ErrorStatusCallback
                0x0000000008005b42       0x16 ./Drivers/STM32G4xx_HAL_Driver/Src/stm32g4xx_hal_fdcan.o
                0x0000000008005b42                HAL_FDCAN_ErrorStatusCallback
 .text.FDCAN_CalcultateRamBlockAddresses
                0x0000000008005b58       0xac ./Drivers/STM32G4xx_HAL_Driver/Src/stm32g4xx_hal_fdcan.o
 .text.HAL_GPIO_Init
                0x0000000008005c04      0x304 ./Drivers/STM32G4xx_HAL_Driver/Src/stm32g4xx_hal_gpio.o
                0x0000000008005c04                HAL_GPIO_Init
 .text.HAL_GPIO_WritePin
                0x0000000008005f08       0x30 ./Drivers/STM32G4xx_HAL_Driver/Src/stm32g4xx_hal_gpio.o
                0x0000000008005f08                HAL_GPIO_WritePin
 .text.HAL_PWREx_ControlVoltageScaling
                0x0000000008005f38      0x148 ./Drivers/STM32G4xx_HAL_Driver/Src/stm32g4xx_hal_pwr_ex.o
                0x0000000008005f38                HAL_PWREx_ControlVoltageScaling
 .text.HAL_PWREx_DisableUCPDDeadBattery
                0x0000000008006080       0x20 ./Drivers/STM32G4xx_HAL_Driver/Src/stm32g4xx_hal_pwr_ex.o
                0x0000000008006080                HAL_PWREx_DisableUCPDDeadBattery
 .text.HAL_RCC_OscConfig
                0x00000000080060a0      0x624 ./Drivers/STM32G4xx_HAL_Driver/Src/stm32g4xx_hal_rcc.o
                0x00000000080060a0                HAL_RCC_OscConfig
 .text.HAL_RCC_ClockConfig
                0x00000000080066c4      0x278 ./Drivers/STM32G4xx_HAL_Driver/Src/stm32g4xx_hal_rcc.o
                0x00000000080066c4                HAL_RCC_ClockConfig
 .text.HAL_RCC_GetSysClockFreq
                0x000000000800693c       0xc4 ./Drivers/STM32G4xx_HAL_Driver/Src/stm32g4xx_hal_rcc.o
                0x000000000800693c                HAL_RCC_GetSysClockFreq
 .text.RCC_GetSysClockFreqFromPLLSource
                0x0000000008006a00       0x8c ./Drivers/STM32G4xx_HAL_Driver/Src/stm32g4xx_hal_rcc.o
 .text.HAL_RCCEx_PeriphCLKConfig
                0x0000000008006a8c      0x3e0 ./Drivers/STM32G4xx_HAL_Driver/Src/stm32g4xx_hal_rcc_ex.o
                0x0000000008006a8c                HAL_RCCEx_PeriphCLKConfig
 .text.HAL_TIM_Base_Init
                0x0000000008006e6c       0xae ./Drivers/STM32G4xx_HAL_Driver/Src/stm32g4xx_hal_tim.o
                0x0000000008006e6c                HAL_TIM_Base_Init
 *fill*         0x0000000008006f1a        0x2 
 .text.HAL_TIM_Base_Start_IT
                0x0000000008006f1c       0xd4 ./Drivers/STM32G4xx_HAL_Driver/Src/stm32g4xx_hal_tim.o
                0x0000000008006f1c                HAL_TIM_Base_Start_IT
 .text.HAL_TIM_PWM_Init
                0x0000000008006ff0       0xae ./Drivers/STM32G4xx_HAL_Driver/Src/stm32g4xx_hal_tim.o
                0x0000000008006ff0                HAL_TIM_PWM_Init
 *fill*         0x000000000800709e        0x2 
 .text.HAL_TIM_PWM_Start
                0x00000000080070a0      0x200 ./Drivers/STM32G4xx_HAL_Driver/Src/stm32g4xx_hal_tim.o
                0x00000000080070a0                HAL_TIM_PWM_Start
 .text.HAL_TIM_IRQHandler
                0x00000000080072a0      0x29e ./Drivers/STM32G4xx_HAL_Driver/Src/stm32g4xx_hal_tim.o
                0x00000000080072a0                HAL_TIM_IRQHandler
 *fill*         0x000000000800753e        0x2 
 .text.HAL_TIM_PWM_ConfigChannel
                0x0000000008007540      0x228 ./Drivers/STM32G4xx_HAL_Driver/Src/stm32g4xx_hal_tim.o
                0x0000000008007540                HAL_TIM_PWM_ConfigChannel
 .text.HAL_TIM_ConfigClockSource
                0x0000000008007768      0x1f4 ./Drivers/STM32G4xx_HAL_Driver/Src/stm32g4xx_hal_tim.o
                0x0000000008007768                HAL_TIM_ConfigClockSource
 .text.HAL_TIM_OC_DelayElapsedCallback
                0x000000000800795c       0x14 ./Drivers/STM32G4xx_HAL_Driver/Src/stm32g4xx_hal_tim.o
                0x000000000800795c                HAL_TIM_OC_DelayElapsedCallback
 .text.HAL_TIM_IC_CaptureCallback
                0x0000000008007970       0x14 ./Drivers/STM32G4xx_HAL_Driver/Src/stm32g4xx_hal_tim.o
                0x0000000008007970                HAL_TIM_IC_CaptureCallback
 .text.HAL_TIM_PWM_PulseFinishedCallback
                0x0000000008007984       0x14 ./Drivers/STM32G4xx_HAL_Driver/Src/stm32g4xx_hal_tim.o
                0x0000000008007984                HAL_TIM_PWM_PulseFinishedCallback
 .text.HAL_TIM_TriggerCallback
                0x0000000008007998       0x14 ./Drivers/STM32G4xx_HAL_Driver/Src/stm32g4xx_hal_tim.o
                0x0000000008007998                HAL_TIM_TriggerCallback
 .text.TIM_Base_SetConfig
                0x00000000080079ac      0x138 ./Drivers/STM32G4xx_HAL_Driver/Src/stm32g4xx_hal_tim.o
                0x00000000080079ac                TIM_Base_SetConfig
 .text.TIM_OC1_SetConfig
                0x0000000008007ae4      0x120 ./Drivers/STM32G4xx_HAL_Driver/Src/stm32g4xx_hal_tim.o
 .text.TIM_OC2_SetConfig
                0x0000000008007c04      0x114 ./Drivers/STM32G4xx_HAL_Driver/Src/stm32g4xx_hal_tim.o
                0x0000000008007c04                TIM_OC2_SetConfig
 .text.TIM_OC3_SetConfig
                0x0000000008007d18      0x110 ./Drivers/STM32G4xx_HAL_Driver/Src/stm32g4xx_hal_tim.o
 .text.TIM_OC4_SetConfig
                0x0000000008007e28      0x114 ./Drivers/STM32G4xx_HAL_Driver/Src/stm32g4xx_hal_tim.o
 .text.TIM_OC5_SetConfig
                0x0000000008007f3c       0xc8 ./Drivers/STM32G4xx_HAL_Driver/Src/stm32g4xx_hal_tim.o
 .text.TIM_OC6_SetConfig
                0x0000000008008004       0xcc ./Drivers/STM32G4xx_HAL_Driver/Src/stm32g4xx_hal_tim.o
 .text.TIM_TI1_ConfigInputStage
                0x00000000080080d0       0x5e ./Drivers/STM32G4xx_HAL_Driver/Src/stm32g4xx_hal_tim.o
 .text.TIM_TI2_ConfigInputStage
                0x000000000800812e       0x60 ./Drivers/STM32G4xx_HAL_Driver/Src/stm32g4xx_hal_tim.o
 .text.TIM_ITRx_SetConfig
                0x000000000800818e       0x3a ./Drivers/STM32G4xx_HAL_Driver/Src/stm32g4xx_hal_tim.o
 .text.TIM_ETR_SetConfig
                0x00000000080081c8       0x40 ./Drivers/STM32G4xx_HAL_Driver/Src/stm32g4xx_hal_tim.o
                0x00000000080081c8                TIM_ETR_SetConfig
 .text.TIM_CCxChannelCmd
                0x0000000008008208       0x4a ./Drivers/STM32G4xx_HAL_Driver/Src/stm32g4xx_hal_tim.o
                0x0000000008008208                TIM_CCxChannelCmd
 *fill*         0x0000000008008252        0x2 
 .text.HAL_TIMEx_MasterConfigSynchronization
                0x0000000008008254      0x104 ./Drivers/STM32G4xx_HAL_Driver/Src/stm32g4xx_hal_tim_ex.o
                0x0000000008008254                HAL_TIMEx_MasterConfigSynchronization
 .text.HAL_TIMEx_ConfigBreakDeadTime
                0x0000000008008358      0x118 ./Drivers/STM32G4xx_HAL_Driver/Src/stm32g4xx_hal_tim_ex.o
                0x0000000008008358                HAL_TIMEx_ConfigBreakDeadTime
 .text.HAL_TIMEx_CommutCallback
                0x0000000008008470       0x14 ./Drivers/STM32G4xx_HAL_Driver/Src/stm32g4xx_hal_tim_ex.o
                0x0000000008008470                HAL_TIMEx_CommutCallback
 .text.HAL_TIMEx_BreakCallback
                0x0000000008008484       0x14 ./Drivers/STM32G4xx_HAL_Driver/Src/stm32g4xx_hal_tim_ex.o
                0x0000000008008484                HAL_TIMEx_BreakCallback
 .text.HAL_TIMEx_Break2Callback
                0x0000000008008498       0x14 ./Drivers/STM32G4xx_HAL_Driver/Src/stm32g4xx_hal_tim_ex.o
                0x0000000008008498                HAL_TIMEx_Break2Callback
 .text.HAL_TIMEx_EncoderIndexCallback
                0x00000000080084ac       0x14 ./Drivers/STM32G4xx_HAL_Driver/Src/stm32g4xx_hal_tim_ex.o
                0x00000000080084ac                HAL_TIMEx_EncoderIndexCallback
 .text.HAL_TIMEx_DirectionChangeCallback
                0x00000000080084c0       0x14 ./Drivers/STM32G4xx_HAL_Driver/Src/stm32g4xx_hal_tim_ex.o
                0x00000000080084c0                HAL_TIMEx_DirectionChangeCallback
 .text.HAL_TIMEx_IndexErrorCallback
                0x00000000080084d4       0x14 ./Drivers/STM32G4xx_HAL_Driver/Src/stm32g4xx_hal_tim_ex.o
                0x00000000080084d4                HAL_TIMEx_IndexErrorCallback
 .text.HAL_TIMEx_TransitionErrorCallback
                0x00000000080084e8       0x14 ./Drivers/STM32G4xx_HAL_Driver/Src/stm32g4xx_hal_tim_ex.o
                0x00000000080084e8                HAL_TIMEx_TransitionErrorCallback
 .text._ZdlPvj  0x00000000080084fc        0x4 /opt/st/stm32cubeide_1.14.0/plugins/com.st.stm32cube.ide.mcu.externaltools.gnu-tools-for-stm32.11.3.rel1.linux64_1.1.100.202309141235/tools/bin/../lib/gcc/arm-none-eabi/11.3.1/../../../../arm-none-eabi/lib/thumb/v7e-m+fp/hard/libstdc++_nano.a(del_ops.o)
                0x00000000080084fc                operator delete(void*, unsigned int)
 .text._ZNSaIcEC2Ev
                0x0000000008008500        0x2 /opt/st/stm32cubeide_1.14.0/plugins/com.st.stm32cube.ide.mcu.externaltools.gnu-tools-for-stm32.11.3.rel1.linux64_1.1.100.202309141235/tools/bin/../lib/gcc/arm-none-eabi/11.3.1/../../../../arm-none-eabi/lib/thumb/v7e-m+fp/hard/libstdc++_nano.a(allocator-inst.o)
                0x0000000008008500                std::allocator<char>::allocator()
                0x0000000008008500                std::allocator<char>::allocator()
 .text._ZNSaIcED2Ev
                0x0000000008008502        0x2 /opt/st/stm32cubeide_1.14.0/plugins/com.st.stm32cube.ide.mcu.externaltools.gnu-tools-for-stm32.11.3.rel1.linux64_1.1.100.202309141235/tools/bin/../lib/gcc/arm-none-eabi/11.3.1/../../../../arm-none-eabi/lib/thumb/v7e-m+fp/hard/libstdc++_nano.a(allocator-inst.o)
                0x0000000008008502                std::allocator<char>::~allocator()
                0x0000000008008502                std::allocator<char>::~allocator()
 .text._ZNSt11char_traitsIcE4copyEPcPKcj.isra.0
                0x0000000008008504        0x8 /opt/st/stm32cubeide_1.14.0/plugins/com.st.stm32cube.ide.mcu.externaltools.gnu-tools-for-stm32.11.3.rel1.linux64_1.1.100.202309141235/tools/bin/../lib/gcc/arm-none-eabi/11.3.1/../../../../arm-none-eabi/lib/thumb/v7e-m+fp/hard/libstdc++_nano.a(string-inst.o)
 .text._ZNSt7__cxx1112basic_stringIcSt11char_traitsIcESaIcEE9_M_createERjj
                0x000000000800850c       0x44 /opt/st/stm32cubeide_1.14.0/plugins/com.st.stm32cube.ide.mcu.externaltools.gnu-tools-for-stm32.11.3.rel1.linux64_1.1.100.202309141235/tools/bin/../lib/gcc/arm-none-eabi/11.3.1/../../../../arm-none-eabi/lib/thumb/v7e-m+fp/hard/libstdc++_nano.a(string-inst.o)
                0x000000000800850c                std::__cxx11::basic_string<char, std::char_traits<char>, std::allocator<char> >::_M_create(unsigned int&, unsigned int)
 .text._ZNSt7__cxx1112basic_stringIcSt11char_traitsIcESaIcEE10_M_disposeEv
                0x0000000008008550       0x10 /opt/st/stm32cubeide_1.14.0/plugins/com.st.stm32cube.ide.mcu.externaltools.gnu-tools-for-stm32.11.3.rel1.linux64_1.1.100.202309141235/tools/bin/../lib/gcc/arm-none-eabi/11.3.1/../../../../arm-none-eabi/lib/thumb/v7e-m+fp/hard/libstdc++_nano.a(string-inst.o)
                0x0000000008008550                std::__cxx11::basic_string<char, std::char_traits<char>, std::allocator<char> >::_M_dispose()
 .text._ZNSt7__cxx1112basic_stringIcSt11char_traitsIcESaIcEE7_S_copyEPcPKcj
                0x0000000008008560       0x18 /opt/st/stm32cubeide_1.14.0/plugins/com.st.stm32cube.ide.mcu.externaltools.gnu-tools-for-stm32.11.3.rel1.linux64_1.1.100.202309141235/tools/bin/../lib/gcc/arm-none-eabi/11.3.1/../../../../arm-none-eabi/lib/thumb/v7e-m+fp/hard/libstdc++_nano.a(string-inst.o)
                0x0000000008008560                std::__cxx11::basic_string<char, std::char_traits<char>, std::allocator<char> >::_S_copy(char*, char const*, unsigned int)
 .text._ZNSt7__cxx1112basic_stringIcSt11char_traitsIcESaIcEE13_S_copy_charsEPcS5_S5_
                0x0000000008008578        0xa /opt/st/stm32cubeide_1.14.0/plugins/com.st.stm32cube.ide.mcu.externaltools.gnu-tools-for-stm32.11.3.rel1.linux64_1.1.100.202309141235/tools/bin/../lib/gcc/arm-none-eabi/11.3.1/../../../../arm-none-eabi/lib/thumb/v7e-m+fp/hard/libstdc++_nano.a(string-inst.o)
                0x0000000008008578                std::__cxx11::basic_string<char, std::char_traits<char>, std::allocator<char> >::_S_copy_chars(char*, char*, char*)
 .text._ZNSt7__cxx1112basic_stringIcSt11char_traitsIcESaIcEE13_S_copy_charsEPcPKcS7_
                0x0000000008008582        0xa /opt/st/stm32cubeide_1.14.0/plugins/com.st.stm32cube.ide.mcu.externaltools.gnu-tools-for-stm32.11.3.rel1.linux64_1.1.100.202309141235/tools/bin/../lib/gcc/arm-none-eabi/11.3.1/../../../../arm-none-eabi/lib/thumb/v7e-m+fp/hard/libstdc++_nano.a(string-inst.o)
                0x0000000008008582                std::__cxx11::basic_string<char, std::char_traits<char>, std::allocator<char> >::_S_copy_chars(char*, char const*, char const*)
 .text._ZNSt7__cxx1112basic_stringIcSt11char_traitsIcESaIcEE9_M_assignERKS4_
                0x000000000800858c       0x4c /opt/st/stm32cubeide_1.14.0/plugins/com.st.stm32cube.ide.mcu.externaltools.gnu-tools-for-stm32.11.3.rel1.linux64_1.1.100.202309141235/tools/bin/../lib/gcc/arm-none-eabi/11.3.1/../../../../arm-none-eabi/lib/thumb/v7e-m+fp/hard/libstdc++_nano.a(string-inst.o)
                0x000000000800858c                std::__cxx11::basic_string<char, std::char_traits<char>, std::allocator<char> >::_M_assign(std::__cxx11::basic_string<char, std::char_traits<char>, std::allocator<char> > const&)
 .text._ZNSt7__cxx1112basic_stringIcSt11char_traitsIcESaIcEE9_M_mutateEjjPKcj
                0x00000000080085d8       0x78 /opt/st/stm32cubeide_1.14.0/plugins/com.st.stm32cube.ide.mcu.externaltools.gnu-tools-for-stm32.11.3.rel1.linux64_1.1.100.202309141235/tools/bin/../lib/gcc/arm-none-eabi/11.3.1/../../../../arm-none-eabi/lib/thumb/v7e-m+fp/hard/libstdc++_nano.a(string-inst.o)
                0x00000000080085d8                std::__cxx11::basic_string<char, std::char_traits<char>, std::allocator<char> >::_M_mutate(unsigned int, unsigned int, char const*, unsigned int)
 .text._ZNSt7__cxx1112basic_stringIcSt11char_traitsIcESaIcEEC2Ev
                0x0000000008008650        0xe /opt/st/stm32cubeide_1.14.0/plugins/com.st.stm32cube.ide.mcu.externaltools.gnu-tools-for-stm32.11.3.rel1.linux64_1.1.100.202309141235/tools/bin/../lib/gcc/arm-none-eabi/11.3.1/../../../../arm-none-eabi/lib/thumb/v7e-m+fp/hard/libstdc++_nano.a(string-inst.o)
                0x0000000008008650                std::__cxx11::basic_string<char, std::char_traits<char>, std::allocator<char> >::basic_string()
                0x0000000008008650                std::__cxx11::basic_string<char, std::char_traits<char>, std::allocator<char> >::basic_string()
 .text._ZNSt7__cxx1112basic_stringIcSt11char_traitsIcESaIcEED2Ev
                0x000000000800865e        0xc /opt/st/stm32cubeide_1.14.0/plugins/com.st.stm32cube.ide.mcu.externaltools.gnu-tools-for-stm32.11.3.rel1.linux64_1.1.100.202309141235/tools/bin/../lib/gcc/arm-none-eabi/11.3.1/../../../../arm-none-eabi/lib/thumb/v7e-m+fp/hard/libstdc++_nano.a(string-inst.o)
                0x000000000800865e                std::__cxx11::basic_string<char, std::char_traits<char>, std::allocator<char> >::~basic_string()
                0x000000000800865e                std::__cxx11::basic_string<char, std::char_traits<char>, std::allocator<char> >::~basic_string()
 .text._ZNSt7__cxx1112basic_stringIcSt11char_traitsIcESaIcEEaSERKS4_
                0x000000000800866a        0xc /opt/st/stm32cubeide_1.14.0/plugins/com.st.stm32cube.ide.mcu.externaltools.gnu-tools-for-stm32.11.3.rel1.linux64_1.1.100.202309141235/tools/bin/../lib/gcc/arm-none-eabi/11.3.1/../../../../arm-none-eabi/lib/thumb/v7e-m+fp/hard/libstdc++_nano.a(string-inst.o)
                0x000000000800866a                std::__cxx11::basic_string<char, std::char_traits<char>, std::allocator<char> >::operator=(std::__cxx11::basic_string<char, std::char_traits<char>, std::allocator<char> > const&)
 .text._ZNSt7__cxx1112basic_stringIcSt11char_traitsIcESaIcEEaSEOS4_
                0x0000000008008676       0x56 /opt/st/stm32cubeide_1.14.0/plugins/com.st.stm32cube.ide.mcu.externaltools.gnu-tools-for-stm32.11.3.rel1.linux64_1.1.100.202309141235/tools/bin/../lib/gcc/arm-none-eabi/11.3.1/../../../../arm-none-eabi/lib/thumb/v7e-m+fp/hard/libstdc++_nano.a(string-inst.o)
                0x0000000008008676                std::__cxx11::basic_string<char, std::char_traits<char>, std::allocator<char> >::operator=(std::__cxx11::basic_string<char, std::char_traits<char>, std::allocator<char> >&&)
 .text._ZNKSt7__cxx1112basic_stringIcSt11char_traitsIcESaIcEE4sizeEv
                0x00000000080086cc        0x4 /opt/st/stm32cubeide_1.14.0/plugins/com.st.stm32cube.ide.mcu.externaltools.gnu-tools-for-stm32.11.3.rel1.linux64_1.1.100.202309141235/tools/bin/../lib/gcc/arm-none-eabi/11.3.1/../../../../arm-none-eabi/lib/thumb/v7e-m+fp/hard/libstdc++_nano.a(string-inst.o)
                0x00000000080086cc                std::__cxx11::basic_string<char, std::char_traits<char>, std::allocator<char> >::size() const
 .text._ZNSt7__cxx1112basic_stringIcSt11char_traitsIcESaIcEE9_M_appendEPKcj
                0x00000000080086d0       0x44 /opt/st/stm32cubeide_1.14.0/plugins/com.st.stm32cube.ide.mcu.externaltools.gnu-tools-for-stm32.11.3.rel1.linux64_1.1.100.202309141235/tools/bin/../lib/gcc/arm-none-eabi/11.3.1/../../../../arm-none-eabi/lib/thumb/v7e-m+fp/hard/libstdc++_nano.a(string-inst.o)
                0x00000000080086d0                std::__cxx11::basic_string<char, std::char_traits<char>, std::allocator<char> >::_M_append(char const*, unsigned int)
 .text._ZNSt7__cxx1112basic_stringIcSt11char_traitsIcESaIcEE6appendERKS4_
                0x0000000008008714        0xc /opt/st/stm32cubeide_1.14.0/plugins/com.st.stm32cube.ide.mcu.externaltools.gnu-tools-for-stm32.11.3.rel1.linux64_1.1.100.202309141235/tools/bin/../lib/gcc/arm-none-eabi/11.3.1/../../../../arm-none-eabi/lib/thumb/v7e-m+fp/hard/libstdc++_nano.a(string-inst.o)
                0x0000000008008714                std::__cxx11::basic_string<char, std::char_traits<char>, std::allocator<char> >::append(std::__cxx11::basic_string<char, std::char_traits<char>, std::allocator<char> > const&)
 .text._ZNSt7__cxx1112basic_stringIcSt11char_traitsIcESaIcEEpLERKS4_
                0x0000000008008720        0x8 /opt/st/stm32cubeide_1.14.0/plugins/com.st.stm32cube.ide.mcu.externaltools.gnu-tools-for-stm32.11.3.rel1.linux64_1.1.100.202309141235/tools/bin/../lib/gcc/arm-none-eabi/11.3.1/../../../../arm-none-eabi/lib/thumb/v7e-m+fp/hard/libstdc++_nano.a(string-inst.o)
                0x0000000008008720                std::__cxx11::basic_string<char, std::char_traits<char>, std::allocator<char> >::operator+=(std::__cxx11::basic_string<char, std::char_traits<char>, std::allocator<char> > const&)
 .text._ZNKSt7__cxx1112basic_stringIcSt11char_traitsIcESaIcEE5c_strEv
                0x0000000008008728        0x4 /opt/st/stm32cubeide_1.14.0/plugins/com.st.stm32cube.ide.mcu.externaltools.gnu-tools-for-stm32.11.3.rel1.linux64_1.1.100.202309141235/tools/bin/../lib/gcc/arm-none-eabi/11.3.1/../../../../arm-none-eabi/lib/thumb/v7e-m+fp/hard/libstdc++_nano.a(string-inst.o)
                0x0000000008008728                std::__cxx11::basic_string<char, std::char_traits<char>, std::allocator<char> >::c_str() const
 .text._ZNSt7__cxx1112basic_stringIcSt11char_traitsIcESaIcEE12_M_constructIPcEEvT_S7_St20forward_iterator_tag
                0x000000000800872c       0x48 /opt/st/stm32cubeide_1.14.0/plugins/com.st.stm32cube.ide.mcu.externaltools.gnu-tools-for-stm32.11.3.rel1.linux64_1.1.100.202309141235/tools/bin/../lib/gcc/arm-none-eabi/11.3.1/../../../../arm-none-eabi/lib/thumb/v7e-m+fp/hard/libstdc++_nano.a(string-inst.o)
                0x000000000800872c                void std::__cxx11::basic_string<char, std::char_traits<char>, std::allocator<char> >::_M_construct<char*>(char*, char*, std::forward_iterator_tag)
 .text._ZNSt7__cxx1112basic_stringIcSt11char_traitsIcESaIcEEC2ERKS4_
                0x0000000008008774       0x1e /opt/st/stm32cubeide_1.14.0/plugins/com.st.stm32cube.ide.mcu.externaltools.gnu-tools-for-stm32.11.3.rel1.linux64_1.1.100.202309141235/tools/bin/../lib/gcc/arm-none-eabi/11.3.1/../../../../arm-none-eabi/lib/thumb/v7e-m+fp/hard/libstdc++_nano.a(string-inst.o)
                0x0000000008008774                std::__cxx11::basic_string<char, std::char_traits<char>, std::allocator<char> >::basic_string(std::__cxx11::basic_string<char, std::char_traits<char>, std::allocator<char> > const&)
                0x0000000008008774                std::__cxx11::basic_string<char, std::char_traits<char>, std::allocator<char> >::basic_string(std::__cxx11::basic_string<char, std::char_traits<char>, std::allocator<char> > const&)
 *fill*         0x0000000008008792        0x2 
 .text._ZNSt7__cxx1112basic_stringIcSt11char_traitsIcESaIcEE12_M_constructIPKcEEvT_S8_St20forward_iterator_tag
                0x0000000008008794       0x48 /opt/st/stm32cubeide_1.14.0/plugins/com.st.stm32cube.ide.mcu.externaltools.gnu-tools-for-stm32.11.3.rel1.linux64_1.1.100.202309141235/tools/bin/../lib/gcc/arm-none-eabi/11.3.1/../../../../arm-none-eabi/lib/thumb/v7e-m+fp/hard/libstdc++_nano.a(string-inst.o)
                0x0000000008008794                void std::__cxx11::basic_string<char, std::char_traits<char>, std::allocator<char> >::_M_construct<char const*>(char const*, char const*, std::forward_iterator_tag)
 .text._ZNSt7__cxx1112basic_stringIcSt11char_traitsIcESaIcEEC2EPKcjRKS3_
                0x00000000080087dc       0x18 /opt/st/stm32cubeide_1.14.0/plugins/com.st.stm32cube.ide.mcu.externaltools.gnu-tools-for-stm32.11.3.rel1.linux64_1.1.100.202309141235/tools/bin/../lib/gcc/arm-none-eabi/11.3.1/../../../../arm-none-eabi/lib/thumb/v7e-m+fp/hard/libstdc++_nano.a(string-inst.o)
                0x00000000080087dc                std::__cxx11::basic_string<char, std::char_traits<char>, std::allocator<char> >::basic_string(char const*, unsigned int, std::allocator<char> const&)
                0x00000000080087dc                std::__cxx11::basic_string<char, std::char_traits<char>, std::allocator<char> >::basic_string(char const*, unsigned int, std::allocator<char> const&)
 .text._ZdlPv   0x00000000080087f4        0x4 /opt/st/stm32cubeide_1.14.0/plugins/com.st.stm32cube.ide.mcu.externaltools.gnu-tools-for-stm32.11.3.rel1.linux64_1.1.100.202309141235/tools/bin/../lib/gcc/arm-none-eabi/11.3.1/../../../../arm-none-eabi/lib/thumb/v7e-m+fp/hard/libstdc++_nano.a(del_op.o)
                0x00000000080087f4                operator delete(void*)
 .text._Znwj    0x00000000080087f8       0x22 /opt/st/stm32cubeide_1.14.0/plugins/com.st.stm32cube.ide.mcu.externaltools.gnu-tools-for-stm32.11.3.rel1.linux64_1.1.100.202309141235/tools/bin/../lib/gcc/arm-none-eabi/11.3.1/../../../../arm-none-eabi/lib/thumb/v7e-m+fp/hard/libstdc++_nano.a(new_op.o)
                0x00000000080087f8                operator new(unsigned int)
 .text.unlikely._ZSt17__throw_bad_allocv
                0x000000000800881a        0x6 /opt/st/stm32cubeide_1.14.0/plugins/com.st.stm32cube.ide.mcu.externaltools.gnu-tools-for-stm32.11.3.rel1.linux64_1.1.100.202309141235/tools/bin/../lib/gcc/arm-none-eabi/11.3.1/../../../../arm-none-eabi/lib/thumb/v7e-m+fp/hard/libstdc++_nano.a(functexcept.o)
                0x000000000800881a                std::__throw_bad_alloc()
 .text.unlikely._ZSt19__throw_logic_errorPKc
                0x0000000008008820        0x6 /opt/st/stm32cubeide_1.14.0/plugins/com.st.stm32cube.ide.mcu.externaltools.gnu-tools-for-stm32.11.3.rel1.linux64_1.1.100.202309141235/tools/bin/../lib/gcc/arm-none-eabi/11.3.1/../../../../arm-none-eabi/lib/thumb/v7e-m+fp/hard/libstdc++_nano.a(functexcept.o)
                0x0000000008008820                std::__throw_logic_error(char const*)
 .text.unlikely._ZSt20__throw_length_errorPKc
                0x0000000008008826        0x6 /opt/st/stm32cubeide_1.14.0/plugins/com.st.stm32cube.ide.mcu.externaltools.gnu-tools-for-stm32.11.3.rel1.linux64_1.1.100.202309141235/tools/bin/../lib/gcc/arm-none-eabi/11.3.1/../../../../arm-none-eabi/lib/thumb/v7e-m+fp/hard/libstdc++_nano.a(functexcept.o)
                0x0000000008008826                std::__throw_length_error(char const*)
 .text._ZSt15get_new_handlerv
                0x000000000800882c       0x10 /opt/st/stm32cubeide_1.14.0/plugins/com.st.stm32cube.ide.mcu.externaltools.gnu-tools-for-stm32.11.3.rel1.linux64_1.1.100.202309141235/tools/bin/../lib/gcc/arm-none-eabi/11.3.1/../../../../arm-none-eabi/lib/thumb/v7e-m+fp/hard/libstdc++_nano.a(new_handler.o)
                0x000000000800882c                std::get_new_handler()
 .text.abort    0x000000000800883c        0xe /opt/st/stm32cubeide_1.14.0/plugins/com.st.stm32cube.ide.mcu.externaltools.gnu-tools-for-stm32.11.3.rel1.linux64_1.1.100.202309141235/tools/bin/../lib/gcc/arm-none-eabi/11.3.1/../../../../arm-none-eabi/lib/thumb/v7e-m+fp/hard/libc_nano.a(libc_a-abort.o)
                0x000000000800883c                abort
 *fill*         0x000000000800884a        0x2 
 .text.malloc   0x000000000800884c       0x10 /opt/st/stm32cubeide_1.14.0/plugins/com.st.stm32cube.ide.mcu.externaltools.gnu-tools-for-stm32.11.3.rel1.linux64_1.1.100.202309141235/tools/bin/../lib/gcc/arm-none-eabi/11.3.1/../../../../arm-none-eabi/lib/thumb/v7e-m+fp/hard/libc_nano.a(libc_a-malloc.o)
                0x000000000800884c                malloc
 .text.free     0x000000000800885c       0x10 /opt/st/stm32cubeide_1.14.0/plugins/com.st.stm32cube.ide.mcu.externaltools.gnu-tools-for-stm32.11.3.rel1.linux64_1.1.100.202309141235/tools/bin/../lib/gcc/arm-none-eabi/11.3.1/../../../../arm-none-eabi/lib/thumb/v7e-m+fp/hard/libc_nano.a(libc_a-malloc.o)
                0x000000000800885c                free
 .text.sbrk_aligned
                0x000000000800886c       0x40 /opt/st/stm32cubeide_1.14.0/plugins/com.st.stm32cube.ide.mcu.externaltools.gnu-tools-for-stm32.11.3.rel1.linux64_1.1.100.202309141235/tools/bin/../lib/gcc/arm-none-eabi/11.3.1/../../../../arm-none-eabi/lib/thumb/v7e-m+fp/hard/libc_nano.a(libc_a-mallocr.o)
 .text._malloc_r
                0x00000000080088ac      0x100 /opt/st/stm32cubeide_1.14.0/plugins/com.st.stm32cube.ide.mcu.externaltools.gnu-tools-for-stm32.11.3.rel1.linux64_1.1.100.202309141235/tools/bin/../lib/gcc/arm-none-eabi/11.3.1/../../../../arm-none-eabi/lib/thumb/v7e-m+fp/hard/libc_nano.a(libc_a-mallocr.o)
                0x00000000080088ac                _malloc_r
 .text.__malloc_lock
                0x00000000080089ac        0xc /opt/st/stm32cubeide_1.14.0/plugins/com.st.stm32cube.ide.mcu.externaltools.gnu-tools-for-stm32.11.3.rel1.linux64_1.1.100.202309141235/tools/bin/../lib/gcc/arm-none-eabi/11.3.1/../../../../arm-none-eabi/lib/thumb/v7e-m+fp/hard/libc_nano.a(libc_a-mlock.o)
                0x00000000080089ac                __malloc_lock
 .text.__malloc_unlock
                0x00000000080089b8        0xc /opt/st/stm32cubeide_1.14.0/plugins/com.st.stm32cube.ide.mcu.externaltools.gnu-tools-for-stm32.11.3.rel1.linux64_1.1.100.202309141235/tools/bin/../lib/gcc/arm-none-eabi/11.3.1/../../../../arm-none-eabi/lib/thumb/v7e-m+fp/hard/libc_nano.a(libc_a-mlock.o)
                0x00000000080089b8                __malloc_unlock
 .text.std      0x00000000080089c4       0x6c /opt/st/stm32cubeide_1.14.0/plugins/com.st.stm32cube.ide.mcu.externaltools.gnu-tools-for-stm32.11.3.rel1.linux64_1.1.100.202309141235/tools/bin/../lib/gcc/arm-none-eabi/11.3.1/../../../../arm-none-eabi/lib/thumb/v7e-m+fp/hard/libc_nano.a(libc_a-findfp.o)
 .text.stdio_exit_handler
                0x0000000008008a30       0x18 /opt/st/stm32cubeide_1.14.0/plugins/com.st.stm32cube.ide.mcu.externaltools.gnu-tools-for-stm32.11.3.rel1.linux64_1.1.100.202309141235/tools/bin/../lib/gcc/arm-none-eabi/11.3.1/../../../../arm-none-eabi/lib/thumb/v7e-m+fp/hard/libc_nano.a(libc_a-findfp.o)
 .text.cleanup_stdio
                0x0000000008008a48       0x40 /opt/st/stm32cubeide_1.14.0/plugins/com.st.stm32cube.ide.mcu.externaltools.gnu-tools-for-stm32.11.3.rel1.linux64_1.1.100.202309141235/tools/bin/../lib/gcc/arm-none-eabi/11.3.1/../../../../arm-none-eabi/lib/thumb/v7e-m+fp/hard/libc_nano.a(libc_a-findfp.o)
 .text.global_stdio_init.part.0
                0x0000000008008a88       0x3c /opt/st/stm32cubeide_1.14.0/plugins/com.st.stm32cube.ide.mcu.externaltools.gnu-tools-for-stm32.11.3.rel1.linux64_1.1.100.202309141235/tools/bin/../lib/gcc/arm-none-eabi/11.3.1/../../../../arm-none-eabi/lib/thumb/v7e-m+fp/hard/libc_nano.a(libc_a-findfp.o)
 .text.__sfp_lock_acquire
                0x0000000008008ac4        0xc /opt/st/stm32cubeide_1.14.0/plugins/com.st.stm32cube.ide.mcu.externaltools.gnu-tools-for-stm32.11.3.rel1.linux64_1.1.100.202309141235/tools/bin/../lib/gcc/arm-none-eabi/11.3.1/../../../../arm-none-eabi/lib/thumb/v7e-m+fp/hard/libc_nano.a(libc_a-findfp.o)
                0x0000000008008ac4                __sfp_lock_acquire
 .text.__sfp_lock_release
                0x0000000008008ad0        0xc /opt/st/stm32cubeide_1.14.0/plugins/com.st.stm32cube.ide.mcu.externaltools.gnu-tools-for-stm32.11.3.rel1.linux64_1.1.100.202309141235/tools/bin/../lib/gcc/arm-none-eabi/11.3.1/../../../../arm-none-eabi/lib/thumb/v7e-m+fp/hard/libc_nano.a(libc_a-findfp.o)
                0x0000000008008ad0                __sfp_lock_release
 .text.__sinit  0x0000000008008adc       0x30 /opt/st/stm32cubeide_1.14.0/plugins/com.st.stm32cube.ide.mcu.externaltools.gnu-tools-for-stm32.11.3.rel1.linux64_1.1.100.202309141235/tools/bin/../lib/gcc/arm-none-eabi/11.3.1/../../../../arm-none-eabi/lib/thumb/v7e-m+fp/hard/libc_nano.a(libc_a-findfp.o)
                0x0000000008008adc                __sinit
 .text._fwalk_sglue
                0x0000000008008b0c       0x3c /opt/st/stm32cubeide_1.14.0/plugins/com.st.stm32cube.ide.mcu.externaltools.gnu-tools-for-stm32.11.3.rel1.linux64_1.1.100.202309141235/tools/bin/../lib/gcc/arm-none-eabi/11.3.1/../../../../arm-none-eabi/lib/thumb/v7e-m+fp/hard/libc_nano.a(libc_a-fwalk.o)
                0x0000000008008b0c                _fwalk_sglue
 .text.printf   0x0000000008008b48       0x24 /opt/st/stm32cubeide_1.14.0/plugins/com.st.stm32cube.ide.mcu.externaltools.gnu-tools-for-stm32.11.3.rel1.linux64_1.1.100.202309141235/tools/bin/../lib/gcc/arm-none-eabi/11.3.1/../../../../arm-none-eabi/lib/thumb/v7e-m+fp/hard/libc_nano.a(libc_a-printf.o)
                0x0000000008008b48                printf
                0x0000000008008b48                iprintf
 .text._puts_r  0x0000000008008b6c       0xa8 /opt/st/stm32cubeide_1.14.0/plugins/com.st.stm32cube.ide.mcu.externaltools.gnu-tools-for-stm32.11.3.rel1.linux64_1.1.100.202309141235/tools/bin/../lib/gcc/arm-none-eabi/11.3.1/../../../../arm-none-eabi/lib/thumb/v7e-m+fp/hard/libc_nano.a(libc_a-puts.o)
                0x0000000008008b6c                _puts_r
 .text.puts     0x0000000008008c14       0x10 /opt/st/stm32cubeide_1.14.0/plugins/com.st.stm32cube.ide.mcu.externaltools.gnu-tools-for-stm32.11.3.rel1.linux64_1.1.100.202309141235/tools/bin/../lib/gcc/arm-none-eabi/11.3.1/../../../../arm-none-eabi/lib/thumb/v7e-m+fp/hard/libc_nano.a(libc_a-puts.o)
                0x0000000008008c14                puts
 .text.__sread  0x0000000008008c24       0x22 /opt/st/stm32cubeide_1.14.0/plugins/com.st.stm32cube.ide.mcu.externaltools.gnu-tools-for-stm32.11.3.rel1.linux64_1.1.100.202309141235/tools/bin/../lib/gcc/arm-none-eabi/11.3.1/../../../../arm-none-eabi/lib/thumb/v7e-m+fp/hard/libc_nano.a(libc_a-stdio.o)
                0x0000000008008c24                __sread
 .text.__swrite
                0x0000000008008c46       0x38 /opt/st/stm32cubeide_1.14.0/plugins/com.st.stm32cube.ide.mcu.externaltools.gnu-tools-for-stm32.11.3.rel1.linux64_1.1.100.202309141235/tools/bin/../lib/gcc/arm-none-eabi/11.3.1/../../../../arm-none-eabi/lib/thumb/v7e-m+fp/hard/libc_nano.a(libc_a-stdio.o)
                0x0000000008008c46                __swrite
 .text.__sseek  0x0000000008008c7e       0x24 /opt/st/stm32cubeide_1.14.0/plugins/com.st.stm32cube.ide.mcu.externaltools.gnu-tools-for-stm32.11.3.rel1.linux64_1.1.100.202309141235/tools/bin/../lib/gcc/arm-none-eabi/11.3.1/../../../../arm-none-eabi/lib/thumb/v7e-m+fp/hard/libc_nano.a(libc_a-stdio.o)
                0x0000000008008c7e                __sseek
 .text.__sclose
                0x0000000008008ca2        0x8 /opt/st/stm32cubeide_1.14.0/plugins/com.st.stm32cube.ide.mcu.externaltools.gnu-tools-for-stm32.11.3.rel1.linux64_1.1.100.202309141235/tools/bin/../lib/gcc/arm-none-eabi/11.3.1/../../../../arm-none-eabi/lib/thumb/v7e-m+fp/hard/libc_nano.a(libc_a-stdio.o)
                0x0000000008008ca2                __sclose
 .text.__swbuf_r
                0x0000000008008caa       0x7a /opt/st/stm32cubeide_1.14.0/plugins/com.st.stm32cube.ide.mcu.externaltools.gnu-tools-for-stm32.11.3.rel1.linux64_1.1.100.202309141235/tools/bin/../lib/gcc/arm-none-eabi/11.3.1/../../../../arm-none-eabi/lib/thumb/v7e-m+fp/hard/libc_nano.a(libc_a-wbuf.o)
                0x0000000008008caa                __swbuf_r
 .text.__swsetup_r
                0x0000000008008d24       0xb0 /opt/st/stm32cubeide_1.14.0/plugins/com.st.stm32cube.ide.mcu.externaltools.gnu-tools-for-stm32.11.3.rel1.linux64_1.1.100.202309141235/tools/bin/../lib/gcc/arm-none-eabi/11.3.1/../../../../arm-none-eabi/lib/thumb/v7e-m+fp/hard/libc_nano.a(libc_a-wsetup.o)
                0x0000000008008d24                __swsetup_r
 .text.memset   0x0000000008008dd4       0x10 /opt/st/stm32cubeide_1.14.0/plugins/com.st.stm32cube.ide.mcu.externaltools.gnu-tools-for-stm32.11.3.rel1.linux64_1.1.100.202309141235/tools/bin/../lib/gcc/arm-none-eabi/11.3.1/../../../../arm-none-eabi/lib/thumb/v7e-m+fp/hard/libc_nano.a(libc_a-memset.o)
                0x0000000008008dd4                memset
 .text._raise_r
                0x0000000008008de4       0x50 /opt/st/stm32cubeide_1.14.0/plugins/com.st.stm32cube.ide.mcu.externaltools.gnu-tools-for-stm32.11.3.rel1.linux64_1.1.100.202309141235/tools/bin/../lib/gcc/arm-none-eabi/11.3.1/../../../../arm-none-eabi/lib/thumb/v7e-m+fp/hard/libc_nano.a(libc_a-signal.o)
                0x0000000008008de4                _raise_r
 .text.raise    0x0000000008008e34       0x10 /opt/st/stm32cubeide_1.14.0/plugins/com.st.stm32cube.ide.mcu.externaltools.gnu-tools-for-stm32.11.3.rel1.linux64_1.1.100.202309141235/tools/bin/../lib/gcc/arm-none-eabi/11.3.1/../../../../arm-none-eabi/lib/thumb/v7e-m+fp/hard/libc_nano.a(libc_a-signal.o)
                0x0000000008008e34                raise
 .text._close_r
                0x0000000008008e44       0x20 /opt/st/stm32cubeide_1.14.0/plugins/com.st.stm32cube.ide.mcu.externaltools.gnu-tools-for-stm32.11.3.rel1.linux64_1.1.100.202309141235/tools/bin/../lib/gcc/arm-none-eabi/11.3.1/../../../../arm-none-eabi/lib/thumb/v7e-m+fp/hard/libc_nano.a(libc_a-closer.o)
                0x0000000008008e44                _close_r
 .text._lseek_r
                0x0000000008008e64       0x24 /opt/st/stm32cubeide_1.14.0/plugins/com.st.stm32cube.ide.mcu.externaltools.gnu-tools-for-stm32.11.3.rel1.linux64_1.1.100.202309141235/tools/bin/../lib/gcc/arm-none-eabi/11.3.1/../../../../arm-none-eabi/lib/thumb/v7e-m+fp/hard/libc_nano.a(libc_a-lseekr.o)
                0x0000000008008e64                _lseek_r
 .text._read_r  0x0000000008008e88       0x24 /opt/st/stm32cubeide_1.14.0/plugins/com.st.stm32cube.ide.mcu.externaltools.gnu-tools-for-stm32.11.3.rel1.linux64_1.1.100.202309141235/tools/bin/../lib/gcc/arm-none-eabi/11.3.1/../../../../arm-none-eabi/lib/thumb/v7e-m+fp/hard/libc_nano.a(libc_a-readr.o)
                0x0000000008008e88                _read_r
 .text._kill_r  0x0000000008008eac       0x24 /opt/st/stm32cubeide_1.14.0/plugins/com.st.stm32cube.ide.mcu.externaltools.gnu-tools-for-stm32.11.3.rel1.linux64_1.1.100.202309141235/tools/bin/../lib/gcc/arm-none-eabi/11.3.1/../../../../arm-none-eabi/lib/thumb/v7e-m+fp/hard/libc_nano.a(libc_a-signalr.o)
                0x0000000008008eac                _kill_r
 .text._getpid_r
                0x0000000008008ed0        0x4 /opt/st/stm32cubeide_1.14.0/plugins/com.st.stm32cube.ide.mcu.externaltools.gnu-tools-for-stm32.11.3.rel1.linux64_1.1.100.202309141235/tools/bin/../lib/gcc/arm-none-eabi/11.3.1/../../../../arm-none-eabi/lib/thumb/v7e-m+fp/hard/libc_nano.a(libc_a-signalr.o)
                0x0000000008008ed0                _getpid_r
 .text._sbrk_r  0x0000000008008ed4       0x20 /opt/st/stm32cubeide_1.14.0/plugins/com.st.stm32cube.ide.mcu.externaltools.gnu-tools-for-stm32.11.3.rel1.linux64_1.1.100.202309141235/tools/bin/../lib/gcc/arm-none-eabi/11.3.1/../../../../arm-none-eabi/lib/thumb/v7e-m+fp/hard/libc_nano.a(libc_a-sbrkr.o)
                0x0000000008008ed4                _sbrk_r
 .text._write_r
                0x0000000008008ef4       0x24 /opt/st/stm32cubeide_1.14.0/plugins/com.st.stm32cube.ide.mcu.externaltools.gnu-tools-for-stm32.11.3.rel1.linux64_1.1.100.202309141235/tools/bin/../lib/gcc/arm-none-eabi/11.3.1/../../../../arm-none-eabi/lib/thumb/v7e-m+fp/hard/libc_nano.a(libc_a-writer.o)
                0x0000000008008ef4                _write_r
 .text.__errno  0x0000000008008f18        0xc /opt/st/stm32cubeide_1.14.0/plugins/com.st.stm32cube.ide.mcu.externaltools.gnu-tools-for-stm32.11.3.rel1.linux64_1.1.100.202309141235/tools/bin/../lib/gcc/arm-none-eabi/11.3.1/../../../../arm-none-eabi/lib/thumb/v7e-m+fp/hard/libc_nano.a(libc_a-errno.o)
                0x0000000008008f18                __errno
 .text.__libc_init_array
                0x0000000008008f24       0x48 /opt/st/stm32cubeide_1.14.0/plugins/com.st.stm32cube.ide.mcu.externaltools.gnu-tools-for-stm32.11.3.rel1.linux64_1.1.100.202309141235/tools/bin/../lib/gcc/arm-none-eabi/11.3.1/../../../../arm-none-eabi/lib/thumb/v7e-m+fp/hard/libc_nano.a(libc_a-init.o)
                0x0000000008008f24                __libc_init_array
 .text.__retarget_lock_init_recursive
                0x0000000008008f6c        0x2 /opt/st/stm32cubeide_1.14.0/plugins/com.st.stm32cube.ide.mcu.externaltools.gnu-tools-for-stm32.11.3.rel1.linux64_1.1.100.202309141235/tools/bin/../lib/gcc/arm-none-eabi/11.3.1/../../../../arm-none-eabi/lib/thumb/v7e-m+fp/hard/libc_nano.a(libc_a-lock.o)
                0x0000000008008f6c                __retarget_lock_init_recursive
 .text.__retarget_lock_acquire_recursive
                0x0000000008008f6e        0x2 /opt/st/stm32cubeide_1.14.0/plugins/com.st.stm32cube.ide.mcu.externaltools.gnu-tools-for-stm32.11.3.rel1.linux64_1.1.100.202309141235/tools/bin/../lib/gcc/arm-none-eabi/11.3.1/../../../../arm-none-eabi/lib/thumb/v7e-m+fp/hard/libc_nano.a(libc_a-lock.o)
                0x0000000008008f6e                __retarget_lock_acquire_recursive
 .text.__retarget_lock_release_recursive
                0x0000000008008f70        0x2 /opt/st/stm32cubeide_1.14.0/plugins/com.st.stm32cube.ide.mcu.externaltools.gnu-tools-for-stm32.11.3.rel1.linux64_1.1.100.202309141235/tools/bin/../lib/gcc/arm-none-eabi/11.3.1/../../../../arm-none-eabi/lib/thumb/v7e-m+fp/hard/libc_nano.a(libc_a-lock.o)
                0x0000000008008f70                __retarget_lock_release_recursive
 .text.memcpy   0x0000000008008f72       0x1c /opt/st/stm32cubeide_1.14.0/plugins/com.st.stm32cube.ide.mcu.externaltools.gnu-tools-for-stm32.11.3.rel1.linux64_1.1.100.202309141235/tools/bin/../lib/gcc/arm-none-eabi/11.3.1/../../../../arm-none-eabi/lib/thumb/v7e-m+fp/hard/libc_nano.a(libc_a-memcpy-stub.o)
                0x0000000008008f72                memcpy
 *fill*         0x0000000008008f8e        0x2 
 .text._free_r  0x0000000008008f90       0x98 /opt/st/stm32cubeide_1.14.0/plugins/com.st.stm32cube.ide.mcu.externaltools.gnu-tools-for-stm32.11.3.rel1.linux64_1.1.100.202309141235/tools/bin/../lib/gcc/arm-none-eabi/11.3.1/../../../../arm-none-eabi/lib/thumb/v7e-m+fp/hard/libc_nano.a(libc_a-freer.o)
                0x0000000008008f90                _free_r
 .text.__sfputc_r
                0x0000000008009028       0x2e /opt/st/stm32cubeide_1.14.0/plugins/com.st.stm32cube.ide.mcu.externaltools.gnu-tools-for-stm32.11.3.rel1.linux64_1.1.100.202309141235/tools/bin/../lib/gcc/arm-none-eabi/11.3.1/../../../../arm-none-eabi/lib/thumb/v7e-m+fp/hard/libc_nano.a(libc_a-nano-vfprintf.o)
 .text.__sfputs_r
                0x0000000008009056       0x24 /opt/st/stm32cubeide_1.14.0/plugins/com.st.stm32cube.ide.mcu.externaltools.gnu-tools-for-stm32.11.3.rel1.linux64_1.1.100.202309141235/tools/bin/../lib/gcc/arm-none-eabi/11.3.1/../../../../arm-none-eabi/lib/thumb/v7e-m+fp/hard/libc_nano.a(libc_a-nano-vfprintf.o)
                0x0000000008009056                __sfputs_r
 *fill*         0x000000000800907a        0x2 
 .text._vfprintf_r
                0x000000000800907c      0x234 /opt/st/stm32cubeide_1.14.0/plugins/com.st.stm32cube.ide.mcu.externaltools.gnu-tools-for-stm32.11.3.rel1.linux64_1.1.100.202309141235/tools/bin/../lib/gcc/arm-none-eabi/11.3.1/../../../../arm-none-eabi/lib/thumb/v7e-m+fp/hard/libc_nano.a(libc_a-nano-vfprintf.o)
                0x000000000800907c                _vfiprintf_r
                0x000000000800907c                _vfprintf_r
 .text._printf_common
                0x00000000080092b0       0xda /opt/st/stm32cubeide_1.14.0/plugins/com.st.stm32cube.ide.mcu.externaltools.gnu-tools-for-stm32.11.3.rel1.linux64_1.1.100.202309141235/tools/bin/../lib/gcc/arm-none-eabi/11.3.1/../../../../arm-none-eabi/lib/thumb/v7e-m+fp/hard/libc_nano.a(libc_a-nano-vfprintf_i.o)
                0x00000000080092b0                _printf_common
 *fill*         0x000000000800938a        0x2 
 .text._printf_i
                0x000000000800938c      0x244 /opt/st/stm32cubeide_1.14.0/plugins/com.st.stm32cube.ide.mcu.externaltools.gnu-tools-for-stm32.11.3.rel1.linux64_1.1.100.202309141235/tools/bin/../lib/gcc/arm-none-eabi/11.3.1/../../../../arm-none-eabi/lib/thumb/v7e-m+fp/hard/libc_nano.a(libc_a-nano-vfprintf_i.o)
                0x000000000800938c                _printf_i
 .text.__sflush_r
                0x00000000080095d0      0x10c /opt/st/stm32cubeide_1.14.0/plugins/com.st.stm32cube.ide.mcu.externaltools.gnu-tools-for-stm32.11.3.rel1.linux64_1.1.100.202309141235/tools/bin/../lib/gcc/arm-none-eabi/11.3.1/../../../../arm-none-eabi/lib/thumb/v7e-m+fp/hard/libc_nano.a(libc_a-fflush.o)
                0x00000000080095d0                __sflush_r
 .text._fflush_r
                0x00000000080096dc       0x50 /opt/st/stm32cubeide_1.14.0/plugins/com.st.stm32cube.ide.mcu.externaltools.gnu-tools-for-stm32.11.3.rel1.linux64_1.1.100.202309141235/tools/bin/../lib/gcc/arm-none-eabi/11.3.1/../../../../arm-none-eabi/lib/thumb/v7e-m+fp/hard/libc_nano.a(libc_a-fflush.o)
                0x00000000080096dc                _fflush_r
 .text.__swhatbuf_r
                0x000000000800972c       0x4c /opt/st/stm32cubeide_1.14.0/plugins/com.st.stm32cube.ide.mcu.externaltools.gnu-tools-for-stm32.11.3.rel1.linux64_1.1.100.202309141235/tools/bin/../lib/gcc/arm-none-eabi/11.3.1/../../../../arm-none-eabi/lib/thumb/v7e-m+fp/hard/libc_nano.a(libc_a-makebuf.o)
                0x000000000800972c                __swhatbuf_r
 .text.__smakebuf_r
                0x0000000008009778       0x78 /opt/st/stm32cubeide_1.14.0/plugins/com.st.stm32cube.ide.mcu.externaltools.gnu-tools-for-stm32.11.3.rel1.linux64_1.1.100.202309141235/tools/bin/../lib/gcc/arm-none-eabi/11.3.1/../../../../arm-none-eabi/lib/thumb/v7e-m+fp/hard/libc_nano.a(libc_a-makebuf.o)
                0x0000000008009778                __smakebuf_r
 .text._fstat_r
                0x00000000080097f0       0x24 /opt/st/stm32cubeide_1.14.0/plugins/com.st.stm32cube.ide.mcu.externaltools.gnu-tools-for-stm32.11.3.rel1.linux64_1.1.100.202309141235/tools/bin/../lib/gcc/arm-none-eabi/11.3.1/../../../../arm-none-eabi/lib/thumb/v7e-m+fp/hard/libc_nano.a(libc_a-fstatr.o)
                0x00000000080097f0                _fstat_r
 .text._isatty_r
                0x0000000008009814       0x20 /opt/st/stm32cubeide_1.14.0/plugins/com.st.stm32cube.ide.mcu.externaltools.gnu-tools-for-stm32.11.3.rel1.linux64_1.1.100.202309141235/tools/bin/../lib/gcc/arm-none-eabi/11.3.1/../../../../arm-none-eabi/lib/thumb/v7e-m+fp/hard/libc_nano.a(libc_a-isattyr.o)
                0x0000000008009814                _isatty_r
 *(.glue_7)
 .glue_7        0x0000000008009834        0x0 linker stubs
 *(.glue_7t)
 .glue_7t       0x0000000008009834        0x0 linker stubs
 *(.eh_frame)
 .eh_frame      0x0000000008009834        0x0 /opt/st/stm32cubeide_1.14.0/plugins/com.st.stm32cube.ide.mcu.externaltools.gnu-tools-for-stm32.11.3.rel1.linux64_1.1.100.202309141235/tools/bin/../lib/gcc/arm-none-eabi/11.3.1/thumb/v7e-m+fp/hard/crtbegin.o
 *(.init)
 .init          0x0000000008009834        0x4 /opt/st/stm32cubeide_1.14.0/plugins/com.st.stm32cube.ide.mcu.externaltools.gnu-tools-for-stm32.11.3.rel1.linux64_1.1.100.202309141235/tools/bin/../lib/gcc/arm-none-eabi/11.3.1/thumb/v7e-m+fp/hard/crti.o
                0x0000000008009834                _init
 .init          0x0000000008009838        0x8 /opt/st/stm32cubeide_1.14.0/plugins/com.st.stm32cube.ide.mcu.externaltools.gnu-tools-for-stm32.11.3.rel1.linux64_1.1.100.202309141235/tools/bin/../lib/gcc/arm-none-eabi/11.3.1/thumb/v7e-m+fp/hard/crtn.o
 *(.fini)
 .fini          0x0000000008009840        0x4 /opt/st/stm32cubeide_1.14.0/plugins/com.st.stm32cube.ide.mcu.externaltools.gnu-tools-for-stm32.11.3.rel1.linux64_1.1.100.202309141235/tools/bin/../lib/gcc/arm-none-eabi/11.3.1/thumb/v7e-m+fp/hard/crti.o
                0x0000000008009840                _fini
 .fini          0x0000000008009844        0x8 /opt/st/stm32cubeide_1.14.0/plugins/com.st.stm32cube.ide.mcu.externaltools.gnu-tools-for-stm32.11.3.rel1.linux64_1.1.100.202309141235/tools/bin/../lib/gcc/arm-none-eabi/11.3.1/thumb/v7e-m+fp/hard/crtn.o
                0x000000000800984c                . = ALIGN (0x4)
                0x000000000800984c                _etext = .

.vfp11_veneer   0x000000000800984c        0x0
 .vfp11_veneer  0x000000000800984c        0x0 linker stubs

.v4_bx          0x000000000800984c        0x0
 .v4_bx         0x000000000800984c        0x0 linker stubs

.iplt           0x000000000800984c        0x0
 .iplt          0x000000000800984c        0x0 /opt/st/stm32cubeide_1.14.0/plugins/com.st.stm32cube.ide.mcu.externaltools.gnu-tools-for-stm32.11.3.rel1.linux64_1.1.100.202309141235/tools/bin/../lib/gcc/arm-none-eabi/11.3.1/thumb/v7e-m+fp/hard/crtbegin.o

.rodata         0x000000000800984c      0x338
                0x000000000800984c                . = ALIGN (0x4)
 *(.rodata)
 .rodata        0x000000000800984c       0x38 ./Core/Src/MessageRecomposer.o
 .rodata        0x0000000008009884       0x3d ./Core/Src/main.o
 *fill*         0x00000000080098c1        0x3 
 .rodata        0x00000000080098c4      0x1ba ./Core/Src/pb_decode.o
 *(.rodata*)
 *fill*         0x0000000008009a7e        0x2 
 .rodata._ZTV9ChampiCan
                0x0000000008009a80       0x10 ./Core/Src/ChampiCan.o
                0x0000000008009a80                vtable for ChampiCan
 .rodata._ZTV15HolonomicDrive3
                0x0000000008009a90       0x10 ./Core/Src/HolonomicDrive3.o
                0x0000000008009a90                vtable for HolonomicDrive3
 .rodata._ZTV17MessageRecomposer
                0x0000000008009aa0       0x10 ./Core/Src/MessageRecomposer.o
                0x0000000008009aa0                vtable for MessageRecomposer
 .rodata._ZTV7Stepper
                0x0000000008009ab0       0x10 ./Core/Src/Stepper.o
                0x0000000008009ab0                vtable for Stepper
 .rodata.msgs_can_BaseVel_field_info
                0x0000000008009ac0       0x10 ./Core/Src/msgs_can.pb.o
                0x0000000008009ac0                msgs_can_BaseVel_field_info
 .rodata.msgs_can_BaseVel_submsg_info
                0x0000000008009ad0        0x4 ./Core/Src/msgs_can.pb.o
                0x0000000008009ad0                msgs_can_BaseVel_submsg_info
 .rodata.msgs_can_BaseVel_msg
                0x0000000008009ad4       0x18 ./Core/Src/msgs_can.pb.o
                0x0000000008009ad4                msgs_can_BaseVel_msg
 .rodata.AHBPrescTable
                0x0000000008009aec       0x10 ./Core/Src/system_stm32g4xx.o
                0x0000000008009aec                AHBPrescTable
 .rodata.DLCtoBytes
                0x0000000008009afc       0x10 ./Drivers/STM32G4xx_HAL_Driver/Src/stm32g4xx_hal_fdcan.o
 .rodata._ZNSt7__cxx1112basic_stringIcSt11char_traitsIcESaIcEE9_M_createERjj.str1.1
                0x0000000008009b0c       0x18 /opt/st/stm32cubeide_1.14.0/plugins/com.st.stm32cube.ide.mcu.externaltools.gnu-tools-for-stm32.11.3.rel1.linux64_1.1.100.202309141235/tools/bin/../lib/gcc/arm-none-eabi/11.3.1/../../../../arm-none-eabi/lib/thumb/v7e-m+fp/hard/libstdc++_nano.a(string-inst.o)
 .rodata._ZNSt7__cxx1112basic_stringIcSt11char_traitsIcESaIcEE12_M_constructIPcEEvT_S7_St20forward_iterator_tag.str1.1
                0x0000000008009b24       0x2a /opt/st/stm32cubeide_1.14.0/plugins/com.st.stm32cube.ide.mcu.externaltools.gnu-tools-for-stm32.11.3.rel1.linux64_1.1.100.202309141235/tools/bin/../lib/gcc/arm-none-eabi/11.3.1/../../../../arm-none-eabi/lib/thumb/v7e-m+fp/hard/libstdc++_nano.a(string-inst.o)
 .rodata._vfprintf_r.str1.1
                0x0000000008009b4e       0x11 /opt/st/stm32cubeide_1.14.0/plugins/com.st.stm32cube.ide.mcu.externaltools.gnu-tools-for-stm32.11.3.rel1.linux64_1.1.100.202309141235/tools/bin/../lib/gcc/arm-none-eabi/11.3.1/../../../../arm-none-eabi/lib/thumb/v7e-m+fp/hard/libc_nano.a(libc_a-nano-vfprintf.o)
 .rodata._printf_i.str1.1
                0x0000000008009b5f       0x22 /opt/st/stm32cubeide_1.14.0/plugins/com.st.stm32cube.ide.mcu.externaltools.gnu-tools-for-stm32.11.3.rel1.linux64_1.1.100.202309141235/tools/bin/../lib/gcc/arm-none-eabi/11.3.1/../../../../arm-none-eabi/lib/thumb/v7e-m+fp/hard/libc_nano.a(libc_a-nano-vfprintf_i.o)
                0x0000000008009b84                . = ALIGN (0x4)
 *fill*         0x0000000008009b81        0x3 

.rel.dyn        0x0000000008009b84        0x0
 .rel.iplt      0x0000000008009b84        0x0 /opt/st/stm32cubeide_1.14.0/plugins/com.st.stm32cube.ide.mcu.externaltools.gnu-tools-for-stm32.11.3.rel1.linux64_1.1.100.202309141235/tools/bin/../lib/gcc/arm-none-eabi/11.3.1/thumb/v7e-m+fp/hard/crtbegin.o

.ARM.extab      0x0000000008009b84        0x0
                0x0000000008009b84                . = ALIGN (0x4)
 *(.ARM.extab* .gnu.linkonce.armextab.*)
                0x0000000008009b84                . = ALIGN (0x4)

.ARM            0x0000000008009b84        0x0
                0x0000000008009b84                . = ALIGN (0x4)
                0x0000000008009b84                __exidx_start = .
 *(.ARM.exidx*)
                0x0000000008009b84                __exidx_end = .
                0x0000000008009b84                . = ALIGN (0x4)

.preinit_array  0x0000000008009b84        0x0
                0x0000000008009b84                . = ALIGN (0x4)
                0x0000000008009b84                PROVIDE (__preinit_array_start = .)
 *(.preinit_array*)
                0x0000000008009b84                PROVIDE (__preinit_array_end = .)
                0x0000000008009b84                . = ALIGN (0x4)

.init_array     0x0000000008009b84        0x8
                0x0000000008009b84                . = ALIGN (0x4)
                0x0000000008009b84                PROVIDE (__init_array_start = .)
 *(SORT_BY_NAME(.init_array.*))
 *(.init_array*)
 .init_array    0x0000000008009b84        0x4 /opt/st/stm32cubeide_1.14.0/plugins/com.st.stm32cube.ide.mcu.externaltools.gnu-tools-for-stm32.11.3.rel1.linux64_1.1.100.202309141235/tools/bin/../lib/gcc/arm-none-eabi/11.3.1/thumb/v7e-m+fp/hard/crtbegin.o
 .init_array    0x0000000008009b88        0x4 ./Core/Src/main.o
                0x0000000008009b8c                PROVIDE (__init_array_end = .)
                0x0000000008009b8c                . = ALIGN (0x4)

.fini_array     0x0000000008009b8c        0x8
                0x0000000008009b8c                . = ALIGN (0x4)
                [!provide]                        PROVIDE (__fini_array_start = .)
 *(SORT_BY_NAME(.fini_array.*))
 *(.fini_array*)
 .fini_array    0x0000000008009b8c        0x4 /opt/st/stm32cubeide_1.14.0/plugins/com.st.stm32cube.ide.mcu.externaltools.gnu-tools-for-stm32.11.3.rel1.linux64_1.1.100.202309141235/tools/bin/../lib/gcc/arm-none-eabi/11.3.1/thumb/v7e-m+fp/hard/crtbegin.o
 .fini_array    0x0000000008009b90        0x4 ./Core/Src/main.o
                [!provide]                        PROVIDE (__fini_array_end = .)
                0x0000000008009b94                . = ALIGN (0x4)
                0x0000000008009b94                _sidata = LOADADDR (.data)

.data           0x0000000020000000       0x68 load address 0x0000000008009b94
                0x0000000020000000                . = ALIGN (0x4)
                0x0000000020000000                _sdata = .
 *(.data)
 *(.data*)
 .data.SystemCoreClock
                0x0000000020000000        0x4 ./Core/Src/system_stm32g4xx.o
                0x0000000020000000                SystemCoreClock
 .data.uwTickPrio
                0x0000000020000004        0x4 ./Drivers/STM32G4xx_HAL_Driver/Src/stm32g4xx_hal.o
                0x0000000020000004                uwTickPrio
 .data.uwTickFreq
                0x0000000020000008        0x4 ./Drivers/STM32G4xx_HAL_Driver/Src/stm32g4xx_hal.o
                0x0000000020000008                uwTickFreq
 .data.__sglue  0x000000002000000c        0xc /opt/st/stm32cubeide_1.14.0/plugins/com.st.stm32cube.ide.mcu.externaltools.gnu-tools-for-stm32.11.3.rel1.linux64_1.1.100.202309141235/tools/bin/../lib/gcc/arm-none-eabi/11.3.1/../../../../arm-none-eabi/lib/thumb/v7e-m+fp/hard/libc_nano.a(libc_a-findfp.o)
                0x000000002000000c                __sglue
 .data._impure_data