Archive member included to satisfy reference by file (symbol)

/opt/st/stm32cubeide_1.14.0/plugins/com.st.stm32cube.ide.mcu.externaltools.gnu-tools-for-stm32.11.3.rel1.linux64_1.1.100.202309141235/tools/bin/../lib/gcc/arm-none-eabi/11.3.1/../../../../arm-none-eabi/lib/thumb/v7e-m+fp/hard/libstdc++_nano.a(del_ops.o)
                              ./Core/Src/ChampiCan.o (operator delete(void*, unsigned int))
/opt/st/stm32cubeide_1.14.0/plugins/com.st.stm32cube.ide.mcu.externaltools.gnu-tools-for-stm32.11.3.rel1.linux64_1.1.100.202309141235/tools/bin/../lib/gcc/arm-none-eabi/11.3.1/../../../../arm-none-eabi/lib/thumb/v7e-m+fp/hard/libstdc++_nano.a(allocator-inst.o)
                              ./Core/Src/MessageRecomposer.o (std::allocator<char>::allocator())
/opt/st/stm32cubeide_1.14.0/plugins/com.st.stm32cube.ide.mcu.externaltools.gnu-tools-for-stm32.11.3.rel1.linux64_1.1.100.202309141235/tools/bin/../lib/gcc/arm-none-eabi/11.3.1/../../../../arm-none-eabi/lib/thumb/v7e-m+fp/hard/libstdc++_nano.a(string-inst.o)
                              ./Core/Src/MessageRecomposer.o (std::__cxx11::basic_string<char, std::char_traits<char>, std::allocator<char> >::basic_string())
/opt/st/stm32cubeide_1.14.0/plugins/com.st.stm32cube.ide.mcu.externaltools.gnu-tools-for-stm32.11.3.rel1.linux64_1.1.100.202309141235/tools/bin/../lib/gcc/arm-none-eabi/11.3.1/../../../../arm-none-eabi/lib/thumb/v7e-m+fp/hard/libstdc++_nano.a(del_op.o)
                              /opt/st/stm32cubeide_1.14.0/plugins/com.st.stm32cube.ide.mcu.externaltools.gnu-tools-for-stm32.11.3.rel1.linux64_1.1.100.202309141235/tools/bin/../lib/gcc/arm-none-eabi/11.3.1/../../../../arm-none-eabi/lib/thumb/v7e-m+fp/hard/libstdc++_nano.a(del_ops.o) (operator delete(void*))
/opt/st/stm32cubeide_1.14.0/plugins/com.st.stm32cube.ide.mcu.externaltools.gnu-tools-for-stm32.11.3.rel1.linux64_1.1.100.202309141235/tools/bin/../lib/gcc/arm-none-eabi/11.3.1/../../../../arm-none-eabi/lib/thumb/v7e-m+fp/hard/libstdc++_nano.a(new_op.o)
                              /opt/st/stm32cubeide_1.14.0/plugins/com.st.stm32cube.ide.mcu.externaltools.gnu-tools-for-stm32.11.3.rel1.linux64_1.1.100.202309141235/tools/bin/../lib/gcc/arm-none-eabi/11.3.1/../../../../arm-none-eabi/lib/thumb/v7e-m+fp/hard/libstdc++_nano.a(string-inst.o) (operator new(unsigned int))
/opt/st/stm32cubeide_1.14.0/plugins/com.st.stm32cube.ide.mcu.externaltools.gnu-tools-for-stm32.11.3.rel1.linux64_1.1.100.202309141235/tools/bin/../lib/gcc/arm-none-eabi/11.3.1/../../../../arm-none-eabi/lib/thumb/v7e-m+fp/hard/libstdc++_nano.a(functexcept.o)
                              /opt/st/stm32cubeide_1.14.0/plugins/com.st.stm32cube.ide.mcu.externaltools.gnu-tools-for-stm32.11.3.rel1.linux64_1.1.100.202309141235/tools/bin/../lib/gcc/arm-none-eabi/11.3.1/../../../../arm-none-eabi/lib/thumb/v7e-m+fp/hard/libstdc++_nano.a(string-inst.o) (std::__throw_bad_alloc())
/opt/st/stm32cubeide_1.14.0/plugins/com.st.stm32cube.ide.mcu.externaltools.gnu-tools-for-stm32.11.3.rel1.linux64_1.1.100.202309141235/tools/bin/../lib/gcc/arm-none-eabi/11.3.1/../../../../arm-none-eabi/lib/thumb/v7e-m+fp/hard/libstdc++_nano.a(snprintf_lite.o)
                              /opt/st/stm32cubeide_1.14.0/plugins/com.st.stm32cube.ide.mcu.externaltools.gnu-tools-for-stm32.11.3.rel1.linux64_1.1.100.202309141235/tools/bin/../lib/gcc/arm-none-eabi/11.3.1/../../../../arm-none-eabi/lib/thumb/v7e-m+fp/hard/libstdc++_nano.a(functexcept.o) (__gnu_cxx::__snprintf_lite(char*, unsigned int, char const*, std::__va_list))
/opt/st/stm32cubeide_1.14.0/plugins/com.st.stm32cube.ide.mcu.externaltools.gnu-tools-for-stm32.11.3.rel1.linux64_1.1.100.202309141235/tools/bin/../lib/gcc/arm-none-eabi/11.3.1/../../../../arm-none-eabi/lib/thumb/v7e-m+fp/hard/libstdc++_nano.a(new_handler.o)
                              /opt/st/stm32cubeide_1.14.0/plugins/com.st.stm32cube.ide.mcu.externaltools.gnu-tools-for-stm32.11.3.rel1.linux64_1.1.100.202309141235/tools/bin/../lib/gcc/arm-none-eabi/11.3.1/../../../../arm-none-eabi/lib/thumb/v7e-m+fp/hard/libstdc++_nano.a(new_op.o) (std::get_new_handler())
/opt/st/stm32cubeide_1.14.0/plugins/com.st.stm32cube.ide.mcu.externaltools.gnu-tools-for-stm32.11.3.rel1.linux64_1.1.100.202309141235/tools/bin/../lib/gcc/arm-none-eabi/11.3.1/../../../../arm-none-eabi/lib/thumb/v7e-m+fp/hard/libc_nano.a(libc_a-abort.o)
                              /opt/st/stm32cubeide_1.14.0/plugins/com.st.stm32cube.ide.mcu.externaltools.gnu-tools-for-stm32.11.3.rel1.linux64_1.1.100.202309141235/tools/bin/../lib/gcc/arm-none-eabi/11.3.1/../../../../arm-none-eabi/lib/thumb/v7e-m+fp/hard/libstdc++_nano.a(new_op.o) (abort)
/opt/st/stm32cubeide_1.14.0/plugins/com.st.stm32cube.ide.mcu.externaltools.gnu-tools-for-stm32.11.3.rel1.linux64_1.1.100.202309141235/tools/bin/../lib/gcc/arm-none-eabi/11.3.1/../../../../arm-none-eabi/lib/thumb/v7e-m+fp/hard/libc_nano.a(libc_a-exit.o)
[...]
Memory Configuration

Name             Origin             Length             Attributes
RAM              0x0000000020000000 0x0000000000008000 xrw
FLASH            0x0000000008000000 0x0000000000020000 xr
*default*        0x0000000000000000 0xffffffffffffffff

Linker script and memory map

LOAD /opt/st/stm32cubeide_1.14.0/plugins/com.st.stm32cube.ide.mcu.externaltools.gnu-tools-for-stm32.11.3.rel1.linux64_1.1.100.202309141235/tools/bin/../lib/gcc/arm-none-eabi/11.3.1/thumb/v7e-m+fp/hard/crti.o
LOAD /opt/st/stm32cubeide_1.14.0/plugins/com.st.stm32cube.ide.mcu.externaltools.gnu-tools-for-stm32.11.3.rel1.linux64_1.1.100.202309141235/tools/bin/../lib/gcc/arm-none-eabi/11.3.1/thumb/v7e-m+fp/hard/crtbegin.o
LOAD /opt/st/stm32cubeide_1.14.0/plugins/com.st.stm32cube.ide.mcu.externaltools.gnu-tools-for-stm32.11.3.rel1.linux64_1.1.100.202309141235/tools/bin/../lib/gcc/arm-none-eabi/11.3.1/../../../../arm-none-eabi/lib/thumb/v7e-m+fp/hard/crt0.o
LOAD ./Core/Src/ChampiCan.o
LOAD ./Core/Src/ChampiState.o
LOAD ./Core/Src/HolonomicDrive3.o
LOAD ./Core/Src/MessageRecomposer.o
LOAD ./Core/Src/Stepper.o
LOAD ./Core/Src/main.o
LOAD ./Core/Src/msgs_can.pb.o
LOAD ./Core/Src/pb_common.o
LOAD ./Core/Src/pb_decode.o
LOAD ./Core/Src/pb_encode.o
LOAD ./Core/Src/stm32g4xx_hal_msp.o
LOAD ./Core/Src/stm32g4xx_it.o
LOAD ./Core/Src/syscalls.o
LOAD ./Core/Src/sysmem.o
LOAD ./Core/Src/system_stm32g4xx.o
LOAD ./Core/Startup/startup_stm32g431kbtx.o
LOAD ./Drivers/STM32G4xx_HAL_Driver/Src/stm32g4xx_hal.o
LOAD ./Drivers/STM32G4xx_HAL_Driver/Src/stm32g4xx_hal_cortex.o
LOAD ./Drivers/STM32G4xx_HAL_Driver/Src/stm32g4xx_hal_dma.o
LOAD ./Drivers/STM32G4xx_HAL_Driver/Src/stm32g4xx_hal_dma_ex.o
LOAD ./Drivers/STM32G4xx_HAL_Driver/Src/stm32g4xx_hal_exti.o
LOAD ./Drivers/STM32G4xx_HAL_Driver/Src/stm32g4xx_hal_fdcan.o
LOAD ./Drivers/STM32G4xx_HAL_Driver/Src/stm32g4xx_hal_flash.o
LOAD ./Drivers/STM32G4xx_HAL_Driver/Src/stm32g4xx_hal_flash_ex.o
LOAD ./Drivers/STM32G4xx_HAL_Driver/Src/stm32g4xx_hal_flash_ramfunc.o
LOAD ./Drivers/STM32G4xx_HAL_Driver/Src/stm32g4xx_hal_gpio.o
LOAD ./Drivers/STM32G4xx_HAL_Driver/Src/stm32g4xx_hal_pwr.o
LOAD ./Drivers/STM32G4xx_HAL_Driver/Src/stm32g4xx_hal_pwr_ex.o
LOAD ./Drivers/STM32G4xx_HAL_Driver/Src/stm32g4xx_hal_rcc.o
LOAD ./Drivers/STM32G4xx_HAL_Driver/Src/stm32g4xx_hal_rcc_ex.o
LOAD ./Drivers/STM32G4xx_HAL_Driver/Src/stm32g4xx_hal_tim.o
LOAD ./Drivers/STM32G4xx_HAL_Driver/Src/stm32g4xx_hal_tim_ex.o
START GROUP
LOAD /opt/st/stm32cubeide_1.14.0/plugins/com.st.stm32cube.ide.mcu.externaltools.gnu-tools-for-stm32.11.3.rel1.linux64_1.1.100.202309141235/tools/bin/../lib/gcc/arm-none-eabi/11.3.1/../../../../arm-none-eabi/lib/thumb/v7e-m+fp/hard/libstdc++_nano.a
LOAD /opt/st/stm32cubeide_1.14.0/plugins/com.st.stm32cube.ide.mcu.externaltools.gnu-tools-for-stm32.11.3.rel1.linux64_1.1.100.202309141235/tools/bin/../lib/gcc/arm-none-eabi/11.3.1/../../../../arm-none-eabi/lib/thumb/v7e-m+fp/hard/libsupc++_nano.a
END GROUP
LOAD /opt/st/stm32cubeide_1.14.0/plugins/com.st.stm32cube.ide.mcu.externaltools.gnu-tools-for-stm32.11.3.rel1.linux64_1.1.100.202309141235/tools/bin/../lib/gcc/arm-none-eabi/11.3.1/../../../../arm-none-eabi/lib/thumb/v7e-m+fp/hard/libstdc++_nano.a
LOAD /opt/st/stm32cubeide_1.14.0/plugins/com.st.stm32cube.ide.mcu.externaltools.gnu-tools-for-stm32.11.3.rel1.linux64_1.1.100.202309141235/tools/bin/../lib/gcc/arm-none-eabi/11.3.1/../../../../arm-none-eabi/lib/thumb/v7e-m+fp/hard/libm.a
LOAD /opt/st/stm32cubeide_1.14.0/plugins/com.st.stm32cube.ide.mcu.externaltools.gnu-tools-for-stm32.11.3.rel1.linux64_1.1.100.202309141235/tools/bin/../lib/gcc/arm-none-eabi/11.3.1/../../../../arm-none-eabi/lib/thumb/v7e-m+fp/hard/libc_nano.a
START GROUP
LOAD /opt/st/stm32cubeide_1.14.0/plugins/com.st.stm32cube.ide.mcu.externaltools.gnu-tools-for-stm32.11.3.rel1.linux64_1.1.100.202309141235/tools/bin/../lib/gcc/arm-none-eabi/11.3.1/thumb/v7e-m+fp/hard/libgcc.a
LOAD /opt/st/stm32cubeide_1.14.0/plugins/com.st.stm32cube.ide.mcu.externaltools.gnu-tools-for-stm32.11.3.rel1.linux64_1.1.100.202309141235/tools/bin/../lib/gcc/arm-none-eabi/11.3.1/../../../../arm-none-eabi/lib/thumb/v7e-m+fp/hard/libc_nano.a
END GROUP
START GROUP
LOAD /opt/st/stm32cubeide_1.14.0/plugins/com.st.stm32cube.ide.mcu.externaltools.gnu-tools-for-stm32.11.3.rel1.linux64_1.1.100.202309141235/tools/bin/../lib/gcc/arm-none-eabi/11.3.1/thumb/v7e-m+fp/hard/libgcc.a
LOAD /opt/st/stm32cubeide_1.14.0/plugins/com.st.stm32cube.ide.mcu.externaltools.gnu-tools-for-stm32.11.3.rel1.linux64_1.1.100.202309141235/tools/bin/../lib/gcc/arm-none-eabi/11.3.1/../../../../arm-none-eabi/lib/thumb/v7e-m+fp/hard/libc_nano.a
LOAD /opt/st/stm32cubeide_1.14.0/plugins/com.st.stm32cube.ide.mcu.externaltools.gnu-tools-for-stm32.11.3.rel1.linux64_1.1.100.202309141235/tools/bin/../lib/gcc/arm-none-eabi/11.3.1/../../../../arm-none-eabi/lib/thumb/v7e-m+fp/hard/libnosys.a
END GROUP
START GROUP
LOAD /opt/st/stm32cubeide_1.14.0/plugins/com.st.stm32cube.ide.mcu.externaltools.gnu-tools-for-stm32.11.3.rel1.linux64_1.1.100.202309141235/tools/bin/../lib/gcc/arm-none-eabi/11.3.1/thumb/v7e-m+fp/hard/libgcc.a
LOAD /opt/st/stm32cubeide_1.14.0/plugins/com.st.stm32cube.ide.mcu.externaltools.gnu-tools-for-stm32.11.3.rel1.linux64_1.1.100.202309141235/tools/bin/../lib/gcc/arm-none-eabi/11.3.1/../../../../arm-none-eabi/lib/thumb/v7e-m+fp/hard/libc_nano.a
LOAD /opt/st/stm32cubeide_1.14.0/plugins/com.st.stm32cube.ide.mcu.externaltools.gnu-tools-for-stm32.11.3.rel1.linux64_1.1.100.202309141235/tools/bin/../lib/gcc/arm-none-eabi/11.3.1/../../../../arm-none-eabi/lib/thumb/v7e-m+fp/hard/libnosys.a
END GROUP
LOAD /opt/st/stm32cubeide_1.14.0/plugins/com.st.stm32cube.ide.mcu.externaltools.gnu-tools-for-stm32.11.3.rel1.linux64_1.1.100.202309141235/tools/bin/../lib/gcc/arm-none-eabi/11.3.1/thumb/v7e-m+fp/hard/crtend.o
LOAD /opt/st/stm32cubeide_1.14.0/plugins/com.st.stm32cube.ide.mcu.externaltools.gnu-tools-for-stm32.11.3.rel1.linux64_1.1.100.202309141235/tools/bin/../lib/gcc/arm-none-eabi/11.3.1/thumb/v7e-m+fp/hard/crtn.o
                0x0000000020008000                _estack = (ORIGIN (RAM) + LENGTH (RAM))
                0x0000000000000200                _Min_Heap_Size = 0x200
                0x0000000000000400                _Min_Stack_Size = 0x400

.isr_vector     0x0000000008000000      0x1d8
                0x0000000008000000                . = ALIGN (0x4)
 *(.isr_vector)
 .isr_vector    0x0000000008000000      0x1d8 ./Core/Startup/startup_stm32g431kbtx.o
                0x0000000008000000                g_pfnVectors
                0x00000000080001d8                . = ALIGN (0x4)

.text           0x00000000080001e0     0xb564
                0x00000000080001e0                . = ALIGN (0x4)
 *(.text)
 .text          0x00000000080001e0       0x40 /opt/st/stm32cubeide_1.14.0/plugins/com.st.stm32cube.ide.mcu.externaltools.gnu-tools-for-stm32.11.3.rel1.linux64_1.1.100.202309141235/tools/bin/../lib/gcc/arm-none-eabi/11.3.1/thumb/v7e-m+fp/hard/crtbegin.o
 .text          0x0000000008000220       0xa0 /opt/st/stm32cubeide_1.14.0/plugins/com.st.stm32cube.ide.mcu.externaltools.gnu-tools-for-stm32.11.3.rel1.linux64_1.1.100.202309141235/tools/bin/../lib/gcc/arm-none-eabi/11.3.1/../../../../arm-none-eabi/lib/thumb/v7e-m+fp/hard/libc_nano.a(libc_a-memchr.o)
                0x0000000008000220                memchr
 .text          0x00000000080002c0      0x378 /opt/st/stm32cubeide_1.14.0/plugins/com.st.stm32cube.ide.mcu.externaltools.gnu-tools-for-stm32.11.3.rel1.linux64_1.1.100.202309141235/tools/bin/../lib/gcc/arm-none-eabi/11.3.1/thumb/v7e-m+fp/hard/libgcc.a(_arm_addsubdf3.o)
                0x00000000080002c0                __aeabi_drsub
                0x00000000080002c8                __aeabi_dsub
                0x00000000080002c8                __subdf3
                0x00000000080002cc                __adddf3
                0x00000000080002cc                __aeabi_dadd
                0x0000000008000544                __aeabi_ui2d
                0x0000000008000544                __floatunsidf
                0x0000000008000564                __floatsidf
                0x0000000008000564                __aeabi_i2d
                0x0000000008000588                __extendsfdf2
                0x0000000008000588                __aeabi_f2d
                0x00000000080005cc                __aeabi_ul2d
                0x00000000080005cc                __floatundidf
                0x00000000080005dc                __floatdidf
                0x00000000080005dc                __aeabi_l2d
 .text          0x0000000008000638      0x424 /opt/st/stm32cubeide_1.14.0/plugins/com.st.stm32cube.ide.mcu.externaltools.gnu-tools-for-stm32.11.3.rel1.linux64_1.1.100.202309141235/tools/bin/../lib/gcc/arm-none-eabi/11.3.1/thumb/v7e-m+fp/hard/libgcc.a(_arm_muldivdf3.o)
                0x0000000008000638                __aeabi_dmul
                0x0000000008000638                __muldf3
                0x000000000800088c                __aeabi_ddiv
                0x000000000800088c                __divdf3
 .text          0x0000000008000a5c      0x110 /opt/st/stm32cubeide_1.14.0/plugins/com.st.stm32cube.ide.mcu.externaltools.gnu-tools-for-stm32.11.3.rel1.linux64_1.1.100.202309141235/tools/bin/../lib/gcc/arm-none-eabi/11.3.1/thumb/v7e-m+fp/hard/libgcc.a(_arm_cmpdf2.o)
                0x0000000008000a5c                __gtdf2
                0x0000000008000a5c                __gedf2
                0x0000000008000a64                __ltdf2
                0x0000000008000a64                __ledf2
                0x0000000008000a6c                __cmpdf2
                0x0000000008000a6c                __eqdf2
                0x0000000008000a6c                __nedf2
                0x0000000008000ae8                __aeabi_cdrcmple
                0x0000000008000af8                __aeabi_cdcmple
                0x0000000008000af8                __aeabi_cdcmpeq
                0x0000000008000b08                __aeabi_dcmpeq
                0x0000000008000b1c                __aeabi_dcmplt
                0x0000000008000b30                __aeabi_dcmple
                0x0000000008000b44                __aeabi_dcmpge
                0x0000000008000b58                __aeabi_dcmpgt
 .text          0x0000000008000b6c       0x50 /opt/st/stm32cubeide_1.14.0/plugins/com.st.stm32cube.ide.mcu.externaltools.gnu-tools-for-stm32.11.3.rel1.linux64_1.1.100.202309141235/tools/bin/../lib/gcc/arm-none-eabi/11.3.1/thumb/v7e-m+fp/hard/libgcc.a(_arm_fixdfsi.o)
                0x0000000008000b6c                __fixdfsi
                0x0000000008000b6c                __aeabi_d2iz
 .text          0x0000000008000bbc       0x40 /opt/st/stm32cubeide_1.14.0/plugins/com.st.stm32cube.ide.mcu.externaltools.gnu-tools-for-stm32.11.3.rel1.linux64_1.1.100.202309141235/tools/bin/../lib/gcc/arm-none-eabi/11.3.1/thumb/v7e-m+fp/hard/libgcc.a(_arm_fixunsdfsi.o)
                0x0000000008000bbc                __fixunsdfsi
                0x0000000008000bbc                __aeabi_d2uiz
 .text          0x0000000008000bfc       0xa0 /opt/st/stm32cubeide_1.14.0/plugins/com.st.stm32cube.ide.mcu.externaltools.gnu-tools-for-stm32.11.3.rel1.linux64_1.1.100.202309141235/tools/bin/../lib/gcc/arm-none-eabi/11.3.1/thumb/v7e-m+fp/hard/libgcc.a(_arm_truncdfsf2.o)
                0x0000000008000bfc                __aeabi_d2f
                0x0000000008000bfc                __truncdfsf2
 *(.text*)
 .text._ZN9ChampiCanC2EP19FDCAN_HandleTypeDef
                0x0000000008000c9c       0x64 ./Core/Src/ChampiCan.o
                0x0000000008000c9c                ChampiCan::ChampiCan(FDCAN_HandleTypeDef*)
                0x0000000008000c9c                ChampiCan::ChampiCan(FDCAN_HandleTypeDef*)
 .text._ZN9ChampiCanC2Ev
                0x0000000008000d00       0x30 ./Core/Src/ChampiCan.o
                0x0000000008000d00                ChampiCan::ChampiCan()
                0x0000000008000d00                ChampiCan::ChampiCan()
 .text._ZN9ChampiCan5startEv
                0x0000000008000d30       0x52 ./Core/Src/ChampiCan.o
                0x0000000008000d30                ChampiCan::start()
 .text._ZN9ChampiCan10send_frameEmPhm
                0x0000000008000d82       0x74 ./Core/Src/ChampiCan.o
                0x0000000008000d82                ChampiCan::send_frame(unsigned long, unsigned char*, unsigned long)
 *fill*         0x0000000008000df6        0x2 
 .text._ZN9ChampiCan8send_msgEmPhm
                0x0000000008000df8      0x134 ./Core/Src/ChampiCan.o
                0x0000000008000df8                ChampiCan::send_msg(unsigned long, unsigned char*, unsigned long)
 .text._ZN9ChampiCanD2Ev
                0x0000000008000f2c       0x20 ./Core/Src/ChampiCan.o
                0x0000000008000f2c                ChampiCan::~ChampiCan()
                0x0000000008000f2c                ChampiCan::~ChampiCan()
 .text._ZN9ChampiCanD0Ev
                0x0000000008000f4c       0x20 ./Core/Src/ChampiCan.o
                0x0000000008000f4c                ChampiCan::~ChampiCan()
 .text._ZN11ChampiStateC2Ev
                0x0000000008000f6c       0x2c ./Core/Src/ChampiState.o
                0x0000000008000f6c                ChampiState::ChampiState()
                0x0000000008000f6c                ChampiState::ChampiState()
 .text._ZN11ChampiStateC2EP9ChampiCanm
                0x0000000008000f98       0x50 ./Core/Src/ChampiState.o
                0x0000000008000f98                ChampiState::ChampiState(ChampiCan*, unsigned long)
                0x0000000008000f98                ChampiState::ChampiState(ChampiCan*, unsigned long)
 .text._ZN11ChampiStateD2Ev
                0x0000000008000fe8       0x20 ./Core/Src/ChampiState.o
                0x0000000008000fe8                ChampiState::~ChampiState()
                0x0000000008000fe8                ChampiState::~ChampiState()
 .text._ZN11ChampiStateD0Ev
                0x0000000008001008       0x20 ./Core/Src/ChampiState.o
                0x0000000008001008                ChampiState::~ChampiState()
 .text._ZN11ChampiState13report_statusE27_msgs_can_Status_StatusType26_msgs_can_Status_ErrorType
                0x0000000008001028       0x3e ./Core/Src/ChampiState.o
                0x0000000008001028                ChampiState::report_status(_msgs_can_Status_StatusType, _msgs_can_Status_ErrorType)
 *fill*         0x0000000008001066        0x2 
 .text._ZN11ChampiState11send_statusEv
                0x0000000008001068       0x54 ./Core/Src/ChampiState.o
                0x0000000008001068                ChampiState::send_status()
 .text._ZN11ChampiState9spin_onceEv
                0x00000000080010bc       0x44 ./Core/Src/ChampiState.o
                0x00000000080010bc                ChampiState::spin_once()
 .text._Z3subPKdS0_Pd
                0x0000000008001100       0x54 ./Core/Src/HolonomicDrive3.o
                0x0000000008001100                sub(double const*, double const*, double*)
 .text._Z3absPKdPd
                0x0000000008001154       0x7c ./Core/Src/HolonomicDrive3.o
                0x0000000008001154                abs(double const*, double*)
 .text._Z13get_index_maxPKd
                0x00000000080011d0       0x7c ./Core/Src/HolonomicDrive3.o
                0x00000000080011d0                get_index_max(double const*)
 .text._ZN3VelC2Ev
                0x000000000800124c       0x40 ./Core/Src/HolonomicDrive3.o
                0x000000000800124c                Vel::Vel()
                0x000000000800124c                Vel::Vel()
 .text._ZN7StepperaSERKS_
                0x000000000800128c       0x54 ./Core/Src/HolonomicDrive3.o
                0x000000000800128c                Stepper::operator=(Stepper const&)
 .text._ZN15HolonomicDrive3C2ERK7StepperS2_S2_
                0x00000000080012e0       0xf0 ./Core/Src/HolonomicDrive3.o
                0x00000000080012e0                HolonomicDrive3::HolonomicDrive3(Stepper const&, Stepper const&, Stepper const&)
                0x00000000080012e0                HolonomicDrive3::HolonomicDrive3(Stepper const&, Stepper const&, Stepper const&)
 .text._ZN15HolonomicDrive3C2Ev
                0x00000000080013d0       0x94 ./Core/Src/HolonomicDrive3.o
                0x00000000080013d0                HolonomicDrive3::HolonomicDrive3()
                0x00000000080013d0                HolonomicDrive3::HolonomicDrive3()
 .text._ZN15HolonomicDrive311set_cmd_velE3Vel
                0x0000000008001464       0x4a ./Core/Src/HolonomicDrive3.o
                0x0000000008001464                HolonomicDrive3::set_cmd_vel(Vel)
 *fill*         0x00000000080014ae        0x2 
 .text._ZN15HolonomicDrive321compute_wheels_speedsE3VelPd
                0x00000000080014b0      0x17c ./Core/Src/HolonomicDrive3.o
                0x00000000080014b0                HolonomicDrive3::compute_wheels_speeds(Vel, double*)
 .text._ZN15HolonomicDrive319write_wheels_speedsEPd
                0x000000000800162c       0x6e ./Core/Src/HolonomicDrive3.o
                0x000000000800162c                HolonomicDrive3::write_wheels_speeds(double*)
 *fill*         0x000000000800169a        0x2 
 .text._ZN15HolonomicDrive324spin_once_motors_controlEv
                0x000000000800169c      0x190 ./Core/Src/HolonomicDrive3.o
                0x000000000800169c                HolonomicDrive3::spin_once_motors_control()
 .text._ZN15HolonomicDrive315get_current_velEv
                0x000000000800182c       0x56 ./Core/Src/HolonomicDrive3.o
                0x000000000800182c                HolonomicDrive3::get_current_vel()
 *fill*         0x0000000008001882        0x6 
 .text._ZN15HolonomicDrive318update_current_velEPKd
                0x0000000008001888      0x148 ./Core/Src/HolonomicDrive3.o
                0x0000000008001888                HolonomicDrive3::update_current_vel(double const*)
 .text._ZN15HolonomicDrive310set_configEddd
                0x00000000080019d0       0x7c ./Core/Src/HolonomicDrive3.o
                0x00000000080019d0                HolonomicDrive3::set_config(double, double, double)
 .text._ZN15HolonomicDrive313is_configuredEv
                0x0000000008001a4c       0x1a ./Core/Src/HolonomicDrive3.o
                0x0000000008001a4c                HolonomicDrive3::new_config_received()
 *fill*         0x0000000008001a66        0x2 
 .text._ZN15HolonomicDrive3D2Ev
                0x0000000008001a68       0x40 ./Core/Src/HolonomicDrive3.o
                0x0000000008001a68                HolonomicDrive3::~HolonomicDrive3()
                0x0000000008001a68                HolonomicDrive3::~HolonomicDrive3()
 .text._ZN15HolonomicDrive3D0Ev
                0x0000000008001aa8       0x22 ./Core/Src/HolonomicDrive3.o
                0x0000000008001aa8                HolonomicDrive3::~HolonomicDrive3()
 *fill*         0x0000000008001aca        0x2 
 .text._ZN17MessageRecomposerC2Ev
                0x0000000008001acc       0x40 ./Core/Src/MessageRecomposer.o
                0x0000000008001acc                MessageRecomposer::MessageRecomposer()
                0x0000000008001acc                MessageRecomposer::MessageRecomposer()
 .text._ZN17MessageRecomposer9add_frameEPhh
                0x0000000008001b0c      0x198 ./Core/Src/MessageRecomposer.o
                0x0000000008001b0c                MessageRecomposer::add_frame(unsigned char*, unsigned char)
 .text._ZN17MessageRecomposer21check_if_new_full_msgEv
                0x0000000008001ca4       0x18 ./Core/Src/MessageRecomposer.o
                0x0000000008001ca4                MessageRecomposer::check_if_new_full_msg()
 .text._ZN17MessageRecomposer12get_full_msgB5cxx11Ev
                0x0000000008001cbc       0x26 ./Core/Src/MessageRecomposer.o
                0x0000000008001cbc                MessageRecomposer::get_full_msg[abi:cxx11]()
 *fill*         0x0000000008001ce2        0x2 
 .text._ZN17MessageRecomposerD2Ev
                0x0000000008001ce4       0x4c ./Core/Src/MessageRecomposer.o
                0x0000000008001ce4                MessageRecomposer::~MessageRecomposer()
                0x0000000008001ce4                MessageRecomposer::~MessageRecomposer()
 .text._ZN17MessageRecomposerD0Ev
                0x0000000008001d30       0x22 ./Core/Src/MessageRecomposer.o
                0x0000000008001d30                MessageRecomposer::~MessageRecomposer()
 .text._ZN17MessageRecomposer17decode_descriptorEPhRiS1_S1_
                0x0000000008001d52       0x54 ./Core/Src/MessageRecomposer.o
                0x0000000008001d52                MessageRecomposer::decode_descriptor(unsigned char*, int&, int&, int&)
 .text._ZN17MessageRecomposer19all_frames_receivedEv
                0x0000000008001da6       0x44 ./Core/Src/MessageRecomposer.o
                0x0000000008001da6                MessageRecomposer::all_frames_received()
 *fill*         0x0000000008001dea        0x2 
 .text._Z21PWM_set_high_durationP11TIM_TypeDefi
                0x0000000008001dec       0x5c ./Core/Src/Stepper.o
                0x0000000008001dec                PWM_set_high_duration(TIM_TypeDef*, int)
 .text._Z12PWM_set_freqP11TIM_TypeDefi
                0x0000000008001e48       0x58 ./Core/Src/Stepper.o
                0x0000000008001e48                PWM_set_freq(TIM_TypeDef*, int)
 .text._ZN7StepperC2Ev
                0x0000000008001ea0       0x20 ./Core/Src/Stepper.o
                0x0000000008001ea0                Stepper::Stepper()
                0x0000000008001ea0                Stepper::Stepper()
 .text._ZN7StepperC2E17TIM_HandleTypeDefmP12GPIO_TypeDeft
                0x0000000008001ec0       0x84 ./Core/Src/Stepper.o
                0x0000000008001ec0                Stepper::Stepper(TIM_HandleTypeDef, unsigned long, GPIO_TypeDef*, unsigned short)
                0x0000000008001ec0                Stepper::Stepper(TIM_HandleTypeDef, unsigned long, GPIO_TypeDef*, unsigned short)
 .text._ZN7Stepper19set_speed_step_freqEii
                0x0000000008001f44       0x98 ./Core/Src/Stepper.o
                0x0000000008001f44                Stepper::set_speed_step_freq(int, int)
 .text._ZN7Stepper13set_speed_rpsEf
                0x0000000008001fdc       0x58 ./Core/Src/Stepper.o
                0x0000000008001fdc                Stepper::set_speed_rps(float)
 .text._ZN7StepperD2Ev
                0x0000000008002034       0x20 ./Core/Src/Stepper.o
                0x0000000008002034                Stepper::~Stepper()
                0x0000000008002034                Stepper::~Stepper()
 .text._ZN7StepperD0Ev
                0x0000000008002054       0x20 ./Core/Src/Stepper.o
                0x0000000008002054                Stepper::~Stepper()
 *fill*         0x0000000008002074        0x4 
 .text._Z13set_loop_freqi
                0x0000000008002078       0x6c ./Core/Src/main.o
                0x0000000008002078                set_loop_freq(int)
 .text.HAL_TIM_PeriodElapsedCallback
                0x00000000080020e4       0x24 ./Core/Src/main.o
                0x00000000080020e4                HAL_TIM_PeriodElapsedCallback
 .text.HAL_FDCAN_RxFifo0Callback
                0x0000000008002108       0xd8 ./Core/Src/main.o
                0x0000000008002108                HAL_FDCAN_RxFifo0Callback
 .text._Z18on_receive_cmd_velRKNSt7__cxx1112basic_stringIcSt11char_traitsIcESaIcEEE
                0x00000000080021e0       0xdc ./Core/Src/main.o
                0x00000000080021e0                on_receive_cmd_vel(std::__cxx11::basic_string<char, std::char_traits<char>, std::allocator<char> > const&)
 .text._Z12transmit_vel3Vel
                0x00000000080022bc       0xec ./Core/Src/main.o
                0x00000000080022bc                transmit_vel(Vel)
 .text._Z17on_receive_configRKNSt7__cxx1112basic_stringIcSt11char_traitsIcESaIcEEE
                0x00000000080023a8       0xd0 ./Core/Src/main.o
                0x00000000080023a8                on_receive_config(std::__cxx11::basic_string<char, std::char_traits<char>, std::allocator<char> > const&)
 .text._Z19transmit_ret_config20_msgs_can_BaseConfig
                0x0000000008002478       0x80 ./Core/Src/main.o
                0x0000000008002478                transmit_ret_config(_msgs_can_BaseConfig)
 .text._Z10wait_tx_okv
                0x00000000080024f8       0xa0 ./Core/Src/main.o
                0x00000000080024f8                wait_tx_ok()
 .text._ZN15HolonomicDrive3aSERKS_
                0x0000000008002598       0xb6 ./Core/Src/main.o
                0x0000000008002598                HolonomicDrive3::operator=(HolonomicDrive3 const&)
 .text._ZN9ChampiCanaSERKS_
                0x000000000800264e       0x36 ./Core/Src/main.o
                0x000000000800264e                ChampiCan::operator=(ChampiCan const&)
 .text._ZN17MessageRecomposeraSERKS_
                0x0000000008002684       0x80 ./Core/Src/main.o
                0x0000000008002684                MessageRecomposer::operator=(MessageRecomposer const&)
 .text._ZN11ChampiStateaSERKS_
                0x0000000008002704       0x5a ./Core/Src/main.o
                0x0000000008002704                ChampiState::operator=(ChampiState const&)
 *fill*         0x000000000800275e        0x2 
 .text._Z5setupv
                0x0000000008002760      0x238 ./Core/Src/main.o
                0x0000000008002760                setup()
 .text._Z4loopv
                0x0000000008002998       0x74 ./Core/Src/main.o
                0x0000000008002998                loop()
 .text.main     0x0000000008002a0c       0x2a ./Core/Src/main.o
                0x0000000008002a0c                main
 .text._Z18SystemClock_Configv
                0x0000000008002a36       0xaa ./Core/Src/main.o
                0x0000000008002a36                SystemClock_Config()
 .text._ZL14MX_FDCAN1_Initv
                0x0000000008002ae0       0x98 ./Core/Src/main.o
 .text._ZL12MX_TIM1_Initv
                0x0000000008002b78      0x1a0 ./Core/Src/main.o
 .text._ZL12MX_TIM6_Initv
                0x0000000008002d18       0x80 ./Core/Src/main.o
 .text._ZL12MX_TIM8_Initv
                0x0000000008002d98      0x1a0 ./Core/Src/main.o
 .text._ZL13MX_TIM15_Initv
                0x0000000008002f38      0x138 ./Core/Src/main.o
 .text._ZL12MX_GPIO_Initv
                0x0000000008003070       0xc8 ./Core/Src/main.o
 .text.Error_Handler
                0x0000000008003138       0x20 ./Core/Src/main.o
                0x0000000008003138                Error_Handler
 .text._Z41__static_initialization_and_destruction_0ii
                0x0000000008003158       0xb4 ./Core/Src/main.o
 .text._GLOBAL__sub_I_hfdcan1
                0x000000000800320c       0x10 ./Core/Src/main.o
 .text._GLOBAL__sub_D_hfdcan1
                0x000000000800321c       0x10 ./Core/Src/main.o
 .text.load_descriptor_values
                0x000000000800322c      0x2d4 ./Core/Src/pb_common.o
 .text.advance_iterator
                0x0000000008003500       0xc2 ./Core/Src/pb_common.o
 .text.pb_field_iter_begin
                0x00000000080035c2       0x32 ./Core/Src/pb_common.o
                0x00000000080035c2                pb_field_iter_begin
 .text.pb_field_iter_begin_extension
                0x00000000080035f4       0x60 ./Core/Src/pb_common.o
                0x00000000080035f4                pb_field_iter_begin_extension
 .text.pb_field_iter_next
                0x0000000008003654       0x2a ./Core/Src/pb_common.o
                0x0000000008003654                pb_field_iter_next
 .text.pb_field_iter_find
                0x000000000800367e       0xac ./Core/Src/pb_common.o
                0x000000000800367e                pb_field_iter_find
 .text.pb_field_iter_find_extension
                0x000000000800372a       0x66 ./Core/Src/pb_common.o
                0x000000000800372a                pb_field_iter_find_extension
 .text.pb_const_cast
                0x0000000008003790       0x1a ./Core/Src/pb_common.o
 .text.pb_field_iter_begin_const
                0x00000000080037aa       0x28 ./Core/Src/pb_common.o
                0x00000000080037aa                pb_field_iter_begin_const
 .text.pb_field_iter_begin_extension_const
                0x00000000080037d2       0x24 ./Core/Src/pb_common.o
                0x00000000080037d2                pb_field_iter_begin_extension_const
 .text.pb_default_field_callback
                0x00000000080037f6       0x6a ./Core/Src/pb_common.o
                0x00000000080037f6                pb_default_field_callback
 .text.buf_read
                0x0000000008003860       0x38 ./Core/Src/pb_decode.o
 .text.pb_read  0x0000000008003898       0xec ./Core/Src/pb_decode.o
                0x0000000008003898                pb_read
 .text.pb_readbyte
                0x0000000008003984       0x78 ./Core/Src/pb_decode.o
 .text.pb_istream_from_buffer
                0x00000000080039fc       0x3c ./Core/Src/pb_decode.o
                0x00000000080039fc                pb_istream_from_buffer
 .text.pb_decode_varint32_eof
                0x0000000008003a38      0x154 ./Core/Src/pb_decode.o
 .text.pb_decode_varint32
                0x0000000008003b8c       0x1e ./Core/Src/pb_decode.o
                0x0000000008003b8c                pb_decode_varint32
 *fill*         0x0000000008003baa        0x2 
 .text.pb_decode_varint
                0x0000000008003bac       0xcc ./Core/Src/pb_decode.o
                0x0000000008003bac                pb_decode_varint
 .text.pb_skip_varint
                0x0000000008003c78       0x38 ./Core/Src/pb_decode.o
 .text.pb_skip_string
                0x0000000008003cb0       0x3a ./Core/Src/pb_decode.o
 .text.pb_decode_tag
                0x0000000008003cea       0x5e ./Core/Src/pb_decode.o
                0x0000000008003cea                pb_decode_tag
 .text.pb_skip_field
                0x0000000008003d48       0x84 ./Core/Src/pb_decode.o
                0x0000000008003d48                pb_skip_field
 .text.read_raw_value
                0x0000000008003dcc       0xd8 ./Core/Src/pb_decode.o
 .text.pb_make_string_substream
                0x0000000008003ea4       0x74 ./Core/Src/pb_decode.o
                0x0000000008003ea4                pb_make_string_substream
 .text.pb_close_string_substream
                0x0000000008003f18       0x4a ./Core/Src/pb_decode.o
                0x0000000008003f18                pb_close_string_substream
 *fill*         0x0000000008003f62        0x2 
 .text.decode_basic_field
                0x0000000008003f64      0x1ec ./Core/Src/pb_decode.o
 .text.decode_static_field
                0x0000000008004150      0x280 ./Core/Src/pb_decode.o
 .text.decode_pointer_field
                0x00000000080043d0       0x34 ./Core/Src/pb_decode.o
 .text.decode_callback_field
                0x0000000008004404      0x114 ./Core/Src/pb_decode.o
 .text.decode_field
                0x0000000008004518       0x7c ./Core/Src/pb_decode.o
 .text.default_extension_decoder
                0x0000000008004594       0x74 ./Core/Src/pb_decode.o
 .text.decode_extension
                0x0000000008004608       0x78 ./Core/Src/pb_decode.o
 .text.pb_field_set_to_default
                0x0000000008004680      0x182 ./Core/Src/pb_decode.o
 .text.pb_message_set_to_defaults
                0x0000000008004802       0xfa ./Core/Src/pb_decode.o
 .text.pb_decode_inner
                0x00000000080048fc      0x374 ./Core/Src/pb_decode.o
 .text.pb_decode
                0x0000000008004c70       0x26 ./Core/Src/pb_decode.o
                0x0000000008004c70                pb_decode
 .text.pb_decode_bool
                0x0000000008004c96       0x40 ./Core/Src/pb_decode.o
                0x0000000008004c96                pb_decode_bool
 .text.pb_decode_svarint
                0x0000000008004cd6       0x86 ./Core/Src/pb_decode.o
                0x0000000008004cd6                pb_decode_svarint
 .text.pb_decode_fixed32
                0x0000000008004d5c       0x38 ./Core/Src/pb_decode.o
                0x0000000008004d5c                pb_decode_fixed32
 .text.pb_decode_fixed64
                0x0000000008004d94       0x3c ./Core/Src/pb_decode.o
                0x0000000008004d94                pb_decode_fixed64
 .text.pb_dec_bool
                0x0000000008004dd0       0x20 ./Core/Src/pb_decode.o
 .text.pb_dec_varint
                0x0000000008004df0      0x258 ./Core/Src/pb_decode.o
 .text.pb_dec_bytes
                0x0000000008005048       0xe8 ./Core/Src/pb_decode.o
 .text.pb_dec_string
                0x0000000008005130       0xf8 ./Core/Src/pb_decode.o
 .text.pb_dec_submessage
                0x0000000008005228      0x114 ./Core/Src/pb_decode.o
 .text.pb_dec_fixed_length_bytes
                0x000000000800533c       0xa8 ./Core/Src/pb_decode.o
 .text.buf_write
                0x00000000080053e4       0x30 ./Core/Src/pb_encode.o
 .text.pb_ostream_from_buffer
                0x0000000008005414       0x40 ./Core/Src/pb_encode.o
                0x0000000008005414                pb_ostream_from_buffer
 .text.pb_write
                0x0000000008005454       0xa0 ./Core/Src/pb_encode.o
                0x0000000008005454                pb_write
 .text.safe_read_bool
                0x00000000080054f4       0x3c ./Core/Src/pb_encode.o
 .text.encode_array
                0x0000000008005530      0x2a8 ./Core/Src/pb_encode.o
 .text.pb_check_proto3_default_value
                0x00000000080057d8      0x23c ./Core/Src/pb_encode.o
 .text.encode_basic_field
                0x0000000008005a14       0xe8 ./Core/Src/pb_encode.o
 .text.encode_callback_field
                0x0000000008005afc       0x54 ./Core/Src/pb_encode.o
 .text.encode_field
                0x0000000008005b50       0xe8 ./Core/Src/pb_encode.o
 .text.default_extension_encoder
                0x0000000008005c38       0x54 ./Core/Src/pb_encode.o
 .text.encode_extension_field
                0x0000000008005c8c       0x62 ./Core/Src/pb_encode.o
 .text.pb_encode
                0x0000000008005cee       0x88 ./Core/Src/pb_encode.o
                0x0000000008005cee                pb_encode
 .text.pb_encode_varint_32
                0x0000000008005d76       0xd4 ./Core/Src/pb_encode.o
 .text.pb_encode_varint
                0x0000000008005e4a       0x56 ./Core/Src/pb_encode.o
                0x0000000008005e4a                pb_encode_varint
 .text.pb_encode_svarint
                0x0000000008005ea0       0x74 ./Core/Src/pb_encode.o
                0x0000000008005ea0                pb_encode_svarint
 .text.pb_encode_fixed32
                0x0000000008005f14       0x1e ./Core/Src/pb_encode.o
                0x0000000008005f14                pb_encode_fixed32
 .text.pb_encode_fixed64
                0x0000000008005f32       0x1e ./Core/Src/pb_encode.o
                0x0000000008005f32                pb_encode_fixed64
 .text.pb_encode_tag
                0x0000000008005f50       0x52 ./Core/Src/pb_encode.o
                0x0000000008005f50                pb_encode_tag
 *fill*         0x0000000008005fa2        0x2 
 .text.pb_encode_tag_for_field
                0x0000000008005fa4       0x9c ./Core/Src/pb_encode.o
                0x0000000008005fa4                pb_encode_tag_for_field
 .text.pb_encode_string
                0x0000000008006040       0x42 ./Core/Src/pb_encode.o
                0x0000000008006040                pb_encode_string
 *fill*         0x0000000008006082        0x2 
 .text.pb_encode_submessage
                0x0000000008006084      0x11c ./Core/Src/pb_encode.o
                0x0000000008006084                pb_encode_submessage
 .text.pb_enc_bool
                0x00000000080061a0       0x34 ./Core/Src/pb_encode.o
 .text.pb_enc_varint
                0x00000000080061d4      0x184 ./Core/Src/pb_encode.o
 .text.pb_enc_fixed
                0x0000000008006358       0x5c ./Core/Src/pb_encode.o
 .text.pb_enc_bytes
                0x00000000080063b4       0x7c ./Core/Src/pb_encode.o
 .text.pb_enc_string
                0x0000000008006430       0xbc ./Core/Src/pb_encode.o
 .text.pb_enc_submessage
                0x00000000080064ec       0x8c ./Core/Src/pb_encode.o
 .text.pb_enc_fixed_length_bytes
                0x0000000008006578       0x24 ./Core/Src/pb_encode.o
 .text.HAL_MspInit
                0x000000000800659c       0x48 ./Core/Src/stm32g4xx_hal_msp.o
                0x000000000800659c                HAL_MspInit
 .text.HAL_FDCAN_MspInit
                0x00000000080065e4       0xc4 ./Core/Src/stm32g4xx_hal_msp.o
                0x00000000080065e4                HAL_FDCAN_MspInit
 .text.HAL_TIM_Base_MspInit
                0x00000000080066a8       0x9c ./Core/Src/stm32g4xx_hal_msp.o
                0x00000000080066a8                HAL_TIM_Base_MspInit
 .text.HAL_TIM_PWM_MspInit
                0x0000000008006744       0x40 ./Core/Src/stm32g4xx_hal_msp.o
                0x0000000008006744                HAL_TIM_PWM_MspInit
 .text.HAL_TIM_MspPostInit
                0x0000000008006784      0x104 ./Core/Src/stm32g4xx_hal_msp.o
                0x0000000008006784                HAL_TIM_MspPostInit
 .text.NMI_Handler
                0x0000000008006888        0x6 ./Core/Src/stm32g4xx_it.o
                0x0000000008006888                NMI_Handler
 .text.HardFault_Handler
                0x000000000800688e        0x6 ./Core/Src/stm32g4xx_it.o
                0x000000000800688e                HardFault_Handler
 .text.MemManage_Handler
                0x0000000008006894        0x6 ./Core/Src/stm32g4xx_it.o
                0x0000000008006894                MemManage_Handler
 .text.BusFault_Handler
                0x000000000800689a        0x6 ./Core/Src/stm32g4xx_it.o
                0x000000000800689a                BusFault_Handler
 .text.UsageFault_Handler
                0x00000000080068a0        0x6 ./Core/Src/stm32g4xx_it.o
                0x00000000080068a0                UsageFault_Handler
 .text.SVC_Handler
                0x00000000080068a6        0xe ./Core/Src/stm32g4xx_it.o
                0x00000000080068a6                SVC_Handler
 .text.DebugMon_Handler
                0x00000000080068b4        0xe ./Core/Src/stm32g4xx_it.o
                0x00000000080068b4                DebugMon_Handler
 .text.PendSV_Handler
                0x00000000080068c2        0xe ./Core/Src/stm32g4xx_it.o
                0x00000000080068c2                PendSV_Handler
 .text.SysTick_Handler
                0x00000000080068d0        0xc ./Core/Src/stm32g4xx_it.o
                0x00000000080068d0                SysTick_Handler
 .text.FDCAN1_IT0_IRQHandler
                0x00000000080068dc       0x14 ./Core/Src/stm32g4xx_it.o
                0x00000000080068dc                FDCAN1_IT0_IRQHandler
 .text.TIM6_DAC_IRQHandler
                0x00000000080068f0       0x14 ./Core/Src/stm32g4xx_it.o
                0x00000000080068f0                TIM6_DAC_IRQHandler
 .text._getpid  0x0000000008006904       0x10 ./Core/Src/syscalls.o
                0x0000000008006904                _getpid
 .text._kill    0x0000000008006914       0x20 ./Core/Src/syscalls.o
                0x0000000008006914                _kill
 .text._exit    0x0000000008006934       0x14 ./Core/Src/syscalls.o
                0x0000000008006934                _exit
 .text._read    0x0000000008006948       0x3a ./Core/Src/syscalls.o
                0x0000000008006948                _read
 .text._write   0x0000000008006982       0x38 ./Core/Src/syscalls.o
                0x0000000008006982                _write
 .text._close   0x00000000080069ba       0x18 ./Core/Src/syscalls.o
                0x00000000080069ba                _close
 .text._fstat   0x00000000080069d2       0x20 ./Core/Src/syscalls.o
                0x00000000080069d2                _fstat
 .text._isatty  0x00000000080069f2       0x16 ./Core/Src/syscalls.o
                0x00000000080069f2                _isatty
 .text._lseek   0x0000000008006a08       0x1a ./Core/Src/syscalls.o
                0x0000000008006a08                _lseek
 *fill*         0x0000000008006a22        0x2 
 .text._sbrk    0x0000000008006a24       0x6c ./Core/Src/sysmem.o
                0x0000000008006a24                _sbrk
 .text.SystemInit
                0x0000000008006a90       0x24 ./Core/Src/system_stm32g4xx.o
                0x0000000008006a90                SystemInit
 .text.Reset_Handler
                0x0000000008006ab4       0x50 ./Core/Startup/startup_stm32g431kbtx.o
                0x0000000008006ab4                Reset_Handler
 .text.Default_Handler
                0x0000000008006b04        0x2 ./Core/Startup/startup_stm32g431kbtx.o
                0x0000000008006b04                RTC_Alarm_IRQHandler
                0x0000000008006b04                EXTI2_IRQHandler
                0x0000000008006b04                TIM8_TRG_COM_IRQHandler
                0x0000000008006b04                TIM8_CC_IRQHandler
                0x0000000008006b04                TIM1_CC_IRQHandler
                0x0000000008006b04                USB_HP_IRQHandler
                0x0000000008006b04                CORDIC_IRQHandler
                0x0000000008006b04                EXTI3_IRQHandler
                0x0000000008006b04                I2C3_ER_IRQHandler
                0x0000000008006b04                EXTI0_IRQHandler
                0x0000000008006b04                I2C2_EV_IRQHandler
                0x0000000008006b04                FPU_IRQHandler
                0x0000000008006b04                FDCAN1_IT1_IRQHandler
                0x0000000008006b04                TIM1_UP_TIM16_IRQHandler
                0x0000000008006b04                ADC1_2_IRQHandler
                0x0000000008006b04                SPI1_IRQHandler
                0x0000000008006b04                TIM8_UP_IRQHandler
                0x0000000008006b04                DMA2_Channel2_IRQHandler
                0x0000000008006b04                DMA1_Channel4_IRQHandler
                0x0000000008006b04                USART3_IRQHandler
                0x0000000008006b04                TIM4_IRQHandler
                0x0000000008006b04                DMA2_Channel1_IRQHandler
                0x0000000008006b04                I2C1_EV_IRQHandler
                0x0000000008006b04                DMA1_Channel6_IRQHandler
                0x0000000008006b04                UART4_IRQHandler
                0x0000000008006b04                DMA2_Channel4_IRQHandler
                0x0000000008006b04                TIM3_IRQHandler
                0x0000000008006b04                RCC_IRQHandler
                0x0000000008006b04                DMA1_Channel1_IRQHandler
                0x0000000008006b04                Default_Handler
                0x0000000008006b04                RTC_TAMP_LSECSS_IRQHandler
                0x0000000008006b04                FMAC_IRQHandler
                0x0000000008006b04                EXTI15_10_IRQHandler
                0x0000000008006b04                TIM7_IRQHandler
                0x0000000008006b04                UCPD1_IRQHandler
                0x0000000008006b04                I2C3_EV_IRQHandler
                0x0000000008006b04                EXTI9_5_IRQHandler
                0x0000000008006b04                RTC_WKUP_IRQHandler
                0x0000000008006b04                PVD_PVM_IRQHandler
                0x0000000008006b04                SPI2_IRQHandler
                0x0000000008006b04                DMA2_Channel5_IRQHandler
                0x0000000008006b04                CRS_IRQHandler
                0x0000000008006b04                DMA1_Channel5_IRQHandler
                0x0000000008006b04                USB_LP_IRQHandler
                0x0000000008006b04                EXTI4_IRQHandler
                0x0000000008006b04                RNG_IRQHandler
                0x0000000008006b04                TIM1_TRG_COM_TIM17_IRQHandler
                0x0000000008006b04                DMA1_Channel3_IRQHandler
                0x0000000008006b04                WWDG_IRQHandler
                0x0000000008006b04                LPUART1_IRQHandler
                0x0000000008006b04                DMA2_Channel6_IRQHandler
                0x0000000008006b04                TIM2_IRQHandler
                0x0000000008006b04                COMP1_2_3_IRQHandler
                0x0000000008006b04                EXTI1_IRQHandler
                0x0000000008006b04                USART2_IRQHandler
                0x0000000008006b04                I2C2_ER_IRQHandler
                0x0000000008006b04                DMA1_Channel2_IRQHandler
                0x0000000008006b04                TIM8_BRK_IRQHandler
                0x0000000008006b04                FLASH_IRQHandler
                0x0000000008006b04                USART1_IRQHandler
                0x0000000008006b04                SPI3_IRQHandler
                0x0000000008006b04                I2C1_ER_IRQHandler
                0x0000000008006b04                LPTIM1_IRQHandler
                0x0000000008006b04                DMAMUX_OVR_IRQHandler
                0x0000000008006b04                USBWakeUp_IRQHandler
                0x0000000008006b04                SAI1_IRQHandler
                0x0000000008006b04                DMA2_Channel3_IRQHandler
                0x0000000008006b04                COMP4_IRQHandler
                0x0000000008006b04                TIM1_BRK_TIM15_IRQHandler
 .text.HAL_Init
                0x0000000008006b06       0x30 ./Drivers/STM32G4xx_HAL_Driver/Src/stm32g4xx_hal.o
                0x0000000008006b06                HAL_Init
 *fill*         0x0000000008006b36        0x2 
 .text.HAL_InitTick
                0x0000000008006b38       0x74 ./Drivers/STM32G4xx_HAL_Driver/Src/stm32g4xx_hal.o
                0x0000000008006b38                HAL_InitTick
 .text.HAL_IncTick
                0x0000000008006bac       0x24 ./Drivers/STM32G4xx_HAL_Driver/Src/stm32g4xx_hal.o
                0x0000000008006bac                HAL_IncTick
 .text.HAL_GetTick
                0x0000000008006bd0       0x18 ./Drivers/STM32G4xx_HAL_Driver/Src/stm32g4xx_hal.o
                0x0000000008006bd0                HAL_GetTick
 .text.HAL_Delay
                0x0000000008006be8       0x44 ./Drivers/STM32G4xx_HAL_Driver/Src/stm32g4xx_hal.o
                0x0000000008006be8                HAL_Delay
 .text.__NVIC_SetPriorityGrouping
                0x0000000008006c2c       0x48 ./Drivers/STM32G4xx_HAL_Driver/Src/stm32g4xx_hal_cortex.o
 .text.__NVIC_GetPriorityGrouping
                0x0000000008006c74       0x1c ./Drivers/STM32G4xx_HAL_Driver/Src/stm32g4xx_hal_cortex.o
 .text.__NVIC_EnableIRQ
                0x0000000008006c90       0x3c ./Drivers/STM32G4xx_HAL_Driver/Src/stm32g4xx_hal_cortex.o
 .text.__NVIC_SetPriority
                0x0000000008006ccc       0x54 ./Drivers/STM32G4xx_HAL_Driver/Src/stm32g4xx_hal_cortex.o
 .text.NVIC_EncodePriority
                0x0000000008006d20       0x66 ./Drivers/STM32G4xx_HAL_Driver/Src/stm32g4xx_hal_cortex.o
 *fill*         0x0000000008006d86        0x2 
 .text.SysTick_Config
                0x0000000008006d88       0x44 ./Drivers/STM32G4xx_HAL_Driver/Src/stm32g4xx_hal_cortex.o
 .text.HAL_NVIC_SetPriorityGrouping
                0x0000000008006dcc       0x16 ./Drivers/STM32G4xx_HAL_Driver/Src/stm32g4xx_hal_cortex.o
                0x0000000008006dcc                HAL_NVIC_SetPriorityGrouping
 .text.HAL_NVIC_SetPriority
                0x0000000008006de2       0x34 ./Drivers/STM32G4xx_HAL_Driver/Src/stm32g4xx_hal_cortex.o
                0x0000000008006de2                HAL_NVIC_SetPriority
 .text.HAL_NVIC_EnableIRQ
                0x0000000008006e16       0x1c ./Drivers/STM32G4xx_HAL_Driver/Src/stm32g4xx_hal_cortex.o
                0x0000000008006e16                HAL_NVIC_EnableIRQ
 .text.HAL_SYSTICK_Config
                0x0000000008006e32       0x18 ./Drivers/STM32G4xx_HAL_Driver/Src/stm32g4xx_hal_cortex.o
                0x0000000008006e32                HAL_SYSTICK_Config
 *fill*         0x0000000008006e4a        0x2 
 .text.HAL_FDCAN_Init
                0x0000000008006e4c      0x2b4 ./Drivers/STM32G4xx_HAL_Driver/Src/stm32g4xx_hal_fdcan.o
                0x0000000008006e4c                HAL_FDCAN_Init
 .text.HAL_FDCAN_Start
                0x0000000008007100       0x50 ./Drivers/STM32G4xx_HAL_Driver/Src/stm32g4xx_hal_fdcan.o
                0x0000000008007100                HAL_FDCAN_Start
 .text.HAL_FDCAN_AddMessageToTxFifoQ
                0x0000000008007150       0x88 ./Drivers/STM32G4xx_HAL_Driver/Src/stm32g4xx_hal_fdcan.o
                0x0000000008007150                HAL_FDCAN_AddMessageToTxFifoQ
 .text.HAL_FDCAN_GetRxMessage
                0x00000000080071d8      0x210 ./Drivers/STM32G4xx_HAL_Driver/Src/stm32g4xx_hal_fdcan.o
                0x00000000080071d8                HAL_FDCAN_GetRxMessage
 .text.HAL_FDCAN_GetTxFifoFreeLevel
                0x00000000080073e8       0x24 ./Drivers/STM32G4xx_HAL_Driver/Src/stm32g4xx_hal_fdcan.o
                0x00000000080073e8                HAL_FDCAN_GetTxFifoFreeLevel
 .text.HAL_FDCAN_ActivateNotification
                0x000000000800740c      0x1cc ./Drivers/STM32G4xx_HAL_Driver/Src/stm32g4xx_hal_fdcan.o
                0x000000000800740c                HAL_FDCAN_ActivateNotification
 .text.HAL_FDCAN_IRQHandler
                0x00000000080075d8      0x24a ./Drivers/STM32G4xx_HAL_Driver/Src/stm32g4xx_hal_fdcan.o
                0x00000000080075d8                HAL_FDCAN_IRQHandler
 .text.HAL_FDCAN_TxEventFifoCallback
                0x0000000008007822       0x16 ./Drivers/STM32G4xx_HAL_Driver/Src/stm32g4xx_hal_fdcan.o
                0x0000000008007822                HAL_FDCAN_TxEventFifoCallback
 .text.HAL_FDCAN_RxFifo1Callback
                0x0000000008007838       0x16 ./Drivers/STM32G4xx_HAL_Driver/Src/stm32g4xx_hal_fdcan.o
                0x0000000008007838                HAL_FDCAN_RxFifo1Callback
 .text.HAL_FDCAN_TxFifoEmptyCallback
                0x000000000800784e       0x14 ./Drivers/STM32G4xx_HAL_Driver/Src/stm32g4xx_hal_fdcan.o
                0x000000000800784e                HAL_FDCAN_TxFifoEmptyCallback
 .text.HAL_FDCAN_TxBufferCompleteCallback
                0x0000000008007862       0x16 ./Drivers/STM32G4xx_HAL_Driver/Src/stm32g4xx_hal_fdcan.o
                0x0000000008007862                HAL_FDCAN_TxBufferCompleteCallback
 .text.HAL_FDCAN_TxBufferAbortCallback
                0x0000000008007878       0x16 ./Drivers/STM32G4xx_HAL_Driver/Src/stm32g4xx_hal_fdcan.o
                0x0000000008007878                HAL_FDCAN_TxBufferAbortCallback
 .text.HAL_FDCAN_TimestampWraparoundCallback
                0x000000000800788e       0x14 ./Drivers/STM32G4xx_HAL_Driver/Src/stm32g4xx_hal_fdcan.o
                0x000000000800788e                HAL_FDCAN_TimestampWraparoundCallback
 .text.HAL_FDCAN_TimeoutOccurredCallback
                0x00000000080078a2       0x14 ./Drivers/STM32G4xx_HAL_Driver/Src/stm32g4xx_hal_fdcan.o
                0x00000000080078a2                HAL_FDCAN_TimeoutOccurredCallback
 .text.HAL_FDCAN_HighPriorityMessageCallback
                0x00000000080078b6       0x14 ./Drivers/STM32G4xx_HAL_Driver/Src/stm32g4xx_hal_fdcan.o
                0x00000000080078b6                HAL_FDCAN_HighPriorityMessageCallback
 .text.HAL_FDCAN_ErrorCallback
                0x00000000080078ca       0x14 ./Drivers/STM32G4xx_HAL_Driver/Src/stm32g4xx_hal_fdcan.o
                0x00000000080078ca                HAL_FDCAN_ErrorCallback
 .text.HAL_FDCAN_ErrorStatusCallback
                0x00000000080078de       0x16 ./Drivers/STM32G4xx_HAL_Driver/Src/stm32g4xx_hal_fdcan.o
                0x00000000080078de                HAL_FDCAN_ErrorStatusCallback
 .text.FDCAN_CalcultateRamBlockAddresses
                0x00000000080078f4       0xac ./Drivers/STM32G4xx_HAL_Driver/Src/stm32g4xx_hal_fdcan.o
 .text.FDCAN_CopyMessageToRAM
                0x00000000080079a0       0xf8 ./Drivers/STM32G4xx_HAL_Driver/Src/stm32g4xx_hal_fdcan.o
 .text.HAL_GPIO_Init
                0x0000000008007a98      0x304 ./Drivers/STM32G4xx_HAL_Driver/Src/stm32g4xx_hal_gpio.o
                0x0000000008007a98                HAL_GPIO_Init
 .text.HAL_GPIO_ReadPin
                0x0000000008007d9c       0x30 ./Drivers/STM32G4xx_HAL_Driver/Src/stm32g4xx_hal_gpio.o
                0x0000000008007d9c                HAL_GPIO_ReadPin
 .text.HAL_GPIO_WritePin
                0x0000000008007dcc       0x30 ./Drivers/STM32G4xx_HAL_Driver/Src/stm32g4xx_hal_gpio.o
                0x0000000008007dcc                HAL_GPIO_WritePin
 .text.HAL_GPIO_TogglePin
                0x0000000008007dfc       0x34 ./Drivers/STM32G4xx_HAL_Driver/Src/stm32g4xx_hal_gpio.o
                0x0000000008007dfc                HAL_GPIO_TogglePin
 .text.HAL_PWREx_ControlVoltageScaling
                0x0000000008007e30      0x148 ./Drivers/STM32G4xx_HAL_Driver/Src/stm32g4xx_hal_pwr_ex.o
                0x0000000008007e30                HAL_PWREx_ControlVoltageScaling
 .text.HAL_PWREx_DisableUCPDDeadBattery
                0x0000000008007f78       0x20 ./Drivers/STM32G4xx_HAL_Driver/Src/stm32g4xx_hal_pwr_ex.o
                0x0000000008007f78                HAL_PWREx_DisableUCPDDeadBattery
 .text.HAL_RCC_OscConfig
                0x0000000008007f98      0x624 ./Drivers/STM32G4xx_HAL_Driver/Src/stm32g4xx_hal_rcc.o
                0x0000000008007f98                HAL_RCC_OscConfig
 .text.HAL_RCC_ClockConfig
                0x00000000080085bc      0x278 ./Drivers/STM32G4xx_HAL_Driver/Src/stm32g4xx_hal_rcc.o
                0x00000000080085bc                HAL_RCC_ClockConfig
 .text.HAL_RCC_GetSysClockFreq
                0x0000000008008834       0xc4 ./Drivers/STM32G4xx_HAL_Driver/Src/stm32g4xx_hal_rcc.o
                0x0000000008008834                HAL_RCC_GetSysClockFreq
 .text.RCC_GetSysClockFreqFromPLLSource
                0x00000000080088f8       0x8c ./Drivers/STM32G4xx_HAL_Driver/Src/stm32g4xx_hal_rcc.o
 .text.HAL_RCCEx_PeriphCLKConfig
                0x0000000008008984      0x3e0 ./Drivers/STM32G4xx_HAL_Driver/Src/stm32g4xx_hal_rcc_ex.o
                0x0000000008008984                HAL_RCCEx_PeriphCLKConfig
 .text.HAL_TIM_Base_Init
                0x0000000008008d64       0xae ./Drivers/STM32G4xx_HAL_Driver/Src/stm32g4xx_hal_tim.o
                0x0000000008008d64                HAL_TIM_Base_Init
 *fill*         0x0000000008008e12        0x2 
 .text.HAL_TIM_Base_Start_IT
                0x0000000008008e14       0xd4 ./Drivers/STM32G4xx_HAL_Driver/Src/stm32g4xx_hal_tim.o
                0x0000000008008e14                HAL_TIM_Base_Start_IT
 .text.HAL_TIM_PWM_Init
                0x0000000008008ee8       0xae ./Drivers/STM32G4xx_HAL_Driver/Src/stm32g4xx_hal_tim.o
                0x0000000008008ee8                HAL_TIM_PWM_Init
 *fill*         0x0000000008008f96        0x2 
 .text.HAL_TIM_PWM_Start
                0x0000000008008f98      0x200 ./Drivers/STM32G4xx_HAL_Driver/Src/stm32g4xx_hal_tim.o
                0x0000000008008f98                HAL_TIM_PWM_Start
 .text.HAL_TIM_IRQHandler
                0x0000000008009198      0x29e ./Drivers/STM32G4xx_HAL_Driver/Src/stm32g4xx_hal_tim.o
                0x0000000008009198                HAL_TIM_IRQHandler
 *fill*         0x0000000008009436        0x2 
 .text.HAL_TIM_PWM_ConfigChannel
                0x0000000008009438      0x228 ./Drivers/STM32G4xx_HAL_Driver/Src/stm32g4xx_hal_tim.o
                0x0000000008009438                HAL_TIM_PWM_ConfigChannel
 .text.HAL_TIM_ConfigClockSource
                0x0000000008009660      0x1f4 ./Drivers/STM32G4xx_HAL_Driver/Src/stm32g4xx_hal_tim.o
                0x0000000008009660                HAL_TIM_ConfigClockSource
 .text.HAL_TIM_OC_DelayElapsedCallback
                0x0000000008009854       0x14 ./Drivers/STM32G4xx_HAL_Driver/Src/stm32g4xx_hal_tim.o
                0x0000000008009854                HAL_TIM_OC_DelayElapsedCallback
 .text.HAL_TIM_IC_CaptureCallback
                0x0000000008009868       0x14 ./Drivers/STM32G4xx_HAL_Driver/Src/stm32g4xx_hal_tim.o
                0x0000000008009868                HAL_TIM_IC_CaptureCallback
 .text.HAL_TIM_PWM_PulseFinishedCallback
                0x000000000800987c       0x14 ./Drivers/STM32G4xx_HAL_Driver/Src/stm32g4xx_hal_tim.o
                0x000000000800987c                HAL_TIM_PWM_PulseFinishedCallback
 .text.HAL_TIM_TriggerCallback
                0x0000000008009890       0x14 ./Drivers/STM32G4xx_HAL_Driver/Src/stm32g4xx_hal_tim.o
                0x0000000008009890                HAL_TIM_TriggerCallback
 .text.TIM_Base_SetConfig
                0x00000000080098a4      0x138 ./Drivers/STM32G4xx_HAL_Driver/Src/stm32g4xx_hal_tim.o
                0x00000000080098a4                TIM_Base_SetConfig
 .text.TIM_OC1_SetConfig
                0x00000000080099dc      0x120 ./Drivers/STM32G4xx_HAL_Driver/Src/stm32g4xx_hal_tim.o
 .text.TIM_OC2_SetConfig
                0x0000000008009afc      0x114 ./Drivers/STM32G4xx_HAL_Driver/Src/stm32g4xx_hal_tim.o
                0x0000000008009afc                TIM_OC2_SetConfig
 .text.TIM_OC3_SetConfig
                0x0000000008009c10      0x110 ./Drivers/STM32G4xx_HAL_Driver/Src/stm32g4xx_hal_tim.o
 .text.TIM_OC4_SetConfig
                0x0000000008009d20      0x114 ./Drivers/STM32G4xx_HAL_Driver/Src/stm32g4xx_hal_tim.o
 .text.TIM_OC5_SetConfig
                0x0000000008009e34       0xc8 ./Drivers/STM32G4xx_HAL_Driver/Src/stm32g4xx_hal_tim.o
 .text.TIM_OC6_SetConfig
                0x0000000008009efc       0xcc ./Drivers/STM32G4xx_HAL_Driver/Src/stm32g4xx_hal_tim.o
 .text.TIM_TI1_ConfigInputStage
                0x0000000008009fc8       0x5e ./Drivers/STM32G4xx_HAL_Driver/Src/stm32g4xx_hal_tim.o
 .text.TIM_TI2_ConfigInputStage
                0x000000000800a026       0x60 ./Drivers/STM32G4xx_HAL_Driver/Src/stm32g4xx_hal_tim.o
 .text.TIM_ITRx_SetConfig
                0x000000000800a086       0x3a ./Drivers/STM32G4xx_HAL_Driver/Src/stm32g4xx_hal_tim.o
 .text.TIM_ETR_SetConfig
                0x000000000800a0c0       0x40 ./Drivers/STM32G4xx_HAL_Driver/Src/stm32g4xx_hal_tim.o
                0x000000000800a0c0                TIM_ETR_SetConfig
 .text.TIM_CCxChannelCmd
                0x000000000800a100       0x4a ./Drivers/STM32G4xx_HAL_Driver/Src/stm32g4xx_hal_tim.o
                0x000000000800a100                TIM_CCxChannelCmd
 *fill*         0x000000000800a14a        0x2 
 .text.HAL_TIMEx_MasterConfigSynchronization
                0x000000000800a14c      0x104 ./Drivers/STM32G4xx_HAL_Driver/Src/stm32g4xx_hal_tim_ex.o
                0x000000000800a14c                HAL_TIMEx_MasterConfigSynchronization
 .text.HAL_TIMEx_ConfigBreakDeadTime
                0x000000000800a250      0x118 ./Drivers/STM32G4xx_HAL_Driver/Src/stm32g4xx_hal_tim_ex.o
                0x000000000800a250                HAL_TIMEx_ConfigBreakDeadTime
 .text.HAL_TIMEx_CommutCallback
                0x000000000800a368       0x14 ./Drivers/STM32G4xx_HAL_Driver/Src/stm32g4xx_hal_tim_ex.o
                0x000000000800a368                HAL_TIMEx_CommutCallback
 .text.HAL_TIMEx_BreakCallback
                0x000000000800a37c       0x14 ./Drivers/STM32G4xx_HAL_Driver/Src/stm32g4xx_hal_tim_ex.o
                0x000000000800a37c                HAL_TIMEx_BreakCallback
 .text.HAL_TIMEx_Break2Callback
                0x000000000800a390       0x14 ./Drivers/STM32G4xx_HAL_Driver/Src/stm32g4xx_hal_tim_ex.o
                0x000000000800a390                HAL_TIMEx_Break2Callback
 .text.HAL_TIMEx_EncoderIndexCallback
                0x000000000800a3a4       0x14 ./Drivers/STM32G4xx_HAL_Driver/Src/stm32g4xx_hal_tim_ex.o
                0x000000000800a3a4                HAL_TIMEx_EncoderIndexCallback
 .text.HAL_TIMEx_DirectionChangeCallback
                0x000000000800a3b8       0x14 ./Drivers/STM32G4xx_HAL_Driver/Src/stm32g4xx_hal_tim_ex.o
                0x000000000800a3b8                HAL_TIMEx_DirectionChangeCallback
 .text.HAL_TIMEx_IndexErrorCallback
                0x000000000800a3cc       0x14 ./Drivers/STM32G4xx_HAL_Driver/Src/stm32g4xx_hal_tim_ex.o
                0x000000000800a3cc                HAL_TIMEx_IndexErrorCallback
 .text.HAL_TIMEx_TransitionErrorCallback
                0x000000000800a3e0       0x14 ./Drivers/STM32G4xx_HAL_Driver/Src/stm32g4xx_hal_tim_ex.o
                0x000000000800a3e0                HAL_TIMEx_TransitionErrorCallback
 .text._ZdlPvj  0x000000000800a3f4        0x4 /opt/st/stm32cubeide_1.14.0/plugins/com.st.stm32cube.ide.mcu.externaltools.gnu-tools-for-stm32.11.3.rel1.linux64_1.1.100.202309141235/tools/bin/../lib/gcc/arm-none-eabi/11.3.1/../../../../arm-none-eabi/lib/thumb/v7e-m+fp/hard/libstdc++_nano.a(del_ops.o)
                0x000000000800a3f4                operator delete(void*, unsigned int)
 .text._ZNSaIcEC2Ev
                0x000000000800a3f8        0x2 /opt/st/stm32cubeide_1.14.0/plugins/com.st.stm32cube.ide.mcu.externaltools.gnu-tools-for-stm32.11.3.rel1.linux64_1.1.100.202309141235/tools/bin/../lib/gcc/arm-none-eabi/11.3.1/../../../../arm-none-eabi/lib/thumb/v7e-m+fp/hard/libstdc++_nano.a(allocator-inst.o)
                0x000000000800a3f8                std::allocator<char>::allocator()
                0x000000000800a3f8                std::allocator<char>::allocator()
 .text._ZNSaIcED2Ev
                0x000000000800a3fa        0x2 /opt/st/stm32cubeide_1.14.0/plugins/com.st.stm32cube.ide.mcu.externaltools.gnu-tools-for-stm32.11.3.rel1.linux64_1.1.100.202309141235/tools/bin/../lib/gcc/arm-none-eabi/11.3.1/../../../../arm-none-eabi/lib/thumb/v7e-m+fp/hard/libstdc++_nano.a(allocator-inst.o)
                0x000000000800a3fa                std::allocator<char>::~allocator()
                0x000000000800a3fa                std::allocator<char>::~allocator()
 .text._ZNSt11char_traitsIcE4copyEPcPKcj.isra.0
                0x000000000800a3fc        0x8 /opt/st/stm32cubeide_1.14.0/plugins/com.st.stm32cube.ide.mcu.externaltools.gnu-tools-for-stm32.11.3.rel1.linux64_1.1.100.202309141235/tools/bin/../lib/gcc/arm-none-eabi/11.3.1/../../../../arm-none-eabi/lib/thumb/v7e-m+fp/hard/libstdc++_nano.a(string-inst.o)
 .text._ZNSt7__cxx1112basic_stringIcSt11char_traitsIcESaIcEE9_M_createERjj
                0x000000000800a404       0x44 /opt/st/stm32cubeide_1.14.0/plugins/com.st.stm32cube.ide.mcu.externaltools.gnu-tools-for-stm32.11.3.rel1.linux64_1.1.100.202309141235/tools/bin/../lib/gcc/arm-none-eabi/11.3.1/../../../../arm-none-eabi/lib/thumb/v7e-m+fp/hard/libstdc++_nano.a(string-inst.o)
                0x000000000800a404                std::__cxx11::basic_string<char, std::char_traits<char>, std::allocator<char> >::_M_create(unsigned int&, unsigned int)
 .text._ZNSt7__cxx1112basic_stringIcSt11char_traitsIcESaIcEE10_M_disposeEv
                0x000000000800a448       0x10 /opt/st/stm32cubeide_1.14.0/plugins/com.st.stm32cube.ide.mcu.externaltools.gnu-tools-for-stm32.11.3.rel1.linux64_1.1.100.202309141235/tools/bin/../lib/gcc/arm-none-eabi/11.3.1/../../../../arm-none-eabi/lib/thumb/v7e-m+fp/hard/libstdc++_nano.a(string-inst.o)
                0x000000000800a448                std::__cxx11::basic_string<char, std::char_traits<char>, std::allocator<char> >::_M_dispose()
 .text._ZNSt7__cxx1112basic_stringIcSt11char_traitsIcESaIcEE7_S_copyEPcPKcj
                0x000000000800a458       0x18 /opt/st/stm32cubeide_1.14.0/plugins/com.st.stm32cube.ide.mcu.externaltools.gnu-tools-for-stm32.11.3.rel1.linux64_1.1.100.202309141235/tools/bin/../lib/gcc/arm-none-eabi/11.3.1/../../../../arm-none-eabi/lib/thumb/v7e-m+fp/hard/libstdc++_nano.a(string-inst.o)
                0x000000000800a458                std::__cxx11::basic_string<char, std::char_traits<char>, std::allocator<char> >::_S_copy(char*, char const*, unsigned int)
 .text._ZNSt7__cxx1112basic_stringIcSt11char_traitsIcESaIcEE13_S_copy_charsEPcS5_S5_
                0x000000000800a470        0xa /opt/st/stm32cubeide_1.14.0/plugins/com.st.stm32cube.ide.mcu.externaltools.gnu-tools-for-stm32.11.3.rel1.linux64_1.1.100.202309141235/tools/bin/../lib/gcc/arm-none-eabi/11.3.1/../../../../arm-none-eabi/lib/thumb/v7e-m+fp/hard/libstdc++_nano.a(string-inst.o)
                0x000000000800a470                std::__cxx11::basic_string<char, std::char_traits<char>, std::allocator<char> >::_S_copy_chars(char*, char*, char*)
 .text._ZNSt7__cxx1112basic_stringIcSt11char_traitsIcESaIcEE13_S_copy_charsEPcPKcS7_
                0x000000000800a47a        0xa /opt/st/stm32cubeide_1.14.0/plugins/com.st.stm32cube.ide.mcu.externaltools.gnu-tools-for-stm32.11.3.rel1.linux64_1.1.100.202309141235/tools/bin/../lib/gcc/arm-none-eabi/11.3.1/../../../../arm-none-eabi/lib/thumb/v7e-m+fp/hard/libstdc++_nano.a(string-inst.o)
                0x000000000800a47a                std::__cxx11::basic_string<char, std::char_traits<char>, std::allocator<char> >::_S_copy_chars(char*, char const*, char const*)
 .text._ZNSt7__cxx1112basic_stringIcSt11char_traitsIcESaIcEE9_M_assignERKS4_
                0x000000000800a484       0x4c /opt/st/stm32cubeide_1.14.0/plugins/com.st.stm32cube.ide.mcu.externaltools.gnu-tools-for-stm32.11.3.rel1.linux64_1.1.100.202309141235/tools/bin/../lib/gcc/arm-none-eabi/11.3.1/../../../../arm-none-eabi/lib/thumb/v7e-m+fp/hard/libstdc++_nano.a(string-inst.o)
                0x000000000800a484                std::__cxx11::basic_string<char, std::char_traits<char>, std::allocator<char> >::_M_assign(std::__cxx11::basic_string<char, std::char_traits<char>, std::allocator<char> > const&)
 .text._ZNSt7__cxx1112basic_stringIcSt11char_traitsIcESaIcEE9_M_mutateEjjPKcj
                0x000000000800a4d0       0x78 /opt/st/stm32cubeide_1.14.0/plugins/com.st.stm32cube.ide.mcu.externaltools.gnu-tools-for-stm32.11.3.rel1.linux64_1.1.100.202309141235/tools/bin/../lib/gcc/arm-none-eabi/11.3.1/../../../../arm-none-eabi/lib/thumb/v7e-m+fp/hard/libstdc++_nano.a(string-inst.o)
                0x000000000800a4d0                std::__cxx11::basic_string<char, std::char_traits<char>, std::allocator<char> >::_M_mutate(unsigned int, unsigned int, char const*, unsigned int)
 .text._ZNSt7__cxx1112basic_stringIcSt11char_traitsIcESaIcEEC2Ev
                0x000000000800a548        0xe /opt/st/stm32cubeide_1.14.0/plugins/com.st.stm32cube.ide.mcu.externaltools.gnu-tools-for-stm32.11.3.rel1.linux64_1.1.100.202309141235/tools/bin/../lib/gcc/arm-none-eabi/11.3.1/../../../../arm-none-eabi/lib/thumb/v7e-m+fp/hard/libstdc++_nano.a(string-inst.o)
                0x000000000800a548                std::__cxx11::basic_string<char, std::char_traits<char>, std::allocator<char> >::basic_string()
                0x000000000800a548                std::__cxx11::basic_string<char, std::char_traits<char>, std::allocator<char> >::basic_string()
 .text._ZNSt7__cxx1112basic_stringIcSt11char_traitsIcESaIcEED2Ev
                0x000000000800a556        0xc /opt/st/stm32cubeide_1.14.0/plugins/com.st.stm32cube.ide.mcu.externaltools.gnu-tools-for-stm32.11.3.rel1.linux64_1.1.100.202309141235/tools/bin/../lib/gcc/arm-none-eabi/11.3.1/../../../../arm-none-eabi/lib/thumb/v7e-m+fp/hard/libstdc++_nano.a(string-inst.o)
                0x000000000800a556                std::__cxx11::basic_string<char, std::char_traits<char>, std::allocator<char> >::~basic_string()
                0x000000000800a556                std::__cxx11::basic_string<char, std::char_traits<char>, std::allocator<char> >::~basic_string()
 .text._ZNSt7__cxx1112basic_stringIcSt11char_traitsIcESaIcEEaSERKS4_
                0x000000000800a562        0xc /opt/st/stm32cubeide_1.14.0/plugins/com.st.stm32cube.ide.mcu.externaltools.gnu-tools-for-stm32.11.3.rel1.linux64_1.1.100.202309141235/tools/bin/../lib/gcc/arm-none-eabi/11.3.1/../../../../arm-none-eabi/lib/thumb/v7e-m+fp/hard/libstdc++_nano.a(string-inst.o)
                0x000000000800a562                std::__cxx11::basic_string<char, std::char_traits<char>, std::allocator<char> >::operator=(std::__cxx11::basic_string<char, std::char_traits<char>, std::allocator<char> > const&)
 .text._ZNSt7__cxx1112basic_stringIcSt11char_traitsIcESaIcEEaSEOS4_
                0x000000000800a56e       0x56 /opt/st/stm32cubeide_1.14.0/plugins/com.st.stm32cube.ide.mcu.externaltools.gnu-tools-for-stm32.11.3.rel1.linux64_1.1.100.202309141235/tools/bin/../lib/gcc/arm-none-eabi/11.3.1/../../../../arm-none-eabi/lib/thumb/v7e-m+fp/hard/libstdc++_nano.a(string-inst.o)
                0x000000000800a56e                std::__cxx11::basic_string<char, std::char_traits<char>, std::allocator<char> >::operator=(std::__cxx11::basic_string<char, std::char_traits<char>, std::allocator<char> >&&)
 .text._ZNKSt7__cxx1112basic_stringIcSt11char_traitsIcESaIcEE4sizeEv
                0x000000000800a5c4        0x4 /opt/st/stm32cubeide_1.14.0/plugins/com.st.stm32cube.ide.mcu.externaltools.gnu-tools-for-stm32.11.3.rel1.linux64_1.1.100.202309141235/tools/bin/../lib/gcc/arm-none-eabi/11.3.1/../../../../arm-none-eabi/lib/thumb/v7e-m+fp/hard/libstdc++_nano.a(string-inst.o)
                0x000000000800a5c4                std::__cxx11::basic_string<char, std::char_traits<char>, std::allocator<char> >::size() const
 .text._ZNSt7__cxx1112basic_stringIcSt11char_traitsIcESaIcEE9_M_appendEPKcj
                0x000000000800a5c8       0x44 /opt/st/stm32cubeide_1.14.0/plugins/com.st.stm32cube.ide.mcu.externaltools.gnu-tools-for-stm32.11.3.rel1.linux64_1.1.100.202309141235/tools/bin/../lib/gcc/arm-none-eabi/11.3.1/../../../../arm-none-eabi/lib/thumb/v7e-m+fp/hard/libstdc++_nano.a(string-inst.o)
                0x000000000800a5c8                std::__cxx11::basic_string<char, std::char_traits<char>, std::allocator<char> >::_M_append(char const*, unsigned int)
 .text._ZNSt7__cxx1112basic_stringIcSt11char_traitsIcESaIcEE6appendERKS4_
                0x000000000800a60c        0xc /opt/st/stm32cubeide_1.14.0/plugins/com.st.stm32cube.ide.mcu.externaltools.gnu-tools-for-stm32.11.3.rel1.linux64_1.1.100.202309141235/tools/bin/../lib/gcc/arm-none-eabi/11.3.1/../../../../arm-none-eabi/lib/thumb/v7e-m+fp/hard/libstdc++_nano.a(string-inst.o)
                0x000000000800a60c                std::__cxx11::basic_string<char, std::char_traits<char>, std::allocator<char> >::append(std::__cxx11::basic_string<char, std::char_traits<char>, std::allocator<char> > const&)
 .text._ZNSt7__cxx1112basic_stringIcSt11char_traitsIcESaIcEEpLERKS4_
                0x000000000800a618        0x8 /opt/st/stm32cubeide_1.14.0/plugins/com.st.stm32cube.ide.mcu.externaltools.gnu-tools-for-stm32.11.3.rel1.linux64_1.1.100.202309141235/tools/bin/../lib/gcc/arm-none-eabi/11.3.1/../../../../arm-none-eabi/lib/thumb/v7e-m+fp/hard/libstdc++_nano.a(string-inst.o)
                0x000000000800a618                std::__cxx11::basic_string<char, std::char_traits<char>, std::allocator<char> >::operator+=(std::__cxx11::basic_string<char, std::char_traits<char>, std::allocator<char> > const&)
 .text._ZNKSt7__cxx1112basic_stringIcSt11char_traitsIcESaIcEE5c_strEv
                0x000000000800a620        0x4 /opt/st/stm32cubeide_1.14.0/plugins/com.st.stm32cube.ide.mcu.externaltools.gnu-tools-for-stm32.11.3.rel1.linux64_1.1.100.202309141235/tools/bin/../lib/gcc/arm-none-eabi/11.3.1/../../../../arm-none-eabi/lib/thumb/v7e-m+fp/hard/libstdc++_nano.a(string-inst.o)
                0x000000000800a620                std::__cxx11::basic_string<char, std::char_traits<char>, std::allocator<char> >::c_str() const
 .text._ZNSt7__cxx1112basic_stringIcSt11char_traitsIcESaIcEE12_M_constructIPcEEvT_S7_St20forward_iterator_tag
                0x000000000800a624       0x48 /opt/st/stm32cubeide_1.14.0/plugins/com.st.stm32cube.ide.mcu.externaltools.gnu-tools-for-stm32.11.3.rel1.linux64_1.1.100.202309141235/tools/bin/../lib/gcc/arm-none-eabi/11.3.1/../../../../arm-none-eabi/lib/thumb/v7e-m+fp/hard/libstdc++_nano.a(string-inst.o)
                0x000000000800a624                void std::__cxx11::basic_string<char, std::char_traits<char>, std::allocator<char> >::_M_construct<char*>(char*, char*, std::forward_iterator_tag)
 .text._ZNSt7__cxx1112basic_stringIcSt11char_traitsIcESaIcEEC2ERKS4_
                0x000000000800a66c       0x1e /opt/st/stm32cubeide_1.14.0/plugins/com.st.stm32cube.ide.mcu.externaltools.gnu-tools-for-stm32.11.3.rel1.linux64_1.1.100.202309141235/tools/bin/../lib/gcc/arm-none-eabi/11.3.1/../../../../arm-none-eabi/lib/thumb/v7e-m+fp/hard/libstdc++_nano.a(string-inst.o)
                0x000000000800a66c                std::__cxx11::basic_string<char, std::char_traits<char>, std::allocator<char> >::basic_string(std::__cxx11::basic_string<char, std::char_traits<char>, std::allocator<char> > const&)
                0x000000000800a66c                std::__cxx11::basic_string<char, std::char_traits<char>, std::allocator<char> >::basic_string(std::__cxx11::basic_string<char, std::char_traits<char>, std::allocator<char> > const&)
 *fill*         0x000000000800a68a        0x2 
 .text._ZNSt7__cxx1112basic_stringIcSt11char_traitsIcESaIcEE12_M_constructIPKcEEvT_S8_St20forward_iterator_tag
                0x000000000800a68c       0x48 /opt/st/stm32cubeide_1.14.0/plugins/com.st.stm32cube.ide.mcu.externaltools.gnu-tools-for-stm32.11.3.rel1.linux64_1.1.100.202309141235/tools/bin/../lib/gcc/arm-none-eabi/11.3.1/../../../../arm-none-eabi/lib/thumb/v7e-m+fp/hard/libstdc++_nano.a(string-inst.o)
                0x000000000800a68c                void std::__cxx11::basic_string<char, std::char_traits<char>, std::allocator<char> >::_M_construct<char const*>(char const*, char const*, std::forward_iterator_tag)
 .text._ZNSt7__cxx1112basic_stringIcSt11char_traitsIcESaIcEEC2EPKcjRKS3_
                0x000000000800a6d4       0x18 /opt/st/stm32cubeide_1.14.0/plugins/com.st.stm32cube.ide.mcu.externaltools.gnu-tools-for-stm32.11.3.rel1.linux64_1.1.100.202309141235/tools/bin/../lib/gcc/arm-none-eabi/11.3.1/../../../../arm-none-eabi/lib/thumb/v7e-m+fp/hard/libstdc++_nano.a(string-inst.o)
                0x000000000800a6d4                std::__cxx11::basic_string<char, std::char_traits<char>, std::allocator<char> >::basic_string(char const*, unsigned int, std::allocator<char> const&)
                0x000000000800a6d4                std::__cxx11::basic_string<char, std::char_traits<char>, std::allocator<char> >::basic_string(char const*, unsigned int, std::allocator<char> const&)
 .text._ZdlPv   0x000000000800a6ec        0x4 /opt/st/stm32cubeide_1.14.0/plugins/com.st.stm32cube.ide.mcu.externaltools.gnu-tools-for-stm32.11.3.rel1.linux64_1.1.100.202309141235/tools/bin/../lib/gcc/arm-none-eabi/11.3.1/../../../../arm-none-eabi/lib/thumb/v7e-m+fp/hard/libstdc++_nano.a(del_op.o)
                0x000000000800a6ec                operator delete(void*)
 .text._Znwj    0x000000000800a6f0       0x22 /opt/st/stm32cubeide_1.14.0/plugins/com.st.stm32cube.ide.mcu.externaltools.gnu-tools-for-stm32.11.3.rel1.linux64_1.1.100.202309141235/tools/bin/../lib/gcc/arm-none-eabi/11.3.1/../../../../arm-none-eabi/lib/thumb/v7e-m+fp/hard/libstdc++_nano.a(new_op.o)
                0x000000000800a6f0                operator new(unsigned int)
 .text.unlikely._ZSt17__throw_bad_allocv
                0x000000000800a712        0x6 /opt/st/stm32cubeide_1.14.0/plugins/com.st.stm32cube.ide.mcu.externaltools.gnu-tools-for-stm32.11.3.rel1.linux64_1.1.100.202309141235/tools/bin/../lib/gcc/arm-none-eabi/11.3.1/../../../../arm-none-eabi/lib/thumb/v7e-m+fp/hard/libstdc++_nano.a(functexcept.o)
                0x000000000800a712                std::__throw_bad_alloc()
 .text.unlikely._ZSt19__throw_logic_errorPKc
                0x000000000800a718        0x6 /opt/st/stm32cubeide_1.14.0/plugins/com.st.stm32cube.ide.mcu.externaltools.gnu-tools-for-stm32.11.3.rel1.linux64_1.1.100.202309141235/tools/bin/../lib/gcc/arm-none-eabi/11.3.1/../../../../arm-none-eabi/lib/thumb/v7e-m+fp/hard/libstdc++_nano.a(functexcept.o)
                0x000000000800a718                std::__throw_logic_error(char const*)
 .text.unlikely._ZSt20__throw_length_errorPKc
                0x000000000800a71e        0x6 /opt/st/stm32cubeide_1.14.0/plugins/com.st.stm32cube.ide.mcu.externaltools.gnu-tools-for-stm32.11.3.rel1.linux64_1.1.100.202309141235/tools/bin/../lib/gcc/arm-none-eabi/11.3.1/../../../../arm-none-eabi/lib/thumb/v7e-m+fp/hard/libstdc++_nano.a(functexcept.o)
                0x000000000800a71e                std::__throw_length_error(char const*)
 .text._ZSt15get_new_handlerv
                0x000000000800a724       0x10 /opt/st/stm32cubeide_1.14.0/plugins/com.st.stm32cube.ide.mcu.externaltools.gnu-tools-for-stm32.11.3.rel1.linux64_1.1.100.202309141235/tools/bin/../lib/gcc/arm-none-eabi/11.3.1/../../../../arm-none-eabi/lib/thumb/v7e-m+fp/hard/libstdc++_nano.a(new_handler.o)
                0x000000000800a724                std::get_new_handler()
 .text.abort    0x000000000800a734        0xe /opt/st/stm32cubeide_1.14.0/plugins/com.st.stm32cube.ide.mcu.externaltools.gnu-tools-for-stm32.11.3.rel1.linux64_1.1.100.202309141235/tools/bin/../lib/gcc/arm-none-eabi/11.3.1/../../../../arm-none-eabi/lib/thumb/v7e-m+fp/hard/libc_nano.a(libc_a-abort.o)
                0x000000000800a734                abort
 *fill*         0x000000000800a742        0x2 
 .text.malloc   0x000000000800a744       0x10 /opt/st/stm32cubeide_1.14.0/plugins/com.st.stm32cube.ide.mcu.externaltools.gnu-tools-for-stm32.11.3.rel1.linux64_1.1.100.202309141235/tools/bin/../lib/gcc/arm-none-eabi/11.3.1/../../../../arm-none-eabi/lib/thumb/v7e-m+fp/hard/libc_nano.a(libc_a-malloc.o)
                0x000000000800a744                malloc
 .text.free     0x000000000800a754       0x10 /opt/st/stm32cubeide_1.14.0/plugins/com.st.stm32cube.ide.mcu.externaltools.gnu-tools-for-stm32.11.3.rel1.linux64_1.1.100.202309141235/tools/bin/../lib/gcc/arm-none-eabi/11.3.1/../../../../arm-none-eabi/lib/thumb/v7e-m+fp/hard/libc_nano.a(libc_a-malloc.o)
                0x000000000800a754                free
 .text.sbrk_aligned
                0x000000000800a764       0x40 /opt/st/stm32cubeide_1.14.0/plugins/com.st.stm32cube.ide.mcu.externaltools.gnu-tools-for-stm32.11.3.rel1.linux64_1.1.100.202309141235/tools/bin/../lib/gcc/arm-none-eabi/11.3.1/../../../../arm-none-eabi/lib/thumb/v7e-m+fp/hard/libc_nano.a(libc_a-mallocr.o)
 .text._malloc_r
                0x000000000800a7a4      0x100 /opt/st/stm32cubeide_1.14.0/plugins/com.st.stm32cube.ide.mcu.externaltools.gnu-tools-for-stm32.11.3.rel1.linux64_1.1.100.202309141235/tools/bin/../lib/gcc/arm-none-eabi/11.3.1/../../../../arm-none-eabi/lib/thumb/v7e-m+fp/hard/libc_nano.a(libc_a-mallocr.o)
                0x000000000800a7a4                _malloc_r
 .text.__malloc_lock
                0x000000000800a8a4        0xc /opt/st/stm32cubeide_1.14.0/plugins/com.st.stm32cube.ide.mcu.externaltools.gnu-tools-for-stm32.11.3.rel1.linux64_1.1.100.202309141235/tools/bin/../lib/gcc/arm-none-eabi/11.3.1/../../../../arm-none-eabi/lib/thumb/v7e-m+fp/hard/libc_nano.a(libc_a-mlock.o)
                0x000000000800a8a4                __malloc_lock
 .text.__malloc_unlock
                0x000000000800a8b0        0xc /opt/st/stm32cubeide_1.14.0/plugins/com.st.stm32cube.ide.mcu.externaltools.gnu-tools-for-stm32.11.3.rel1.linux64_1.1.100.202309141235/tools/bin/../lib/gcc/arm-none-eabi/11.3.1/../../../../arm-none-eabi/lib/thumb/v7e-m+fp/hard/libc_nano.a(libc_a-mlock.o)
                0x000000000800a8b0                __malloc_unlock
 .text.std      0x000000000800a8bc       0x6c /opt/st/stm32cubeide_1.14.0/plugins/com.st.stm32cube.ide.mcu.externaltools.gnu-tools-for-stm32.11.3.rel1.linux64_1.1.100.202309141235/tools/bin/../lib/gcc/arm-none-eabi/11.3.1/../../../../arm-none-eabi/lib/thumb/v7e-m+fp/hard/libc_nano.a(libc_a-findfp.o)
 .text.stdio_exit_handler
                0x000000000800a928       0x18 /opt/st/stm32cubeide_1.14.0/plugins/com.st.stm32cube.ide.mcu.externaltools.gnu-tools-for-stm32.11.3.rel1.linux64_1.1.100.202309141235/tools/bin/../lib/gcc/arm-none-eabi/11.3.1/../../../../arm-none-eabi/lib/thumb/v7e-m+fp/hard/libc_nano.a(libc_a-findfp.o)
 .text.cleanup_stdio
                0x000000000800a940       0x40 /opt/st/stm32cubeide_1.14.0/plugins/com.st.stm32cube.ide.mcu.externaltools.gnu-tools-for-stm32.11.3.rel1.linux64_1.1.100.202309141235/tools/bin/../lib/gcc/arm-none-eabi/11.3.1/../../../../arm-none-eabi/lib/thumb/v7e-m+fp/hard/libc_nano.a(libc_a-findfp.o)
 .text.global_stdio_init.part.0
                0x000000000800a980       0x3c /opt/st/stm32cubeide_1.14.0/plugins/com.st.stm32cube.ide.mcu.externaltools.gnu-tools-for-stm32.11.3.rel1.linux64_1.1.100.202309141235/tools/bin/../lib/gcc/arm-none-eabi/11.3.1/../../../../arm-none-eabi/lib/thumb/v7e-m+fp/hard/libc_nano.a(libc_a-findfp.o)
 .text.__sfp_lock_acquire
                0x000000000800a9bc        0xc /opt/st/stm32cubeide_1.14.0/plugins/com.st.stm32cube.ide.mcu.externaltools.gnu-tools-for-stm32.11.3.rel1.linux64_1.1.100.202309141235/tools/bin/../lib/gcc/arm-none-eabi/11.3.1/../../../../arm-none-eabi/lib/thumb/v7e-m+fp/hard/libc_nano.a(libc_a-findfp.o)
                0x000000000800a9bc                __sfp_lock_acquire
 .text.__sfp_lock_release
                0x000000000800a9c8        0xc /opt/st/stm32cubeide_1.14.0/plugins/com.st.stm32cube.ide.mcu.externaltools.gnu-tools-for-stm32.11.3.rel1.linux64_1.1.100.202309141235/tools/bin/../lib/gcc/arm-none-eabi/11.3.1/../../../../arm-none-eabi/lib/thumb/v7e-m+fp/hard/libc_nano.a(libc_a-findfp.o)
                0x000000000800a9c8                __sfp_lock_release
 .text.__sinit  0x000000000800a9d4       0x30 /opt/st/stm32cubeide_1.14.0/plugins/com.st.stm32cube.ide.mcu.externaltools.gnu-tools-for-stm32.11.3.rel1.linux64_1.1.100.202309141235/tools/bin/../lib/gcc/arm-none-eabi/11.3.1/../../../../arm-none-eabi/lib/thumb/v7e-m+fp/hard/libc_nano.a(libc_a-findfp.o)
                0x000000000800a9d4                __sinit
 .text._fwalk_sglue
                0x000000000800aa04       0x3c /opt/st/stm32cubeide_1.14.0/plugins/com.st.stm32cube.ide.mcu.externaltools.gnu-tools-for-stm32.11.3.rel1.linux64_1.1.100.202309141235/tools/bin/../lib/gcc/arm-none-eabi/11.3.1/../../../../arm-none-eabi/lib/thumb/v7e-m+fp/hard/libc_nano.a(libc_a-fwalk.o)
                0x000000000800aa04                _fwalk_sglue
 .text.printf   0x000000000800aa40       0x24 /opt/st/stm32cubeide_1.14.0/plugins/com.st.stm32cube.ide.mcu.externaltools.gnu-tools-for-stm32.11.3.rel1.linux64_1.1.100.202309141235/tools/bin/../lib/gcc/arm-none-eabi/11.3.1/../../../../arm-none-eabi/lib/thumb/v7e-m+fp/hard/libc_nano.a(libc_a-printf.o)
                0x000000000800aa40                printf
                0x000000000800aa40                iprintf
 .text._puts_r  0x000000000800aa64       0xa8 /opt/st/stm32cubeide_1.14.0/plugins/com.st.stm32cube.ide.mcu.externaltools.gnu-tools-for-stm32.11.3.rel1.linux64_1.1.100.202309141235/tools/bin/../lib/gcc/arm-none-eabi/11.3.1/../../../../arm-none-eabi/lib/thumb/v7e-m+fp/hard/libc_nano.a(libc_a-puts.o)
                0x000000000800aa64                _puts_r
 .text.puts     0x000000000800ab0c       0x10 /opt/st/stm32cubeide_1.14.0/plugins/com.st.stm32cube.ide.mcu.externaltools.gnu-tools-for-stm32.11.3.rel1.linux64_1.1.100.202309141235/tools/bin/../lib/gcc/arm-none-eabi/11.3.1/../../../../arm-none-eabi/lib/thumb/v7e-m+fp/hard/libc_nano.a(libc_a-puts.o)
                0x000000000800ab0c                puts
 .text.__sread  0x000000000800ab1c       0x22 /opt/st/stm32cubeide_1.14.0/plugins/com.st.stm32cube.ide.mcu.externaltools.gnu-tools-for-stm32.11.3.rel1.linux64_1.1.100.202309141235/tools/bin/../lib/gcc/arm-none-eabi/11.3.1/../../../../arm-none-eabi/lib/thumb/v7e-m+fp/hard/libc_nano.a(libc_a-stdio.o)
                0x000000000800ab1c                __sread
 .text.__swrite
                0x000000000800ab3e       0x38 /opt/st/stm32cubeide_1.14.0/plugins/com.st.stm32cube.ide.mcu.externaltools.gnu-tools-for-stm32.11.3.rel1.linux64_1.1.100.202309141235/tools/bin/../lib/gcc/arm-none-eabi/11.3.1/../../../../arm-none-eabi/lib/thumb/v7e-m+fp/hard/libc_nano.a(libc_a-stdio.o)
                0x000000000800ab3e                __swrite
 .text.__sseek  0x000000000800ab76       0x24 /opt/st/stm32cubeide_1.14.0/plugins/com.st.stm32cube.ide.mcu.externaltools.gnu-tools-for-stm32.11.3.rel1.linux64_1.1.100.202309141235/tools/bin/../lib/gcc/arm-none-eabi/11.3.1/../../../../arm-none-eabi/lib/thumb/v7e-m+fp/hard/libc_nano.a(libc_a-stdio.o)
                0x000000000800ab76                __sseek
 .text.__sclose
                0x000000000800ab9a        0x8 /opt/st/stm32cubeide_1.14.0/plugins/com.st.stm32cube.ide.mcu.externaltools.gnu-tools-for-stm32.11.3.rel1.linux64_1.1.100.202309141235/tools/bin/../lib/gcc/arm-none-eabi/11.3.1/../../../../arm-none-eabi/lib/thumb/v7e-m+fp/hard/libc_nano.a(libc_a-stdio.o)
                0x000000000800ab9a                __sclose
 .text.__swbuf_r
                0x000000000800aba2       0x7a /opt/st/stm32cubeide_1.14.0/plugins/com.st.stm32cube.ide.mcu.externaltools.gnu-tools-for-stm32.11.3.rel1.linux64_1.1.100.202309141235/tools/bin/../lib/gcc/arm-none-eabi/11.3.1/../../../../arm-none-eabi/lib/thumb/v7e-m+fp/hard/libc_nano.a(libc_a-wbuf.o)
                0x000000000800aba2                __swbuf_r
 .text.__swsetup_r
                0x000000000800ac1c       0xb0 /opt/st/stm32cubeide_1.14.0/plugins/com.st.stm32cube.ide.mcu.externaltools.gnu-tools-for-stm32.11.3.rel1.linux64_1.1.100.202309141235/tools/bin/../lib/gcc/arm-none-eabi/11.3.1/../../../../arm-none-eabi/lib/thumb/v7e-m+fp/hard/libc_nano.a(libc_a-wsetup.o)
                0x000000000800ac1c                __swsetup_r
 .text.memset   0x000000000800accc       0x10 /opt/st/stm32cubeide_1.14.0/plugins/com.st.stm32cube.ide.mcu.externaltools.gnu-tools-for-stm32.11.3.rel1.linux64_1.1.100.202309141235/tools/bin/../lib/gcc/arm-none-eabi/11.3.1/../../../../arm-none-eabi/lib/thumb/v7e-m+fp/hard/libc_nano.a(libc_a-memset.o)
                0x000000000800accc                memset
 .text._raise_r
                0x000000000800acdc       0x50 /opt/st/stm32cubeide_1.14.0/plugins/com.st.stm32cube.ide.mcu.externaltools.gnu-tools-for-stm32.11.3.rel1.linux64_1.1.100.202309141235/tools/bin/../lib/gcc/arm-none-eabi/11.3.1/../../../../arm-none-eabi/lib/thumb/v7e-m+fp/hard/libc_nano.a(libc_a-signal.o)
                0x000000000800acdc                _raise_r
 .text.raise    0x000000000800ad2c       0x10 /opt/st/stm32cubeide_1.14.0/plugins/com.st.stm32cube.ide.mcu.externaltools.gnu-tools-for-stm32.11.3.rel1.linux64_1.1.100.202309141235/tools/bin/../lib/gcc/arm-none-eabi/11.3.1/../../../../arm-none-eabi/lib/thumb/v7e-m+fp/hard/libc_nano.a(libc_a-signal.o)
                0x000000000800ad2c                raise
 .text._close_r
                0x000000000800ad3c       0x20 /opt/st/stm32cubeide_1.14.0/plugins/com.st.stm32cube.ide.mcu.externaltools.gnu-tools-for-stm32.11.3.rel1.linux64_1.1.100.202309141235/tools/bin/../lib/gcc/arm-none-eabi/11.3.1/../../../../arm-none-eabi/lib/thumb/v7e-m+fp/hard/libc_nano.a(libc_a-closer.o)
                0x000000000800ad3c                _close_r
 .text._lseek_r
                0x000000000800ad5c       0x24 /opt/st/stm32cubeide_1.14.0/plugins/com.st.stm32cube.ide.mcu.externaltools.gnu-tools-for-stm32.11.3.rel1.linux64_1.1.100.202309141235/tools/bin/../lib/gcc/arm-none-eabi/11.3.1/../../../../arm-none-eabi/lib/thumb/v7e-m+fp/hard/libc_nano.a(libc_a-lseekr.o)
                0x000000000800ad5c                _lseek_r
 .text._read_r  0x000000000800ad80       0x24 /opt/st/stm32cubeide_1.14.0/plugins/com.st.stm32cube.ide.mcu.externaltools.gnu-tools-for-stm32.11.3.rel1.linux64_1.1.100.202309141235/tools/bin/../lib/gcc/arm-none-eabi/11.3.1/../../../../arm-none-eabi/lib/thumb/v7e-m+fp/hard/libc_nano.a(libc_a-readr.o)
                0x000000000800ad80                _read_r
 .text._kill_r  0x000000000800ada4       0x24 /opt/st/stm32cubeide_1.14.0/plugins/com.st.stm32cube.ide.mcu.externaltools.gnu-tools-for-stm32.11.3.rel1.linux64_1.1.100.202309141235/tools/bin/../lib/gcc/arm-none-eabi/11.3.1/../../../../arm-none-eabi/lib/thumb/v7e-m+fp/hard/libc_nano.a(libc_a-signalr.o)
                0x000000000800ada4                _kill_r
 .text._getpid_r
                0x000000000800adc8        0x4 /opt/st/stm32cubeide_1.14.0/plugins/com.st.stm32cube.ide.mcu.externaltools.gnu-tools-for-stm32.11.3.rel1.linux64_1.1.100.202309141235/tools/bin/../lib/gcc/arm-none-eabi/11.3.1/../../../../arm-none-eabi/lib/thumb/v7e-m+fp/hard/libc_nano.a(libc_a-signalr.o)
                0x000000000800adc8                _getpid_r
 .text._sbrk_r  0x000000000800adcc       0x20 /opt/st/stm32cubeide_1.14.0/plugins/com.st.stm32cube.ide.mcu.externaltools.gnu-tools-for-stm32.11.3.rel1.linux64_1.1.100.202309141235/tools/bin/../lib/gcc/arm-none-eabi/11.3.1/../../../../arm-none-eabi/lib/thumb/v7e-m+fp/hard/libc_nano.a(libc_a-sbrkr.o)
                0x000000000800adcc                _sbrk_r
 .text._write_r
                0x000000000800adec       0x24 /opt/st/stm32cubeide_1.14.0/plugins/com.st.stm32cube.ide.mcu.externaltools.gnu-tools-for-stm32.11.3.rel1.linux64_1.1.100.202309141235/tools/bin/../lib/gcc/arm-none-eabi/11.3.1/../../../../arm-none-eabi/lib/thumb/v7e-m+fp/hard/libc_nano.a(libc_a-writer.o)
                0x000000000800adec                _write_r
 .text.__errno  0x000000000800ae10        0xc /opt/st/stm32cubeide_1.14.0/plugins/com.st.stm32cube.ide.mcu.externaltools.gnu-tools-for-stm32.11.3.rel1.linux64_1.1.100.202309141235/tools/bin/../lib/gcc/arm-none-eabi/11.3.1/../../../../arm-none-eabi/lib/thumb/v7e-m+fp/hard/libc_nano.a(libc_a-errno.o)
                0x000000000800ae10                __errno
 .text.__libc_init_array
                0x000000000800ae1c       0x48 /opt/st/stm32cubeide_1.14.0/plugins/com.st.stm32cube.ide.mcu.externaltools.gnu-tools-for-stm32.11.3.rel1.linux64_1.1.100.202309141235/tools/bin/../lib/gcc/arm-none-eabi/11.3.1/../../../../arm-none-eabi/lib/thumb/v7e-m+fp/hard/libc_nano.a(libc_a-init.o)
                0x000000000800ae1c                __libc_init_array
 .text.__retarget_lock_init_recursive
                0x000000000800ae64        0x2 /opt/st/stm32cubeide_1.14.0/plugins/com.st.stm32cube.ide.mcu.externaltools.gnu-tools-for-stm32.11.3.rel1.linux64_1.1.100.202309141235/tools/bin/../lib/gcc/arm-none-eabi/11.3.1/../../../../arm-none-eabi/lib/thumb/v7e-m+fp/hard/libc_nano.a(libc_a-lock.o)
                0x000000000800ae64                __retarget_lock_init_recursive
 .text.__retarget_lock_acquire_recursive
                0x000000000800ae66        0x2 /opt/st/stm32cubeide_1.14.0/plugins/com.st.stm32cube.ide.mcu.externaltools.gnu-tools-for-stm32.11.3.rel1.linux64_1.1.100.202309141235/tools/bin/../lib/gcc/arm-none-eabi/11.3.1/../../../../arm-none-eabi/lib/thumb/v7e-m+fp/hard/libc_nano.a(libc_a-lock.o)
                0x000000000800ae66                __retarget_lock_acquire_recursive
 .text.__retarget_lock_release_recursive
                0x000000000800ae68        0x2 /opt/st/stm32cubeide_1.14.0/plugins/com.st.stm32cube.ide.mcu.externaltools.gnu-tools-for-stm32.11.3.rel1.linux64_1.1.100.202309141235/tools/bin/../lib/gcc/arm-none-eabi/11.3.1/../../../../arm-none-eabi/lib/thumb/v7e-m+fp/hard/libc_nano.a(libc_a-lock.o)
                0x000000000800ae68                __retarget_lock_release_recursive
 .text.memcpy   0x000000000800ae6a       0x1c /opt/st/stm32cubeide_1.14.0/plugins/com.st.stm32cube.ide.mcu.externaltools.gnu-tools-for-stm32.11.3.rel1.linux64_1.1.100.202309141235/tools/bin/../lib/gcc/arm-none-eabi/11.3.1/../../../../arm-none-eabi/lib/thumb/v7e-m+fp/hard/libc_nano.a(libc_a-memcpy-stub.o)
                0x000000000800ae6a                memcpy
 *fill*         0x000000000800ae86        0x2 
 .text._free_r  0x000000000800ae88       0x98 /opt/st/stm32cubeide_1.14.0/plugins/com.st.stm32cube.ide.mcu.externaltools.gnu-tools-for-stm32.11.3.rel1.linux64_1.1.100.202309141235/tools/bin/../lib/gcc/arm-none-eabi/11.3.1/../../../../arm-none-eabi/lib/thumb/v7e-m+fp/hard/libc_nano.a(libc_a-freer.o)
                0x000000000800ae88                _free_r
 .text.__sfputc_r
                0x000000000800af20       0x2e /opt/st/stm32cubeide_1.14.0/plugins/com.st.stm32cube.ide.mcu.externaltools.gnu-tools-for-stm32.11.3.rel1.linux64_1.1.100.202309141235/tools/bin/../lib/gcc/arm-none-eabi/11.3.1/../../../../arm-none-eabi/lib/thumb/v7e-m+fp/hard/libc_nano.a(libc_a-nano-vfprintf.o)
 .text.__sfputs_r
                0x000000000800af4e       0x24 /opt/st/stm32cubeide_1.14.0/plugins/com.st.stm32cube.ide.mcu.externaltools.gnu-tools-for-stm32.11.3.rel1.linux64_1.1.100.202309141235/tools/bin/../lib/gcc/arm-none-eabi/11.3.1/../../../../arm-none-eabi/lib/thumb/v7e-m+fp/hard/libc_nano.a(libc_a-nano-vfprintf.o)
                0x000000000800af4e                __sfputs_r
 *fill*         0x000000000800af72        0x2 
 .text._vfprintf_r
                0x000000000800af74      0x234 /opt/st/stm32cubeide_1.14.0/plugins/com.st.stm32cube.ide.mcu.externaltools.gnu-tools-for-stm32.11.3.rel1.linux64_1.1.100.202309141235/tools/bin/../lib/gcc/arm-none-eabi/11.3.1/../../../../arm-none-eabi/lib/thumb/v7e-m+fp/hard/libc_nano.a(libc_a-nano-vfprintf.o)
                0x000000000800af74                _vfiprintf_r
                0x000000000800af74                _vfprintf_r
 .text._printf_common
                0x000000000800b1a8       0xda /opt/st/stm32cubeide_1.14.0/plugins/com.st.stm32cube.ide.mcu.externaltools.gnu-tools-for-stm32.11.3.rel1.linux64_1.1.100.202309141235/tools/bin/../lib/gcc/arm-none-eabi/11.3.1/../../../../arm-none-eabi/lib/thumb/v7e-m+fp/hard/libc_nano.a(libc_a-nano-vfprintf_i.o)
                0x000000000800b1a8                _printf_common
 *fill*         0x000000000800b282        0x2 
 .text._printf_i
                0x000000000800b284      0x244 /opt/st/stm32cubeide_1.14.0/plugins/com.st.stm32cube.ide.mcu.externaltools.gnu-tools-for-stm32.11.3.rel1.linux64_1.1.100.202309141235/tools/bin/../lib/gcc/arm-none-eabi/11.3.1/../../../../arm-none-eabi/lib/thumb/v7e-m+fp/hard/libc_nano.a(libc_a-nano-vfprintf_i.o)
                0x000000000800b284                _printf_i
 .text.__sflush_r
                0x000000000800b4c8      0x10c /opt/st/stm32cubeide_1.14.0/plugins/com.st.stm32cube.ide.mcu.externaltools.gnu-tools-for-stm32.11.3.rel1.linux64_1.1.100.202309141235/tools/bin/../lib/gcc/arm-none-eabi/11.3.1/../../../../arm-none-eabi/lib/thumb/v7e-m+fp/hard/libc_nano.a(libc_a-fflush.o)
                0x000000000800b4c8                __sflush_r
 .text._fflush_r
                0x000000000800b5d4       0x50 /opt/st/stm32cubeide_1.14.0/plugins/com.st.stm32cube.ide.mcu.externaltools.gnu-tools-for-stm32.11.3.rel1.linux64_1.1.100.202309141235/tools/bin/../lib/gcc/arm-none-eabi/11.3.1/../../../../arm-none-eabi/lib/thumb/v7e-m+fp/hard/libc_nano.a(libc_a-fflush.o)
                0x000000000800b5d4                _fflush_r
 .text.__swhatbuf_r
                0x000000000800b624       0x4c /opt/st/stm32cubeide_1.14.0/plugins/com.st.stm32cube.ide.mcu.externaltools.gnu-tools-for-stm32.11.3.rel1.linux64_1.1.100.202309141235/tools/bin/../lib/gcc/arm-none-eabi/11.3.1/../../../../arm-none-eabi/lib/thumb/v7e-m+fp/hard/libc_nano.a(libc_a-makebuf.o)