Archive member included to satisfy reference by file (symbol)

/home/andre/st/stm32cubeide_1.15.1/plugins/com.st.stm32cube.ide.mcu.externaltools.gnu-tools-for-stm32.12.3.rel1.linux64_1.0.100.202403111256/tools/bin/../lib/gcc/arm-none-eabi/12.3.1/../../../../arm-none-eabi/lib/thumb/v7e-m+fp/hard/libstdc++_nano.a(del_ops.o)
                              ./Core/Src/ChampiCan.o (operator delete(void*, unsigned int))
/home/andre/st/stm32cubeide_1.15.1/plugins/com.st.stm32cube.ide.mcu.externaltools.gnu-tools-for-stm32.12.3.rel1.linux64_1.0.100.202403111256/tools/bin/../lib/gcc/arm-none-eabi/12.3.1/../../../../arm-none-eabi/lib/thumb/v7e-m+fp/hard/libstdc++_nano.a(guard.o)
                              ./Core/Src/main.o (__cxa_guard_acquire)
/home/andre/st/stm32cubeide_1.15.1/plugins/com.st.stm32cube.ide.mcu.externaltools.gnu-tools-for-stm32.12.3.rel1.linux64_1.0.100.202403111256/tools/bin/../lib/gcc/arm-none-eabi/12.3.1/../../../../arm-none-eabi/lib/thumb/v7e-m+fp/hard/libstdc++_nano.a(allocator-inst.o)
                              ./Core/Src/MessageRecomposer.o (std::allocator<char>::allocator())
/home/andre/st/stm32cubeide_1.15.1/plugins/com.st.stm32cube.ide.mcu.externaltools.gnu-tools-for-stm32.12.3.rel1.linux64_1.0.100.202403111256/tools/bin/../lib/gcc/arm-none-eabi/12.3.1/../../../../arm-none-eabi/lib/thumb/v7e-m+fp/hard/libstdc++_nano.a(string-inst.o)
                              ./Core/Src/MessageRecomposer.o (std::__cxx11::basic_string<char, std::char_traits<char>, std::allocator<char> >::basic_string())
/home/andre/st/stm32cubeide_1.15.1/plugins/com.st.stm32cube.ide.mcu.externaltools.gnu-tools-for-stm32.12.3.rel1.linux64_1.0.100.202403111256/tools/bin/../lib/gcc/arm-none-eabi/12.3.1/../../../../arm-none-eabi/lib/thumb/v7e-m+fp/hard/libstdc++_nano.a(del_op.o)
                              /home/andre/st/stm32cubeide_1.15.1/plugins/com.st.stm32cube.ide.mcu.externaltools.gnu-tools-for-stm32.12.3.rel1.linux64_1.0.100.202403111256/tools/bin/../lib/gcc/arm-none-eabi/12.3.1/../../../../arm-none-eabi/lib/thumb/v7e-m+fp/hard/libstdc++_nano.a(del_ops.o) (operator delete(void*))
/home/andre/st/stm32cubeide_1.15.1/plugins/com.st.stm32cube.ide.mcu.externaltools.gnu-tools-for-stm32.12.3.rel1.linux64_1.0.100.202403111256/tools/bin/../lib/gcc/arm-none-eabi/12.3.1/../../../../arm-none-eabi/lib/thumb/v7e-m+fp/hard/libstdc++_nano.a(new_op.o)
                              /home/andre/st/stm32cubeide_1.15.1/plugins/com.st.stm32cube.ide.mcu.externaltools.gnu-tools-for-stm32.12.3.rel1.linux64_1.0.100.202403111256/tools/bin/../lib/gcc/arm-none-eabi/12.3.1/../../../../arm-none-eabi/lib/thumb/v7e-m+fp/hard/libstdc++_nano.a(string-inst.o) (operator new(unsigned int))
/home/andre/st/stm32cubeide_1.15.1/plugins/com.st.stm32cube.ide.mcu.externaltools.gnu-tools-for-stm32.12.3.rel1.linux64_1.0.100.202403111256/tools/bin/../lib/gcc/arm-none-eabi/12.3.1/../../../../arm-none-eabi/lib/thumb/v7e-m+fp/hard/libstdc++_nano.a(functexcept.o)
                              /home/andre/st/stm32cubeide_1.15.1/plugins/com.st.stm32cube.ide.mcu.externaltools.gnu-tools-for-stm32.12.3.rel1.linux64_1.0.100.202403111256/tools/bin/../lib/gcc/arm-none-eabi/12.3.1/../../../../arm-none-eabi/lib/thumb/v7e-m+fp/hard/libstdc++_nano.a(string-inst.o) (std::__throw_bad_alloc())
/home/andre/st/stm32cubeide_1.15.1/plugins/com.st.stm32cube.ide.mcu.externaltools.gnu-tools-for-stm32.12.3.rel1.linux64_1.0.100.202403111256/tools/bin/../lib/gcc/arm-none-eabi/12.3.1/../../../../arm-none-eabi/lib/thumb/v7e-m+fp/hard/libstdc++_nano.a(new_handler.o)
                              /home/andre/st/stm32cubeide_1.15.1/plugins/com.st.stm32cube.ide.mcu.externaltools.gnu-tools-for-stm32.12.3.rel1.linux64_1.0.100.202403111256/tools/bin/../lib/gcc/arm-none-eabi/12.3.1/../../../../arm-none-eabi/lib/thumb/v7e-m+fp/hard/libstdc++_nano.a(new_op.o) (std::get_new_handler())
/home/andre/st/stm32cubeide_1.15.1/plugins/com.st.stm32cube.ide.mcu.externaltools.gnu-tools-for-stm32.12.3.rel1.linux64_1.0.100.202403111256/tools/bin/../lib/gcc/arm-none-eabi/12.3.1/../../../../arm-none-eabi/lib/thumb/v7e-m+fp/hard/libc_nano.a(libc_a-abort.o)
                              /home/andre/st/stm32cubeide_1.15.1/plugins/com.st.stm32cube.ide.mcu.externaltools.gnu-tools-for-stm32.12.3.rel1.linux64_1.0.100.202403111256/tools/bin/../lib/gcc/arm-none-eabi/12.3.1/../../../../arm-none-eabi/lib/thumb/v7e-m+fp/hard/libstdc++_nano.a(new_op.o) (abort)
/home/andre/st/stm32cubeide_1.15.1/plugins/com.st.stm32cube.ide.mcu.externaltools.gnu-tools-for-stm32.12.3.rel1.linux64_1.0.100.202403111256/tools/bin/../lib/gcc/arm-none-eabi/12.3.1/../../../../arm-none-eabi/lib/thumb/v7e-m+fp/hard/libc_nano.a(libc_a-exit.o)
                              /home/andre/st/stm32cubeide_1.15.1/plugins/com.st.stm32cube.ide.mcu.externaltools.gnu-tools-for-stm32.12.3.rel1.linux64_1.0.100.202403111256/tools/bin/../lib/gcc/arm-none-eabi/12.3.1/../../../../arm-none-eabi/lib/thumb/v7e-m+fp/hard/crt0.o (exit)
[...]
Memory Configuration

Name             Origin             Length             Attributes
RAM              0x20000000         0x00008000         xrw
FLASH            0x08000000         0x00020000         xr
*default*        0x00000000         0xffffffff

Linker script and memory map

LOAD /home/andre/st/stm32cubeide_1.15.1/plugins/com.st.stm32cube.ide.mcu.externaltools.gnu-tools-for-stm32.12.3.rel1.linux64_1.0.100.202403111256/tools/bin/../lib/gcc/arm-none-eabi/12.3.1/thumb/v7e-m+fp/hard/crti.o
LOAD /home/andre/st/stm32cubeide_1.15.1/plugins/com.st.stm32cube.ide.mcu.externaltools.gnu-tools-for-stm32.12.3.rel1.linux64_1.0.100.202403111256/tools/bin/../lib/gcc/arm-none-eabi/12.3.1/thumb/v7e-m+fp/hard/crtbegin.o
LOAD /home/andre/st/stm32cubeide_1.15.1/plugins/com.st.stm32cube.ide.mcu.externaltools.gnu-tools-for-stm32.12.3.rel1.linux64_1.0.100.202403111256/tools/bin/../lib/gcc/arm-none-eabi/12.3.1/../../../../arm-none-eabi/lib/thumb/v7e-m+fp/hard/crt0.o
LOAD ./Core/Src/ChampiCan.o
LOAD ./Core/Src/ChampiState.o
LOAD ./Core/Src/HolonomicDrive3.o
LOAD ./Core/Src/MessageRecomposer.o
LOAD ./Core/Src/Stepper.o
LOAD ./Core/Src/main.o
LOAD ./Core/Src/msgs_can.pb.o
LOAD ./Core/Src/pb_common.o
LOAD ./Core/Src/pb_decode.o
LOAD ./Core/Src/pb_encode.o
LOAD ./Core/Src/stm32g4xx_hal_msp.o
LOAD ./Core/Src/stm32g4xx_it.o
LOAD ./Core/Src/syscalls.o
LOAD ./Core/Src/sysmem.o
LOAD ./Core/Src/system_stm32g4xx.o
LOAD ./Core/Startup/startup_stm32g431kbtx.o
LOAD ./Drivers/STM32G4xx_HAL_Driver/Src/stm32g4xx_hal.o
LOAD ./Drivers/STM32G4xx_HAL_Driver/Src/stm32g4xx_hal_cortex.o
LOAD ./Drivers/STM32G4xx_HAL_Driver/Src/stm32g4xx_hal_dma.o
LOAD ./Drivers/STM32G4xx_HAL_Driver/Src/stm32g4xx_hal_dma_ex.o
LOAD ./Drivers/STM32G4xx_HAL_Driver/Src/stm32g4xx_hal_exti.o
LOAD ./Drivers/STM32G4xx_HAL_Driver/Src/stm32g4xx_hal_fdcan.o
LOAD ./Drivers/STM32G4xx_HAL_Driver/Src/stm32g4xx_hal_flash.o
LOAD ./Drivers/STM32G4xx_HAL_Driver/Src/stm32g4xx_hal_flash_ex.o
LOAD ./Drivers/STM32G4xx_HAL_Driver/Src/stm32g4xx_hal_flash_ramfunc.o
LOAD ./Drivers/STM32G4xx_HAL_Driver/Src/stm32g4xx_hal_gpio.o
LOAD ./Drivers/STM32G4xx_HAL_Driver/Src/stm32g4xx_hal_pwr.o
LOAD ./Drivers/STM32G4xx_HAL_Driver/Src/stm32g4xx_hal_pwr_ex.o
LOAD ./Drivers/STM32G4xx_HAL_Driver/Src/stm32g4xx_hal_rcc.o
LOAD ./Drivers/STM32G4xx_HAL_Driver/Src/stm32g4xx_hal_rcc_ex.o
LOAD ./Drivers/STM32G4xx_HAL_Driver/Src/stm32g4xx_hal_tim.o
LOAD ./Drivers/STM32G4xx_HAL_Driver/Src/stm32g4xx_hal_tim_ex.o
START GROUP
LOAD /home/andre/st/stm32cubeide_1.15.1/plugins/com.st.stm32cube.ide.mcu.externaltools.gnu-tools-for-stm32.12.3.rel1.linux64_1.0.100.202403111256/tools/bin/../lib/gcc/arm-none-eabi/12.3.1/../../../../arm-none-eabi/lib/thumb/v7e-m+fp/hard/libstdc++_nano.a
LOAD /home/andre/st/stm32cubeide_1.15.1/plugins/com.st.stm32cube.ide.mcu.externaltools.gnu-tools-for-stm32.12.3.rel1.linux64_1.0.100.202403111256/tools/bin/../lib/gcc/arm-none-eabi/12.3.1/../../../../arm-none-eabi/lib/thumb/v7e-m+fp/hard/libsupc++_nano.a
END GROUP
LOAD /home/andre/st/stm32cubeide_1.15.1/plugins/com.st.stm32cube.ide.mcu.externaltools.gnu-tools-for-stm32.12.3.rel1.linux64_1.0.100.202403111256/tools/bin/../lib/gcc/arm-none-eabi/12.3.1/../../../../arm-none-eabi/lib/thumb/v7e-m+fp/hard/libstdc++_nano.a
LOAD /home/andre/st/stm32cubeide_1.15.1/plugins/com.st.stm32cube.ide.mcu.externaltools.gnu-tools-for-stm32.12.3.rel1.linux64_1.0.100.202403111256/tools/bin/../lib/gcc/arm-none-eabi/12.3.1/../../../../arm-none-eabi/lib/thumb/v7e-m+fp/hard/libm.a
LOAD /home/andre/st/stm32cubeide_1.15.1/plugins/com.st.stm32cube.ide.mcu.externaltools.gnu-tools-for-stm32.12.3.rel1.linux64_1.0.100.202403111256/tools/bin/../lib/gcc/arm-none-eabi/12.3.1/../../../../arm-none-eabi/lib/thumb/v7e-m+fp/hard/libc_nano.a
START GROUP
LOAD /home/andre/st/stm32cubeide_1.15.1/plugins/com.st.stm32cube.ide.mcu.externaltools.gnu-tools-for-stm32.12.3.rel1.linux64_1.0.100.202403111256/tools/bin/../lib/gcc/arm-none-eabi/12.3.1/thumb/v7e-m+fp/hard/libgcc.a
LOAD /home/andre/st/stm32cubeide_1.15.1/plugins/com.st.stm32cube.ide.mcu.externaltools.gnu-tools-for-stm32.12.3.rel1.linux64_1.0.100.202403111256/tools/bin/../lib/gcc/arm-none-eabi/12.3.1/../../../../arm-none-eabi/lib/thumb/v7e-m+fp/hard/libc_nano.a
END GROUP
START GROUP
LOAD /home/andre/st/stm32cubeide_1.15.1/plugins/com.st.stm32cube.ide.mcu.externaltools.gnu-tools-for-stm32.12.3.rel1.linux64_1.0.100.202403111256/tools/bin/../lib/gcc/arm-none-eabi/12.3.1/thumb/v7e-m+fp/hard/libgcc.a
LOAD /home/andre/st/stm32cubeide_1.15.1/plugins/com.st.stm32cube.ide.mcu.externaltools.gnu-tools-for-stm32.12.3.rel1.linux64_1.0.100.202403111256/tools/bin/../lib/gcc/arm-none-eabi/12.3.1/../../../../arm-none-eabi/lib/thumb/v7e-m+fp/hard/libc_nano.a
LOAD /home/andre/st/stm32cubeide_1.15.1/plugins/com.st.stm32cube.ide.mcu.externaltools.gnu-tools-for-stm32.12.3.rel1.linux64_1.0.100.202403111256/tools/bin/../lib/gcc/arm-none-eabi/12.3.1/../../../../arm-none-eabi/lib/thumb/v7e-m+fp/hard/libnosys.a
END GROUP
START GROUP
LOAD /home/andre/st/stm32cubeide_1.15.1/plugins/com.st.stm32cube.ide.mcu.externaltools.gnu-tools-for-stm32.12.3.rel1.linux64_1.0.100.202403111256/tools/bin/../lib/gcc/arm-none-eabi/12.3.1/thumb/v7e-m+fp/hard/libgcc.a
LOAD /home/andre/st/stm32cubeide_1.15.1/plugins/com.st.stm32cube.ide.mcu.externaltools.gnu-tools-for-stm32.12.3.rel1.linux64_1.0.100.202403111256/tools/bin/../lib/gcc/arm-none-eabi/12.3.1/../../../../arm-none-eabi/lib/thumb/v7e-m+fp/hard/libc_nano.a
LOAD /home/andre/st/stm32cubeide_1.15.1/plugins/com.st.stm32cube.ide.mcu.externaltools.gnu-tools-for-stm32.12.3.rel1.linux64_1.0.100.202403111256/tools/bin/../lib/gcc/arm-none-eabi/12.3.1/../../../../arm-none-eabi/lib/thumb/v7e-m+fp/hard/libnosys.a
END GROUP
LOAD /home/andre/st/stm32cubeide_1.15.1/plugins/com.st.stm32cube.ide.mcu.externaltools.gnu-tools-for-stm32.12.3.rel1.linux64_1.0.100.202403111256/tools/bin/../lib/gcc/arm-none-eabi/12.3.1/thumb/v7e-m+fp/hard/crtend.o
LOAD /home/andre/st/stm32cubeide_1.15.1/plugins/com.st.stm32cube.ide.mcu.externaltools.gnu-tools-for-stm32.12.3.rel1.linux64_1.0.100.202403111256/tools/bin/../lib/gcc/arm-none-eabi/12.3.1/thumb/v7e-m+fp/hard/crtn.o
                0x20008000                        _estack = (ORIGIN (RAM) + LENGTH (RAM))
                0x00000200                        _Min_Heap_Size = 0x200
                0x00000400                        _Min_Stack_Size = 0x400

.isr_vector     0x08000000      0x1d8
                0x08000000                        . = ALIGN (0x4)
 *(.isr_vector)
 .isr_vector    0x08000000      0x1d8 ./Core/Startup/startup_stm32g431kbtx.o
                0x08000000                g_pfnVectors
                0x080001d8                        . = ALIGN (0x4)

.text           0x080001d8     0xb218
                0x080001d8                        . = ALIGN (0x4)
 *(.text)
 .text          0x080001d8       0x40 /home/andre/st/stm32cubeide_1.15.1/plugins/com.st.stm32cube.ide.mcu.externaltools.gnu-tools-for-stm32.12.3.rel1.linux64_1.0.100.202403111256/tools/bin/../lib/gcc/arm-none-eabi/12.3.1/thumb/v7e-m+fp/hard/crtbegin.o
 .text          0x08000218      0x378 /home/andre/st/stm32cubeide_1.15.1/plugins/com.st.stm32cube.ide.mcu.externaltools.gnu-tools-for-stm32.12.3.rel1.linux64_1.0.100.202403111256/tools/bin/../lib/gcc/arm-none-eabi/12.3.1/thumb/v7e-m+fp/hard/libgcc.a(_arm_addsubdf3.o)
                0x08000218                __aeabi_drsub
                0x08000220                __aeabi_dsub
                0x08000220                __subdf3
                0x08000224                __adddf3
                0x08000224                __aeabi_dadd
                0x0800049c                __aeabi_ui2d
                0x0800049c                __floatunsidf
                0x080004bc                __floatsidf
                0x080004bc                __aeabi_i2d
                0x080004e0                __extendsfdf2
                0x080004e0                __aeabi_f2d
                0x08000524                __aeabi_ul2d
                0x08000524                __floatundidf
                0x08000534                __floatdidf
                0x08000534                __aeabi_l2d
 .text          0x08000590      0x424 /home/andre/st/stm32cubeide_1.15.1/plugins/com.st.stm32cube.ide.mcu.externaltools.gnu-tools-for-stm32.12.3.rel1.linux64_1.0.100.202403111256/tools/bin/../lib/gcc/arm-none-eabi/12.3.1/thumb/v7e-m+fp/hard/libgcc.a(_arm_muldivdf3.o)
                0x08000590                __aeabi_dmul
                0x08000590                __muldf3
                0x080007e4                __aeabi_ddiv
                0x080007e4                __divdf3
 .text          0x080009b4      0x110 /home/andre/st/stm32cubeide_1.15.1/plugins/com.st.stm32cube.ide.mcu.externaltools.gnu-tools-for-stm32.12.3.rel1.linux64_1.0.100.202403111256/tools/bin/../lib/gcc/arm-none-eabi/12.3.1/thumb/v7e-m+fp/hard/libgcc.a(_arm_cmpdf2.o)
                0x080009b4                __gtdf2
                0x080009b4                __gedf2
                0x080009bc                __ltdf2
                0x080009bc                __ledf2
                0x080009c4                __cmpdf2
                0x080009c4                __eqdf2
                0x080009c4                __nedf2
                0x08000a40                __aeabi_cdrcmple
                0x08000a50                __aeabi_cdcmple
                0x08000a50                __aeabi_cdcmpeq
                0x08000a60                __aeabi_dcmpeq
                0x08000a74                __aeabi_dcmplt
                0x08000a88                __aeabi_dcmple
                0x08000a9c                __aeabi_dcmpge
                0x08000ab0                __aeabi_dcmpgt
 .text          0x08000ac4       0x50 /home/andre/st/stm32cubeide_1.15.1/plugins/com.st.stm32cube.ide.mcu.externaltools.gnu-tools-for-stm32.12.3.rel1.linux64_1.0.100.202403111256/tools/bin/../lib/gcc/arm-none-eabi/12.3.1/thumb/v7e-m+fp/hard/libgcc.a(_arm_fixdfsi.o)
                0x08000ac4                __fixdfsi
                0x08000ac4                __aeabi_d2iz
 .text          0x08000b14       0x40 /home/andre/st/stm32cubeide_1.15.1/plugins/com.st.stm32cube.ide.mcu.externaltools.gnu-tools-for-stm32.12.3.rel1.linux64_1.0.100.202403111256/tools/bin/../lib/gcc/arm-none-eabi/12.3.1/thumb/v7e-m+fp/hard/libgcc.a(_arm_fixunsdfsi.o)
                0x08000b14                __fixunsdfsi
                0x08000b14                __aeabi_d2uiz
 .text          0x08000b54       0xa0 /home/andre/st/stm32cubeide_1.15.1/plugins/com.st.stm32cube.ide.mcu.externaltools.gnu-tools-for-stm32.12.3.rel1.linux64_1.0.100.202403111256/tools/bin/../lib/gcc/arm-none-eabi/12.3.1/thumb/v7e-m+fp/hard/libgcc.a(_arm_truncdfsf2.o)
                0x08000b54                __aeabi_d2f
                0x08000b54                __truncdfsf2
 *(.text*)
 .text._ZN9ChampiCanC2EP19FDCAN_HandleTypeDef
                0x08000bf4       0x64 ./Core/Src/ChampiCan.o
                0x08000bf4                ChampiCan::ChampiCan(FDCAN_HandleTypeDef*)
                0x08000bf4                ChampiCan::ChampiCan(FDCAN_HandleTypeDef*)
 .text._ZN9ChampiCanC2Ev
                0x08000c58       0x30 ./Core/Src/ChampiCan.o
                0x08000c58                ChampiCan::ChampiCan()
                0x08000c58                ChampiCan::ChampiCan()
 .text._ZN9ChampiCan5startEv
                0x08000c88       0x52 ./Core/Src/ChampiCan.o
                0x08000c88                ChampiCan::start()
 .text._ZN9ChampiCan10send_frameEmPhm
                0x08000cda       0x74 ./Core/Src/ChampiCan.o
                0x08000cda                ChampiCan::send_frame(unsigned long, unsigned char*, unsigned long)
 *fill*         0x08000d4e        0x2 
 .text._ZN9ChampiCan8send_msgEmPhm
                0x08000d50      0x134 ./Core/Src/ChampiCan.o
                0x08000d50                ChampiCan::send_msg(unsigned long, unsigned char*, unsigned long)
 .text._ZN9ChampiCanD2Ev
                0x08000e84       0x20 ./Core/Src/ChampiCan.o
                0x08000e84                ChampiCan::~ChampiCan()
                0x08000e84                ChampiCan::~ChampiCan()
 .text._ZN9ChampiCanD0Ev
                0x08000ea4       0x20 ./Core/Src/ChampiCan.o
                0x08000ea4                ChampiCan::~ChampiCan()
 .text._ZN11ChampiStateC2Ev
                0x08000ec4       0x2c ./Core/Src/ChampiState.o
                0x08000ec4                ChampiState::ChampiState()
                0x08000ec4                ChampiState::ChampiState()
 .text._ZN11ChampiStateC2EP9ChampiCanm
                0x08000ef0       0x5c ./Core/Src/ChampiState.o
                0x08000ef0                ChampiState::ChampiState(ChampiCan*, unsigned long)
                0x08000ef0                ChampiState::ChampiState(ChampiCan*, unsigned long)
 .text._ZN11ChampiStateD2Ev
                0x08000f4c       0x20 ./Core/Src/ChampiState.o
                0x08000f4c                ChampiState::~ChampiState()
                0x08000f4c                ChampiState::~ChampiState()
 .text._ZN11ChampiStateD0Ev
                0x08000f6c       0x20 ./Core/Src/ChampiState.o
                0x08000f6c                ChampiState::~ChampiState()
 .text._ZN11ChampiState13report_statusE27_msgs_can_Status_StatusType26_msgs_can_Status_ErrorType
                0x08000f8c       0x3e ./Core/Src/ChampiState.o
                0x08000f8c                ChampiState::report_status(_msgs_can_Status_StatusType, _msgs_can_Status_ErrorType)
 *fill*         0x08000fca        0x2 
 .text._ZN11ChampiState11send_statusEv
                0x08000fcc       0x4c ./Core/Src/ChampiState.o
                0x08000fcc                ChampiState::send_status()
 .text._ZN11ChampiState9spin_onceEv
                0x08001018       0x44 ./Core/Src/ChampiState.o
                0x08001018                ChampiState::spin_once()
 .text._Z3subPKdS0_Pd
                0x0800105c       0x54 ./Core/Src/HolonomicDrive3.o
                0x0800105c                sub(double const*, double const*, double*)
 .text._Z3absPKdPd
                0x080010b0       0x7c ./Core/Src/HolonomicDrive3.o
                0x080010b0                abs(double const*, double*)
 .text._Z13get_index_maxPKd
                0x0800112c       0x7c ./Core/Src/HolonomicDrive3.o
                0x0800112c                get_index_max(double const*)
 .text._ZN3VelC2Ev
                0x080011a8       0x40 ./Core/Src/HolonomicDrive3.o
                0x080011a8                Vel::Vel()
                0x080011a8                Vel::Vel()
 .text._ZN7StepperaSERKS_
                0x080011e8       0x54 ./Core/Src/HolonomicDrive3.o
                0x080011e8                Stepper::operator=(Stepper const&)
 .text._ZN15HolonomicDrive3C2ERK7StepperS2_S2_
                0x0800123c       0xf0 ./Core/Src/HolonomicDrive3.o
                0x0800123c                HolonomicDrive3::HolonomicDrive3(Stepper const&, Stepper const&, Stepper const&)
                0x0800123c                HolonomicDrive3::HolonomicDrive3(Stepper const&, Stepper const&, Stepper const&)
 .text._ZN15HolonomicDrive3C2Ev
                0x0800132c       0x94 ./Core/Src/HolonomicDrive3.o
                0x0800132c                HolonomicDrive3::HolonomicDrive3()
                0x0800132c                HolonomicDrive3::HolonomicDrive3()
 .text._ZN15HolonomicDrive311set_cmd_velE3Vel
                0x080013c0       0x4a ./Core/Src/HolonomicDrive3.o
                0x080013c0                HolonomicDrive3::set_cmd_vel(Vel)
 *fill*         0x0800140a        0x6 
 .text._ZN15HolonomicDrive321compute_wheels_speedsE3VelPd
                0x08001410      0x17c ./Core/Src/HolonomicDrive3.o
                0x08001410                HolonomicDrive3::compute_wheels_speeds(Vel, double*)
 .text._ZN15HolonomicDrive319write_wheels_speedsEPd
                0x0800158c       0x6e ./Core/Src/HolonomicDrive3.o
                0x0800158c                HolonomicDrive3::write_wheels_speeds(double*)
 *fill*         0x080015fa        0x2 
 .text._ZN15HolonomicDrive324spin_once_motors_controlEv
                0x080015fc      0x190 ./Core/Src/HolonomicDrive3.o
                0x080015fc                HolonomicDrive3::spin_once_motors_control()
 .text._ZN15HolonomicDrive315get_current_velEv
                0x0800178c       0x56 ./Core/Src/HolonomicDrive3.o
                0x0800178c                HolonomicDrive3::get_current_vel()
 *fill*         0x080017e2        0x6 
 .text._ZN15HolonomicDrive318update_current_velEPKd
                0x080017e8      0x148 ./Core/Src/HolonomicDrive3.o
                0x080017e8                HolonomicDrive3::update_current_vel(double const*)
 .text._ZN15HolonomicDrive310set_configEddd
                0x08001930       0x7c ./Core/Src/HolonomicDrive3.o
                0x08001930                HolonomicDrive3::set_config(double, double, double)
 .text._ZN15HolonomicDrive3D2Ev
                0x080019ac       0x40 ./Core/Src/HolonomicDrive3.o
                0x080019ac                HolonomicDrive3::~HolonomicDrive3()
                0x080019ac                HolonomicDrive3::~HolonomicDrive3()
 .text._ZN15HolonomicDrive3D0Ev
                0x080019ec       0x22 ./Core/Src/HolonomicDrive3.o
                0x080019ec                HolonomicDrive3::~HolonomicDrive3()
 *fill*         0x08001a0e        0x2 
 .text._ZN17MessageRecomposerC2Ev
                0x08001a10       0x40 ./Core/Src/MessageRecomposer.o
                0x08001a10                MessageRecomposer::MessageRecomposer()
                0x08001a10                MessageRecomposer::MessageRecomposer()
 .text._ZN17MessageRecomposer9add_frameEPhh
                0x08001a50      0x168 ./Core/Src/MessageRecomposer.o
                0x08001a50                MessageRecomposer::add_frame(unsigned char*, unsigned char)
 .text._ZN17MessageRecomposer21check_if_new_full_msgEv
                0x08001bb8       0x18 ./Core/Src/MessageRecomposer.o
                0x08001bb8                MessageRecomposer::check_if_new_full_msg()
 .text._ZN17MessageRecomposer12get_full_msgB5cxx11Ev
                0x08001bd0       0x26 ./Core/Src/MessageRecomposer.o
                0x08001bd0                MessageRecomposer::get_full_msg[abi:cxx11]()
 *fill*         0x08001bf6        0x2 
 .text._ZN17MessageRecomposerD2Ev
                0x08001bf8       0x4c ./Core/Src/MessageRecomposer.o
                0x08001bf8                MessageRecomposer::~MessageRecomposer()
                0x08001bf8                MessageRecomposer::~MessageRecomposer()
 .text._ZN17MessageRecomposerD0Ev
                0x08001c44       0x22 ./Core/Src/MessageRecomposer.o
                0x08001c44                MessageRecomposer::~MessageRecomposer()
 .text._ZN17MessageRecomposer17decode_descriptorEPhRiS1_S1_
                0x08001c66       0x54 ./Core/Src/MessageRecomposer.o
                0x08001c66                MessageRecomposer::decode_descriptor(unsigned char*, int&, int&, int&)
 .text._ZN17MessageRecomposer19all_frames_receivedEv
                0x08001cba       0x44 ./Core/Src/MessageRecomposer.o
                0x08001cba                MessageRecomposer::all_frames_received()
 *fill*         0x08001cfe        0x2 
 .text._Z21PWM_set_high_durationP11TIM_TypeDefi
                0x08001d00       0x5c ./Core/Src/Stepper.o
                0x08001d00                PWM_set_high_duration(TIM_TypeDef*, int)
 *fill*         0x08001d5c        0x4 
 .text._Z12PWM_set_freqP11TIM_TypeDefi
                0x08001d60       0x58 ./Core/Src/Stepper.o
                0x08001d60                PWM_set_freq(TIM_TypeDef*, int)
 .text._ZN7StepperC2Ev
                0x08001db8       0x20 ./Core/Src/Stepper.o
                0x08001db8                Stepper::Stepper()
                0x08001db8                Stepper::Stepper()
 .text._ZN7StepperC2E17TIM_HandleTypeDefmP12GPIO_TypeDeft
                0x08001dd8       0x84 ./Core/Src/Stepper.o
                0x08001dd8                Stepper::Stepper(TIM_HandleTypeDef, unsigned long, GPIO_TypeDef*, unsigned short)
                0x08001dd8                Stepper::Stepper(TIM_HandleTypeDef, unsigned long, GPIO_TypeDef*, unsigned short)
 .text._ZN7Stepper19set_speed_step_freqEii
                0x08001e5c       0x98 ./Core/Src/Stepper.o
                0x08001e5c                Stepper::set_speed_step_freq(int, int)
 .text._ZN7Stepper13set_speed_rpsEf
                0x08001ef4       0x58 ./Core/Src/Stepper.o
                0x08001ef4                Stepper::set_speed_rps(float)
 .text._ZN7StepperD2Ev
                0x08001f4c       0x20 ./Core/Src/Stepper.o
                0x08001f4c                Stepper::~Stepper()
                0x08001f4c                Stepper::~Stepper()
 .text._ZN7StepperD0Ev
                0x08001f6c       0x20 ./Core/Src/Stepper.o
                0x08001f6c                Stepper::~Stepper()
 .text.__NVIC_SystemReset
                0x08001f8c       0x2c ./Core/Src/main.o
 .text._Z13set_loop_freqi
                0x08001fb8       0x6c ./Core/Src/main.o
                0x08001fb8                set_loop_freq(int)
 .text.HAL_TIM_PeriodElapsedCallback
                0x08002024       0x24 ./Core/Src/main.o
                0x08002024                HAL_TIM_PeriodElapsedCallback
 .text.HAL_FDCAN_RxFifo0Callback
                0x08002048       0xe8 ./Core/Src/main.o
                0x08002048                HAL_FDCAN_RxFifo0Callback
 .text._Z18on_receive_cmd_velRKNSt7__cxx1112basic_stringIcSt11char_traitsIcESaIcEEE
                0x08002130       0xdc ./Core/Src/main.o
                0x08002130                on_receive_cmd_vel(std::__cxx11::basic_string<char, std::char_traits<char>, std::allocator<char> > const&)
 .text._Z12transmit_vel3Vel
                0x0800220c      0x104 ./Core/Src/main.o
                0x0800220c                transmit_vel(Vel)
 .text._Z17on_receive_configRKNSt7__cxx1112basic_stringIcSt11char_traitsIcESaIcEEE
                0x08002310      0x128 ./Core/Src/main.o
                0x08002310                on_receive_config(std::__cxx11::basic_string<char, std::char_traits<char>, std::allocator<char> > const&)
 .text._Z19transmit_ret_config20_msgs_can_BaseConfig
                0x08002438       0x98 ./Core/Src/main.o
                0x08002438                transmit_ret_config(_msgs_can_BaseConfig)
 .text._Z10wait_tx_okv
                0x080024d0       0x68 ./Core/Src/main.o
                0x080024d0                wait_tx_ok()
 .text._Z20Error_Handler_CAN_okv
                0x08002538       0xa4 ./Core/Src/main.o
                0x08002538                Error_Handler_CAN_ok()
 .text._Z25is_emergency_stop_pressedv
                0x080025dc       0x20 ./Core/Src/main.o
                0x080025dc                is_emergency_stop_pressed()
 .text._Z17is_tirette_pulledv
                0x080025fc       0x68 ./Core/Src/main.o
                0x080025fc                is_tirette_pulled()
 .text._Z23send_can_tirette_pulledv
                0x08002664       0x24 ./Core/Src/main.o
                0x08002664                send_can_tirette_pulled()
 .text._ZN15HolonomicDrive3aSERKS_
                0x08002688       0xb6 ./Core/Src/main.o
                0x08002688                HolonomicDrive3::operator=(HolonomicDrive3 const&)
 .text._ZN9ChampiCanaSERKS_
                0x0800273e       0x36 ./Core/Src/main.o
                0x0800273e                ChampiCan::operator=(ChampiCan const&)
 .text._ZN17MessageRecomposeraSERKS_
                0x08002774       0x80 ./Core/Src/main.o
                0x08002774                MessageRecomposer::operator=(MessageRecomposer const&)
 .text._ZN11ChampiStateaSERKS_
                0x080027f4       0x5a ./Core/Src/main.o
                0x080027f4                ChampiState::operator=(ChampiState const&)
 *fill*         0x0800284e        0x2 
 .text._Z5setupv
                0x08002850      0x250 ./Core/Src/main.o
                0x08002850                setup()
 .text._Z4loopv
                0x08002aa0      0x154 ./Core/Src/main.o
                0x08002aa0                loop()
 .text.main     0x08002bf4       0x2c ./Core/Src/main.o
                0x08002bf4                main
 .text._Z18SystemClock_Configv
                0x08002c20       0xaa ./Core/Src/main.o
                0x08002c20                SystemClock_Config()
 *fill*         0x08002cca        0x2 
 .text._ZL14MX_FDCAN1_Initv
                0x08002ccc       0x98 ./Core/Src/main.o
 .text._ZL12MX_TIM1_Initv
                0x08002d64      0x1a0 ./Core/Src/main.o
 .text._ZL12MX_TIM6_Initv
                0x08002f04       0x80 ./Core/Src/main.o
 .text._ZL12MX_TIM8_Initv
                0x08002f84      0x1a0 ./Core/Src/main.o
 .text._ZL13MX_TIM15_Initv
                0x08003124      0x138 ./Core/Src/main.o
 .text._ZL12MX_GPIO_Initv
                0x0800325c       0xe0 ./Core/Src/main.o
 .text.Error_Handler
                0x0800333c       0x24 ./Core/Src/main.o
                0x0800333c                Error_Handler
 .text._Z41__static_initialization_and_destruction_0ii
                0x08003360       0xb4 ./Core/Src/main.o
 .text._GLOBAL__sub_I_hfdcan1
                0x08003414       0x10 ./Core/Src/main.o
 .text._GLOBAL__sub_D_hfdcan1
                0x08003424       0x10 ./Core/Src/main.o
 .text.load_descriptor_values
                0x08003434      0x2d4 ./Core/Src/pb_common.o
 .text.advance_iterator
                0x08003708       0xc0 ./Core/Src/pb_common.o
 .text.pb_field_iter_begin
                0x080037c8       0x32 ./Core/Src/pb_common.o
                0x080037c8                pb_field_iter_begin
 .text.pb_field_iter_begin_extension
                0x080037fa       0x60 ./Core/Src/pb_common.o
                0x080037fa                pb_field_iter_begin_extension
 .text.pb_field_iter_next
                0x0800385a       0x2a ./Core/Src/pb_common.o
                0x0800385a                pb_field_iter_next
 .text.pb_field_iter_find
                0x08003884       0xac ./Core/Src/pb_common.o
                0x08003884                pb_field_iter_find
 .text.pb_field_iter_find_extension
                0x08003930       0x66 ./Core/Src/pb_common.o
                0x08003930                pb_field_iter_find_extension
 .text.pb_const_cast
                0x08003996       0x1a ./Core/Src/pb_common.o
 .text.pb_field_iter_begin_const
                0x080039b0       0x28 ./Core/Src/pb_common.o
                0x080039b0                pb_field_iter_begin_const
 .text.pb_field_iter_begin_extension_const
                0x080039d8       0x24 ./Core/Src/pb_common.o
                0x080039d8                pb_field_iter_begin_extension_const
 .text.pb_default_field_callback
                0x080039fc       0x6a ./Core/Src/pb_common.o
                0x080039fc                pb_default_field_callback
 .text.buf_read
                0x08003a66       0x38 ./Core/Src/pb_decode.o
 *fill*         0x08003a9e        0x2 
 .text.pb_read  0x08003aa0       0xec ./Core/Src/pb_decode.o
                0x08003aa0                pb_read
 .text.pb_readbyte
                0x08003b8c       0x78 ./Core/Src/pb_decode.o
 .text.pb_istream_from_buffer
                0x08003c04       0x3c ./Core/Src/pb_decode.o
                0x08003c04                pb_istream_from_buffer
 .text.pb_decode_varint32_eof
                0x08003c40      0x154 ./Core/Src/pb_decode.o
 .text.pb_decode_varint32
                0x08003d94       0x1e ./Core/Src/pb_decode.o
                0x08003d94                pb_decode_varint32
 *fill*         0x08003db2        0x2 
 .text.pb_decode_varint
                0x08003db4       0xcc ./Core/Src/pb_decode.o
                0x08003db4                pb_decode_varint
 .text.pb_skip_varint
                0x08003e80       0x38 ./Core/Src/pb_decode.o
 .text.pb_skip_string
                0x08003eb8       0x3a ./Core/Src/pb_decode.o
 .text.pb_decode_tag
                0x08003ef2       0x5e ./Core/Src/pb_decode.o
                0x08003ef2                pb_decode_tag
 .text.pb_skip_field
                0x08003f50       0x84 ./Core/Src/pb_decode.o
                0x08003f50                pb_skip_field
 .text.read_raw_value
                0x08003fd4       0xd8 ./Core/Src/pb_decode.o
 .text.pb_make_string_substream
                0x080040ac       0x74 ./Core/Src/pb_decode.o
                0x080040ac                pb_make_string_substream
 .text.pb_close_string_substream
                0x08004120       0x4a ./Core/Src/pb_decode.o
                0x08004120                pb_close_string_substream
 *fill*         0x0800416a        0x2 
 .text.decode_basic_field
                0x0800416c      0x1ec ./Core/Src/pb_decode.o
 .text.decode_static_field
                0x08004358      0x280 ./Core/Src/pb_decode.o
 .text.decode_pointer_field
                0x080045d8       0x34 ./Core/Src/pb_decode.o
 .text.decode_callback_field
                0x0800460c      0x114 ./Core/Src/pb_decode.o
 .text.decode_field
                0x08004720       0x7c ./Core/Src/pb_decode.o
 .text.default_extension_decoder
                0x0800479c       0x74 ./Core/Src/pb_decode.o
 .text.decode_extension
                0x08004810       0x78 ./Core/Src/pb_decode.o
 .text.pb_field_set_to_default
                0x08004888      0x182 ./Core/Src/pb_decode.o
 .text.pb_message_set_to_defaults
                0x08004a0a       0xfa ./Core/Src/pb_decode.o
 .text.pb_decode_inner
                0x08004b04      0x374 ./Core/Src/pb_decode.o
 .text.pb_decode
                0x08004e78       0x26 ./Core/Src/pb_decode.o
                0x08004e78                pb_decode
 .text.pb_decode_bool
                0x08004e9e       0x40 ./Core/Src/pb_decode.o
                0x08004e9e                pb_decode_bool
 .text.pb_decode_svarint
                0x08004ede       0x86 ./Core/Src/pb_decode.o
                0x08004ede                pb_decode_svarint
 .text.pb_decode_fixed32
                0x08004f64       0x38 ./Core/Src/pb_decode.o
                0x08004f64                pb_decode_fixed32
 .text.pb_decode_fixed64
                0x08004f9c       0x3c ./Core/Src/pb_decode.o
                0x08004f9c                pb_decode_fixed64
 .text.pb_dec_bool
                0x08004fd8       0x20 ./Core/Src/pb_decode.o
 .text.pb_dec_varint
                0x08004ff8      0x258 ./Core/Src/pb_decode.o
 .text.pb_dec_bytes
                0x08005250       0xe8 ./Core/Src/pb_decode.o
 .text.pb_dec_string
                0x08005338       0xf8 ./Core/Src/pb_decode.o
 .text.pb_dec_submessage
                0x08005430      0x114 ./Core/Src/pb_decode.o
 .text.pb_dec_fixed_length_bytes
                0x08005544       0xa8 ./Core/Src/pb_decode.o
 .text.buf_write
                0x080055ec       0x30 ./Core/Src/pb_encode.o
 .text.pb_ostream_from_buffer
                0x0800561c       0x40 ./Core/Src/pb_encode.o
                0x0800561c                pb_ostream_from_buffer
 .text.pb_write
                0x0800565c       0xa0 ./Core/Src/pb_encode.o
                0x0800565c                pb_write
 .text.safe_read_bool
                0x080056fc       0x3c ./Core/Src/pb_encode.o
 .text.encode_array
                0x08005738      0x2a8 ./Core/Src/pb_encode.o
 .text.pb_check_proto3_default_value
                0x080059e0      0x23c ./Core/Src/pb_encode.o
 .text.encode_basic_field
                0x08005c1c       0xe8 ./Core/Src/pb_encode.o
 .text.encode_callback_field
                0x08005d04       0x54 ./Core/Src/pb_encode.o
 .text.encode_field
                0x08005d58       0xe8 ./Core/Src/pb_encode.o
 .text.default_extension_encoder
                0x08005e40       0x54 ./Core/Src/pb_encode.o
 .text.encode_extension_field
                0x08005e94       0x62 ./Core/Src/pb_encode.o
 .text.pb_encode
                0x08005ef6       0x88 ./Core/Src/pb_encode.o
                0x08005ef6                pb_encode
 .text.pb_encode_varint_32
                0x08005f7e       0xd4 ./Core/Src/pb_encode.o
 .text.pb_encode_varint
                0x08006052       0x56 ./Core/Src/pb_encode.o
                0x08006052                pb_encode_varint
 .text.pb_encode_svarint
                0x080060a8       0x74 ./Core/Src/pb_encode.o
                0x080060a8                pb_encode_svarint
 .text.pb_encode_fixed32
                0x0800611c       0x1e ./Core/Src/pb_encode.o
                0x0800611c                pb_encode_fixed32
 .text.pb_encode_fixed64
                0x0800613a       0x1e ./Core/Src/pb_encode.o
                0x0800613a                pb_encode_fixed64
 .text.pb_encode_tag
                0x08006158       0x52 ./Core/Src/pb_encode.o
                0x08006158                pb_encode_tag
 *fill*         0x080061aa        0x2 
 .text.pb_encode_tag_for_field
                0x080061ac       0x9c ./Core/Src/pb_encode.o
                0x080061ac                pb_encode_tag_for_field
 .text.pb_encode_string
                0x08006248       0x42 ./Core/Src/pb_encode.o
                0x08006248                pb_encode_string
 *fill*         0x0800628a        0x2 
 .text.pb_encode_submessage
                0x0800628c      0x11c ./Core/Src/pb_encode.o
                0x0800628c                pb_encode_submessage
 .text.pb_enc_bool
                0x080063a8       0x34 ./Core/Src/pb_encode.o
 .text.pb_enc_varint
                0x080063dc      0x184 ./Core/Src/pb_encode.o
 .text.pb_enc_fixed
                0x08006560       0x5c ./Core/Src/pb_encode.o
 .text.pb_enc_bytes
                0x080065bc       0x7c ./Core/Src/pb_encode.o
 .text.pb_enc_string
                0x08006638       0xbc ./Core/Src/pb_encode.o
 .text.pb_enc_submessage
                0x080066f4       0x8c ./Core/Src/pb_encode.o
 .text.pb_enc_fixed_length_bytes
                0x08006780       0x24 ./Core/Src/pb_encode.o
 .text.HAL_MspInit
                0x080067a4       0x48 ./Core/Src/stm32g4xx_hal_msp.o
                0x080067a4                HAL_MspInit
 .text.HAL_FDCAN_MspInit
                0x080067ec       0xc4 ./Core/Src/stm32g4xx_hal_msp.o
                0x080067ec                HAL_FDCAN_MspInit
 .text.HAL_TIM_Base_MspInit
                0x080068b0       0x9c ./Core/Src/stm32g4xx_hal_msp.o
                0x080068b0                HAL_TIM_Base_MspInit
 .text.HAL_TIM_PWM_MspInit
                0x0800694c       0x40 ./Core/Src/stm32g4xx_hal_msp.o
                0x0800694c                HAL_TIM_PWM_MspInit
 .text.HAL_TIM_MspPostInit
                0x0800698c      0x104 ./Core/Src/stm32g4xx_hal_msp.o
                0x0800698c                HAL_TIM_MspPostInit
 .text.NMI_Handler
                0x08006a90        0x8 ./Core/Src/stm32g4xx_it.o
                0x08006a90                NMI_Handler
 .text.HardFault_Handler
                0x08006a98        0x8 ./Core/Src/stm32g4xx_it.o
                0x08006a98                HardFault_Handler
 .text.MemManage_Handler
                0x08006aa0        0x8 ./Core/Src/stm32g4xx_it.o
                0x08006aa0                MemManage_Handler
 .text.BusFault_Handler
                0x08006aa8        0x8 ./Core/Src/stm32g4xx_it.o
                0x08006aa8                BusFault_Handler
 .text.UsageFault_Handler
                0x08006ab0        0x8 ./Core/Src/stm32g4xx_it.o
                0x08006ab0                UsageFault_Handler
 .text.SVC_Handler
                0x08006ab8        0xe ./Core/Src/stm32g4xx_it.o
                0x08006ab8                SVC_Handler
 .text.DebugMon_Handler
                0x08006ac6        0xe ./Core/Src/stm32g4xx_it.o
                0x08006ac6                DebugMon_Handler
 .text.PendSV_Handler
                0x08006ad4        0xe ./Core/Src/stm32g4xx_it.o
                0x08006ad4                PendSV_Handler
 .text.SysTick_Handler
                0x08006ae2        0xc ./Core/Src/stm32g4xx_it.o
                0x08006ae2                SysTick_Handler
 *fill*         0x08006aee        0x2 
 .text.FDCAN1_IT0_IRQHandler
                0x08006af0       0x14 ./Core/Src/stm32g4xx_it.o
                0x08006af0                FDCAN1_IT0_IRQHandler
 .text.TIM6_DAC_IRQHandler
                0x08006b04       0x14 ./Core/Src/stm32g4xx_it.o
                0x08006b04                TIM6_DAC_IRQHandler
 .text._getpid  0x08006b18       0x10 ./Core/Src/syscalls.o
                0x08006b18                _getpid
 .text._kill    0x08006b28       0x20 ./Core/Src/syscalls.o
                0x08006b28                _kill
 .text._exit    0x08006b48       0x16 ./Core/Src/syscalls.o
                0x08006b48                _exit
 .text._read    0x08006b5e       0x3a ./Core/Src/syscalls.o
                0x08006b5e                _read
 .text._write   0x08006b98       0x38 ./Core/Src/syscalls.o
                0x08006b98                _write
 .text._close   0x08006bd0       0x18 ./Core/Src/syscalls.o
                0x08006bd0                _close
 .text._fstat   0x08006be8       0x20 ./Core/Src/syscalls.o
                0x08006be8                _fstat
 .text._isatty  0x08006c08       0x16 ./Core/Src/syscalls.o
                0x08006c08                _isatty
 .text._lseek   0x08006c1e       0x1a ./Core/Src/syscalls.o
                0x08006c1e                _lseek
 .text._sbrk    0x08006c38       0x6c ./Core/Src/sysmem.o
                0x08006c38                _sbrk
 .text.SystemInit
                0x08006ca4       0x24 ./Core/Src/system_stm32g4xx.o
                0x08006ca4                SystemInit
 .text.Reset_Handler
                0x08006cc8       0x50 ./Core/Startup/startup_stm32g431kbtx.o
                0x08006cc8                Reset_Handler
 .text.Default_Handler
                0x08006d18        0x2 ./Core/Startup/startup_stm32g431kbtx.o
                0x08006d18                RTC_Alarm_IRQHandler
                0x08006d18                EXTI2_IRQHandler
                0x08006d18                TIM8_TRG_COM_IRQHandler
                0x08006d18                TIM8_CC_IRQHandler
                0x08006d18                TIM1_CC_IRQHandler
                0x08006d18                USB_HP_IRQHandler
                0x08006d18                CORDIC_IRQHandler
                0x08006d18                EXTI3_IRQHandler
                0x08006d18                I2C3_ER_IRQHandler
                0x08006d18                EXTI0_IRQHandler
                0x08006d18                I2C2_EV_IRQHandler
                0x08006d18                FPU_IRQHandler
                0x08006d18                FDCAN1_IT1_IRQHandler
                0x08006d18                TIM1_UP_TIM16_IRQHandler
                0x08006d18                ADC1_2_IRQHandler
                0x08006d18                SPI1_IRQHandler
                0x08006d18                TIM8_UP_IRQHandler
                0x08006d18                DMA2_Channel2_IRQHandler
                0x08006d18                DMA1_Channel4_IRQHandler
                0x08006d18                USART3_IRQHandler
                0x08006d18                TIM4_IRQHandler
                0x08006d18                DMA2_Channel1_IRQHandler
                0x08006d18                I2C1_EV_IRQHandler
                0x08006d18                DMA1_Channel6_IRQHandler
                0x08006d18                UART4_IRQHandler
                0x08006d18                DMA2_Channel4_IRQHandler
                0x08006d18                TIM3_IRQHandler
                0x08006d18                RCC_IRQHandler
                0x08006d18                DMA1_Channel1_IRQHandler
                0x08006d18                Default_Handler
                0x08006d18                RTC_TAMP_LSECSS_IRQHandler
                0x08006d18                FMAC_IRQHandler
                0x08006d18                EXTI15_10_IRQHandler
                0x08006d18                TIM7_IRQHandler
                0x08006d18                UCPD1_IRQHandler
                0x08006d18                I2C3_EV_IRQHandler
                0x08006d18                EXTI9_5_IRQHandler
                0x08006d18                RTC_WKUP_IRQHandler
                0x08006d18                PVD_PVM_IRQHandler
                0x08006d18                SPI2_IRQHandler
                0x08006d18                DMA2_Channel5_IRQHandler
                0x08006d18                CRS_IRQHandler
                0x08006d18                DMA1_Channel5_IRQHandler
                0x08006d18                USB_LP_IRQHandler
                0x08006d18                EXTI4_IRQHandler
                0x08006d18                RNG_IRQHandler
                0x08006d18                TIM1_TRG_COM_TIM17_IRQHandler
                0x08006d18                DMA1_Channel3_IRQHandler
                0x08006d18                WWDG_IRQHandler
                0x08006d18                LPUART1_IRQHandler
                0x08006d18                DMA2_Channel6_IRQHandler
                0x08006d18                TIM2_IRQHandler
                0x08006d18                COMP1_2_3_IRQHandler
                0x08006d18                EXTI1_IRQHandler
                0x08006d18                USART2_IRQHandler
                0x08006d18                I2C2_ER_IRQHandler
                0x08006d18                DMA1_Channel2_IRQHandler
                0x08006d18                TIM8_BRK_IRQHandler
                0x08006d18                FLASH_IRQHandler
                0x08006d18                USART1_IRQHandler
                0x08006d18                SPI3_IRQHandler
                0x08006d18                I2C1_ER_IRQHandler
                0x08006d18                LPTIM1_IRQHandler
                0x08006d18                DMAMUX_OVR_IRQHandler
                0x08006d18                USBWakeUp_IRQHandler
                0x08006d18                SAI1_IRQHandler
                0x08006d18                DMA2_Channel3_IRQHandler
                0x08006d18                COMP4_IRQHandler
                0x08006d18                TIM1_BRK_TIM15_IRQHandler
 .text.HAL_Init
                0x08006d1a       0x30 ./Drivers/STM32G4xx_HAL_Driver/Src/stm32g4xx_hal.o
                0x08006d1a                HAL_Init
 *fill*         0x08006d4a        0x2 
 .text.HAL_InitTick
                0x08006d4c       0x74 ./Drivers/STM32G4xx_HAL_Driver/Src/stm32g4xx_hal.o
                0x08006d4c                HAL_InitTick
 .text.HAL_IncTick
                0x08006dc0       0x24 ./Drivers/STM32G4xx_HAL_Driver/Src/stm32g4xx_hal.o
                0x08006dc0                HAL_IncTick
 .text.HAL_GetTick
                0x08006de4       0x18 ./Drivers/STM32G4xx_HAL_Driver/Src/stm32g4xx_hal.o
                0x08006de4                HAL_GetTick
 .text.HAL_Delay
                0x08006dfc       0x44 ./Drivers/STM32G4xx_HAL_Driver/Src/stm32g4xx_hal.o
                0x08006dfc                HAL_Delay
 .text.__NVIC_SetPriorityGrouping
                0x08006e40       0x48 ./Drivers/STM32G4xx_HAL_Driver/Src/stm32g4xx_hal_cortex.o
 .text.__NVIC_GetPriorityGrouping
                0x08006e88       0x1c ./Drivers/STM32G4xx_HAL_Driver/Src/stm32g4xx_hal_cortex.o
 .text.__NVIC_EnableIRQ
                0x08006ea4       0x3c ./Drivers/STM32G4xx_HAL_Driver/Src/stm32g4xx_hal_cortex.o
 .text.__NVIC_SetPriority
                0x08006ee0       0x54 ./Drivers/STM32G4xx_HAL_Driver/Src/stm32g4xx_hal_cortex.o
 .text.NVIC_EncodePriority
                0x08006f34       0x66 ./Drivers/STM32G4xx_HAL_Driver/Src/stm32g4xx_hal_cortex.o
 *fill*         0x08006f9a        0x2 
 .text.SysTick_Config
                0x08006f9c       0x44 ./Drivers/STM32G4xx_HAL_Driver/Src/stm32g4xx_hal_cortex.o
 .text.HAL_NVIC_SetPriorityGrouping
                0x08006fe0       0x16 ./Drivers/STM32G4xx_HAL_Driver/Src/stm32g4xx_hal_cortex.o
                0x08006fe0                HAL_NVIC_SetPriorityGrouping
 .text.HAL_NVIC_SetPriority
                0x08006ff6       0x34 ./Drivers/STM32G4xx_HAL_Driver/Src/stm32g4xx_hal_cortex.o
                0x08006ff6                HAL_NVIC_SetPriority
 .text.HAL_NVIC_EnableIRQ
                0x0800702a       0x1c ./Drivers/STM32G4xx_HAL_Driver/Src/stm32g4xx_hal_cortex.o
                0x0800702a                HAL_NVIC_EnableIRQ
 .text.HAL_SYSTICK_Config
                0x08007046       0x18 ./Drivers/STM32G4xx_HAL_Driver/Src/stm32g4xx_hal_cortex.o
                0x08007046                HAL_SYSTICK_Config
 *fill*         0x0800705e        0x2 
 .text.HAL_FDCAN_Init
                0x08007060      0x2b4 ./Drivers/STM32G4xx_HAL_Driver/Src/stm32g4xx_hal_fdcan.o
                0x08007060                HAL_FDCAN_Init
 .text.HAL_FDCAN_Start
                0x08007314       0x50 ./Drivers/STM32G4xx_HAL_Driver/Src/stm32g4xx_hal_fdcan.o
                0x08007314                HAL_FDCAN_Start
 .text.HAL_FDCAN_AddMessageToTxFifoQ
                0x08007364       0x88 ./Drivers/STM32G4xx_HAL_Driver/Src/stm32g4xx_hal_fdcan.o
                0x08007364                HAL_FDCAN_AddMessageToTxFifoQ
 .text.HAL_FDCAN_GetRxMessage
                0x080073ec      0x210 ./Drivers/STM32G4xx_HAL_Driver/Src/stm32g4xx_hal_fdcan.o
                0x080073ec                HAL_FDCAN_GetRxMessage
 .text.HAL_FDCAN_GetTxFifoFreeLevel
                0x080075fc       0x24 ./Drivers/STM32G4xx_HAL_Driver/Src/stm32g4xx_hal_fdcan.o
                0x080075fc                HAL_FDCAN_GetTxFifoFreeLevel
 .text.HAL_FDCAN_ActivateNotification
                0x08007620      0x1cc ./Drivers/STM32G4xx_HAL_Driver/Src/stm32g4xx_hal_fdcan.o
                0x08007620                HAL_FDCAN_ActivateNotification
 .text.HAL_FDCAN_IRQHandler
                0x080077ec      0x24a ./Drivers/STM32G4xx_HAL_Driver/Src/stm32g4xx_hal_fdcan.o
                0x080077ec                HAL_FDCAN_IRQHandler
 .text.HAL_FDCAN_TxEventFifoCallback
                0x08007a36       0x16 ./Drivers/STM32G4xx_HAL_Driver/Src/stm32g4xx_hal_fdcan.o
                0x08007a36                HAL_FDCAN_TxEventFifoCallback
 .text.HAL_FDCAN_RxFifo1Callback
                0x08007a4c       0x16 ./Drivers/STM32G4xx_HAL_Driver/Src/stm32g4xx_hal_fdcan.o
                0x08007a4c                HAL_FDCAN_RxFifo1Callback
 .text.HAL_FDCAN_TxFifoEmptyCallback
                0x08007a62       0x14 ./Drivers/STM32G4xx_HAL_Driver/Src/stm32g4xx_hal_fdcan.o
                0x08007a62                HAL_FDCAN_TxFifoEmptyCallback
 .text.HAL_FDCAN_TxBufferCompleteCallback
                0x08007a76       0x16 ./Drivers/STM32G4xx_HAL_Driver/Src/stm32g4xx_hal_fdcan.o
                0x08007a76                HAL_FDCAN_TxBufferCompleteCallback
 .text.HAL_FDCAN_TxBufferAbortCallback
                0x08007a8c       0x16 ./Drivers/STM32G4xx_HAL_Driver/Src/stm32g4xx_hal_fdcan.o
                0x08007a8c                HAL_FDCAN_TxBufferAbortCallback
 .text.HAL_FDCAN_TimestampWraparoundCallback
                0x08007aa2       0x14 ./Drivers/STM32G4xx_HAL_Driver/Src/stm32g4xx_hal_fdcan.o
                0x08007aa2                HAL_FDCAN_TimestampWraparoundCallback
 .text.HAL_FDCAN_TimeoutOccurredCallback
                0x08007ab6       0x14 ./Drivers/STM32G4xx_HAL_Driver/Src/stm32g4xx_hal_fdcan.o
                0x08007ab6                HAL_FDCAN_TimeoutOccurredCallback
 .text.HAL_FDCAN_HighPriorityMessageCallback
                0x08007aca       0x14 ./Drivers/STM32G4xx_HAL_Driver/Src/stm32g4xx_hal_fdcan.o
                0x08007aca                HAL_FDCAN_HighPriorityMessageCallback
 .text.HAL_FDCAN_ErrorCallback
                0x08007ade       0x14 ./Drivers/STM32G4xx_HAL_Driver/Src/stm32g4xx_hal_fdcan.o
                0x08007ade                HAL_FDCAN_ErrorCallback
 .text.HAL_FDCAN_ErrorStatusCallback
                0x08007af2       0x16 ./Drivers/STM32G4xx_HAL_Driver/Src/stm32g4xx_hal_fdcan.o
                0x08007af2                HAL_FDCAN_ErrorStatusCallback
 .text.FDCAN_CalcultateRamBlockAddresses
                0x08007b08       0xac ./Drivers/STM32G4xx_HAL_Driver/Src/stm32g4xx_hal_fdcan.o
 .text.FDCAN_CopyMessageToRAM
                0x08007bb4       0xf8 ./Drivers/STM32G4xx_HAL_Driver/Src/stm32g4xx_hal_fdcan.o
 .text.HAL_GPIO_Init
                0x08007cac      0x304 ./Drivers/STM32G4xx_HAL_Driver/Src/stm32g4xx_hal_gpio.o
                0x08007cac                HAL_GPIO_Init
 .text.HAL_GPIO_ReadPin
                0x08007fb0       0x30 ./Drivers/STM32G4xx_HAL_Driver/Src/stm32g4xx_hal_gpio.o
                0x08007fb0                HAL_GPIO_ReadPin
 .text.HAL_GPIO_WritePin
                0x08007fe0       0x30 ./Drivers/STM32G4xx_HAL_Driver/Src/stm32g4xx_hal_gpio.o
                0x08007fe0                HAL_GPIO_WritePin
 .text.HAL_GPIO_TogglePin
                0x08008010       0x34 ./Drivers/STM32G4xx_HAL_Driver/Src/stm32g4xx_hal_gpio.o
                0x08008010                HAL_GPIO_TogglePin
 .text.HAL_PWREx_ControlVoltageScaling
                0x08008044      0x148 ./Drivers/STM32G4xx_HAL_Driver/Src/stm32g4xx_hal_pwr_ex.o
                0x08008044                HAL_PWREx_ControlVoltageScaling
 .text.HAL_PWREx_DisableUCPDDeadBattery
                0x0800818c       0x20 ./Drivers/STM32G4xx_HAL_Driver/Src/stm32g4xx_hal_pwr_ex.o
                0x0800818c                HAL_PWREx_DisableUCPDDeadBattery
 .text.HAL_RCC_OscConfig
                0x080081ac      0x624 ./Drivers/STM32G4xx_HAL_Driver/Src/stm32g4xx_hal_rcc.o
                0x080081ac                HAL_RCC_OscConfig
 .text.HAL_RCC_ClockConfig
                0x080087d0      0x278 ./Drivers/STM32G4xx_HAL_Driver/Src/stm32g4xx_hal_rcc.o
                0x080087d0                HAL_RCC_ClockConfig
 .text.HAL_RCC_GetSysClockFreq
                0x08008a48       0xc4 ./Drivers/STM32G4xx_HAL_Driver/Src/stm32g4xx_hal_rcc.o
                0x08008a48                HAL_RCC_GetSysClockFreq
 .text.RCC_GetSysClockFreqFromPLLSource
                0x08008b0c       0x8c ./Drivers/STM32G4xx_HAL_Driver/Src/stm32g4xx_hal_rcc.o
 .text.HAL_RCCEx_PeriphCLKConfig
                0x08008b98      0x3e0 ./Drivers/STM32G4xx_HAL_Driver/Src/stm32g4xx_hal_rcc_ex.o
                0x08008b98                HAL_RCCEx_PeriphCLKConfig
 .text.HAL_TIM_Base_Init
                0x08008f78       0xae ./Drivers/STM32G4xx_HAL_Driver/Src/stm32g4xx_hal_tim.o
                0x08008f78                HAL_TIM_Base_Init
 *fill*         0x08009026        0x2 
 .text.HAL_TIM_Base_Start_IT
                0x08009028       0xd4 ./Drivers/STM32G4xx_HAL_Driver/Src/stm32g4xx_hal_tim.o
                0x08009028                HAL_TIM_Base_Start_IT
 .text.HAL_TIM_PWM_Init
                0x080090fc       0xae ./Drivers/STM32G4xx_HAL_Driver/Src/stm32g4xx_hal_tim.o
                0x080090fc                HAL_TIM_PWM_Init
 *fill*         0x080091aa        0x2 
 .text.HAL_TIM_PWM_Start
                0x080091ac      0x200 ./Drivers/STM32G4xx_HAL_Driver/Src/stm32g4xx_hal_tim.o
                0x080091ac                HAL_TIM_PWM_Start
 .text.HAL_TIM_IRQHandler
                0x080093ac      0x29e ./Drivers/STM32G4xx_HAL_Driver/Src/stm32g4xx_hal_tim.o
                0x080093ac                HAL_TIM_IRQHandler
 *fill*         0x0800964a        0x2 
 .text.HAL_TIM_PWM_ConfigChannel
                0x0800964c      0x228 ./Drivers/STM32G4xx_HAL_Driver/Src/stm32g4xx_hal_tim.o
                0x0800964c                HAL_TIM_PWM_ConfigChannel
 .text.HAL_TIM_ConfigClockSource
                0x08009874      0x1f4 ./Drivers/STM32G4xx_HAL_Driver/Src/stm32g4xx_hal_tim.o
                0x08009874                HAL_TIM_ConfigClockSource
 .text.HAL_TIM_OC_DelayElapsedCallback
                0x08009a68       0x14 ./Drivers/STM32G4xx_HAL_Driver/Src/stm32g4xx_hal_tim.o
                0x08009a68                HAL_TIM_OC_DelayElapsedCallback
 .text.HAL_TIM_IC_CaptureCallback
                0x08009a7c       0x14 ./Drivers/STM32G4xx_HAL_Driver/Src/stm32g4xx_hal_tim.o
                0x08009a7c                HAL_TIM_IC_CaptureCallback
 .text.HAL_TIM_PWM_PulseFinishedCallback
                0x08009a90       0x14 ./Drivers/STM32G4xx_HAL_Driver/Src/stm32g4xx_hal_tim.o
                0x08009a90                HAL_TIM_PWM_PulseFinishedCallback
 .text.HAL_TIM_TriggerCallback
                0x08009aa4       0x14 ./Drivers/STM32G4xx_HAL_Driver/Src/stm32g4xx_hal_tim.o
                0x08009aa4                HAL_TIM_TriggerCallback
 .text.TIM_Base_SetConfig
                0x08009ab8      0x138 ./Drivers/STM32G4xx_HAL_Driver/Src/stm32g4xx_hal_tim.o
                0x08009ab8                TIM_Base_SetConfig
 .text.TIM_OC1_SetConfig
                0x08009bf0      0x120 ./Drivers/STM32G4xx_HAL_Driver/Src/stm32g4xx_hal_tim.o
 .text.TIM_OC2_SetConfig
                0x08009d10      0x114 ./Drivers/STM32G4xx_HAL_Driver/Src/stm32g4xx_hal_tim.o
                0x08009d10                TIM_OC2_SetConfig
 .text.TIM_OC3_SetConfig
                0x08009e24      0x110 ./Drivers/STM32G4xx_HAL_Driver/Src/stm32g4xx_hal_tim.o
 .text.TIM_OC4_SetConfig
                0x08009f34      0x114 ./Drivers/STM32G4xx_HAL_Driver/Src/stm32g4xx_hal_tim.o
 .text.TIM_OC5_SetConfig
                0x0800a048       0xc8 ./Drivers/STM32G4xx_HAL_Driver/Src/stm32g4xx_hal_tim.o
 .text.TIM_OC6_SetConfig
                0x0800a110       0xcc ./Drivers/STM32G4xx_HAL_Driver/Src/stm32g4xx_hal_tim.o
 .text.TIM_TI1_ConfigInputStage
                0x0800a1dc       0x5e ./Drivers/STM32G4xx_HAL_Driver/Src/stm32g4xx_hal_tim.o
 .text.TIM_TI2_ConfigInputStage
                0x0800a23a       0x60 ./Drivers/STM32G4xx_HAL_Driver/Src/stm32g4xx_hal_tim.o
 .text.TIM_ITRx_SetConfig
                0x0800a29a       0x3a ./Drivers/STM32G4xx_HAL_Driver/Src/stm32g4xx_hal_tim.o
 .text.TIM_ETR_SetConfig
                0x0800a2d4       0x40 ./Drivers/STM32G4xx_HAL_Driver/Src/stm32g4xx_hal_tim.o
                0x0800a2d4                TIM_ETR_SetConfig
 .text.TIM_CCxChannelCmd
                0x0800a314       0x4a ./Drivers/STM32G4xx_HAL_Driver/Src/stm32g4xx_hal_tim.o
                0x0800a314                TIM_CCxChannelCmd
 *fill*         0x0800a35e        0x2 
 .text.HAL_TIMEx_MasterConfigSynchronization
                0x0800a360      0x104 ./Drivers/STM32G4xx_HAL_Driver/Src/stm32g4xx_hal_tim_ex.o
                0x0800a360                HAL_TIMEx_MasterConfigSynchronization
 .text.HAL_TIMEx_ConfigBreakDeadTime
                0x0800a464      0x118 ./Drivers/STM32G4xx_HAL_Driver/Src/stm32g4xx_hal_tim_ex.o
                0x0800a464                HAL_TIMEx_ConfigBreakDeadTime
 .text.HAL_TIMEx_CommutCallback
                0x0800a57c       0x14 ./Drivers/STM32G4xx_HAL_Driver/Src/stm32g4xx_hal_tim_ex.o
                0x0800a57c                HAL_TIMEx_CommutCallback
 .text.HAL_TIMEx_BreakCallback
                0x0800a590       0x14 ./Drivers/STM32G4xx_HAL_Driver/Src/stm32g4xx_hal_tim_ex.o
                0x0800a590                HAL_TIMEx_BreakCallback
 .text.HAL_TIMEx_Break2Callback
                0x0800a5a4       0x14 ./Drivers/STM32G4xx_HAL_Driver/Src/stm32g4xx_hal_tim_ex.o
                0x0800a5a4                HAL_TIMEx_Break2Callback
 .text.HAL_TIMEx_EncoderIndexCallback
                0x0800a5b8       0x14 ./Drivers/STM32G4xx_HAL_Driver/Src/stm32g4xx_hal_tim_ex.o
                0x0800a5b8                HAL_TIMEx_EncoderIndexCallback
 .text.HAL_TIMEx_DirectionChangeCallback
                0x0800a5cc       0x14 ./Drivers/STM32G4xx_HAL_Driver/Src/stm32g4xx_hal_tim_ex.o
                0x0800a5cc                HAL_TIMEx_DirectionChangeCallback
 .text.HAL_TIMEx_IndexErrorCallback
                0x0800a5e0       0x14 ./Drivers/STM32G4xx_HAL_Driver/Src/stm32g4xx_hal_tim_ex.o
                0x0800a5e0                HAL_TIMEx_IndexErrorCallback
 .text.HAL_TIMEx_TransitionErrorCallback
                0x0800a5f4       0x14 ./Drivers/STM32G4xx_HAL_Driver/Src/stm32g4xx_hal_tim_ex.o
                0x0800a5f4                HAL_TIMEx_TransitionErrorCallback
 .text._ZdlPvj  0x0800a608        0x4 /home/andre/st/stm32cubeide_1.15.1/plugins/com.st.stm32cube.ide.mcu.externaltools.gnu-tools-for-stm32.12.3.rel1.linux64_1.0.100.202403111256/tools/bin/../lib/gcc/arm-none-eabi/12.3.1/../../../../arm-none-eabi/lib/thumb/v7e-m+fp/hard/libstdc++_nano.a(del_ops.o)
                0x0800a608                operator delete(void*, unsigned int)
 .text.__cxa_guard_acquire
                0x0800a60c       0x18 /home/andre/st/stm32cubeide_1.15.1/plugins/com.st.stm32cube.ide.mcu.externaltools.gnu-tools-for-stm32.12.3.rel1.linux64_1.0.100.202403111256/tools/bin/../lib/gcc/arm-none-eabi/12.3.1/../../../../arm-none-eabi/lib/thumb/v7e-m+fp/hard/libstdc++_nano.a(guard.o)
                0x0800a60c                __cxa_guard_acquire
 .text.__cxa_guard_release
                0x0800a624        0x6 /home/andre/st/stm32cubeide_1.15.1/plugins/com.st.stm32cube.ide.mcu.externaltools.gnu-tools-for-stm32.12.3.rel1.linux64_1.0.100.202403111256/tools/bin/../lib/gcc/arm-none-eabi/12.3.1/../../../../arm-none-eabi/lib/thumb/v7e-m+fp/hard/libstdc++_nano.a(guard.o)
                0x0800a624                __cxa_guard_release
 .text._ZNSaIcEC2Ev
                0x0800a62a        0x2 /home/andre/st/stm32cubeide_1.15.1/plugins/com.st.stm32cube.ide.mcu.externaltools.gnu-tools-for-stm32.12.3.rel1.linux64_1.0.100.202403111256/tools/bin/../lib/gcc/arm-none-eabi/12.3.1/../../../../arm-none-eabi/lib/thumb/v7e-m+fp/hard/libstdc++_nano.a(allocator-inst.o)
                0x0800a62a                std::allocator<char>::allocator()
                0x0800a62a                std::allocator<char>::allocator()
 .text._ZNSaIcED2Ev
                0x0800a62c        0x2 /home/andre/st/stm32cubeide_1.15.1/plugins/com.st.stm32cube.ide.mcu.externaltools.gnu-tools-for-stm32.12.3.rel1.linux64_1.0.100.202403111256/tools/bin/../lib/gcc/arm-none-eabi/12.3.1/../../../../arm-none-eabi/lib/thumb/v7e-m+fp/hard/libstdc++_nano.a(allocator-inst.o)
                0x0800a62c                std::allocator<char>::~allocator()
                0x0800a62c                std::allocator<char>::~allocator()
 .text._ZNSt11char_traitsIcE4copyEPcPKcj.isra.0
                0x0800a62e        0x8 /home/andre/st/stm32cubeide_1.15.1/plugins/com.st.stm32cube.ide.mcu.externaltools.gnu-tools-for-stm32.12.3.rel1.linux64_1.0.100.202403111256/tools/bin/../lib/gcc/arm-none-eabi/12.3.1/../../../../arm-none-eabi/lib/thumb/v7e-m+fp/hard/libstdc++_nano.a(string-inst.o)
 .text._ZNKSt7__cxx1112basic_stringIcSt11char_traitsIcESaIcEE11_M_is_localEv
                0x0800a636        0xc /home/andre/st/stm32cubeide_1.15.1/plugins/com.st.stm32cube.ide.mcu.externaltools.gnu-tools-for-stm32.12.3.rel1.linux64_1.0.100.202403111256/tools/bin/../lib/gcc/arm-none-eabi/12.3.1/../../../../arm-none-eabi/lib/thumb/v7e-m+fp/hard/libstdc++_nano.a(string-inst.o)
                0x0800a636                std::__cxx11::basic_string<char, std::char_traits<char>, std::allocator<char> >::_M_is_local() const
 *fill*         0x0800a642        0x2 
 .text._ZNSt7__cxx1112basic_stringIcSt11char_traitsIcESaIcEE9_M_createERjj
                0x0800a644       0x44 /home/andre/st/stm32cubeide_1.15.1/plugins/com.st.stm32cube.ide.mcu.externaltools.gnu-tools-for-stm32.12.3.rel1.linux64_1.0.100.202403111256/tools/bin/../lib/gcc/arm-none-eabi/12.3.1/../../../../arm-none-eabi/lib/thumb/v7e-m+fp/hard/libstdc++_nano.a(string-inst.o)
                0x0800a644                std::__cxx11::basic_string<char, std::char_traits<char>, std::allocator<char> >::_M_create(unsigned int&, unsigned int)
 .text._ZNSt7__cxx1112basic_stringIcSt11char_traitsIcESaIcEE10_M_disposeEv
                0x0800a688       0x16 /home/andre/st/stm32cubeide_1.15.1/plugins/com.st.stm32cube.ide.mcu.externaltools.gnu-tools-for-stm32.12.3.rel1.linux64_1.0.100.202403111256/tools/bin/../lib/gcc/arm-none-eabi/12.3.1/../../../../arm-none-eabi/lib/thumb/v7e-m+fp/hard/libstdc++_nano.a(string-inst.o)
                0x0800a688                std::__cxx11::basic_string<char, std::char_traits<char>, std::allocator<char> >::_M_dispose()
 .text._ZNKSt7__cxx1112basic_stringIcSt11char_traitsIcESaIcEE15_M_check_lengthEjjPKc
                0x0800a69e       0x18 /home/andre/st/stm32cubeide_1.15.1/plugins/com.st.stm32cube.ide.mcu.externaltools.gnu-tools-for-stm32.12.3.rel1.linux64_1.0.100.202403111256/tools/bin/../lib/gcc/arm-none-eabi/12.3.1/../../../../arm-none-eabi/lib/thumb/v7e-m+fp/hard/libstdc++_nano.a(string-inst.o)
                0x0800a69e                std::__cxx11::basic_string<char, std::char_traits<char>, std::allocator<char> >::_M_check_length(unsigned int, unsigned int, char const*) const
 .text._ZNSt7__cxx1112basic_stringIcSt11char_traitsIcESaIcEE7_S_copyEPcPKcj
                0x0800a6b6       0x18 /home/andre/st/stm32cubeide_1.15.1/plugins/com.st.stm32cube.ide.mcu.externaltools.gnu-tools-for-stm32.12.3.rel1.linux64_1.0.100.202403111256/tools/bin/../lib/gcc/arm-none-eabi/12.3.1/../../../../arm-none-eabi/lib/thumb/v7e-m+fp/hard/libstdc++_nano.a(string-inst.o)
                0x0800a6b6                std::__cxx11::basic_string<char, std::char_traits<char>, std::allocator<char> >::_S_copy(char*, char const*, unsigned int)
 .text._ZNSt7__cxx1112basic_stringIcSt11char_traitsIcESaIcEE13_S_copy_charsEPcS5_S5_
                0x0800a6ce        0xa /home/andre/st/stm32cubeide_1.15.1/plugins/com.st.stm32cube.ide.mcu.externaltools.gnu-tools-for-stm32.12.3.rel1.linux64_1.0.100.202403111256/tools/bin/../lib/gcc/arm-none-eabi/12.3.1/../../../../arm-none-eabi/lib/thumb/v7e-m+fp/hard/libstdc++_nano.a(string-inst.o)
                0x0800a6ce                std::__cxx11::basic_string<char, std::char_traits<char>, std::allocator<char> >::_S_copy_chars(char*, char*, char*)
 .text._ZNSt7__cxx1112basic_stringIcSt11char_traitsIcESaIcEE13_S_copy_charsEPcPKcS7_
                0x0800a6d8        0xa /home/andre/st/stm32cubeide_1.15.1/plugins/com.st.stm32cube.ide.mcu.externaltools.gnu-tools-for-stm32.12.3.rel1.linux64_1.0.100.202403111256/tools/bin/../lib/gcc/arm-none-eabi/12.3.1/../../../../arm-none-eabi/lib/thumb/v7e-m+fp/hard/libstdc++_nano.a(string-inst.o)
                0x0800a6d8                std::__cxx11::basic_string<char, std::char_traits<char>, std::allocator<char> >::_S_copy_chars(char*, char const*, char const*)
 .text._ZNSt7__cxx1112basic_stringIcSt11char_traitsIcESaIcEEC2Ev
                0x0800a6e2        0xe /home/andre/st/stm32cubeide_1.15.1/plugins/com.st.stm32cube.ide.mcu.externaltools.gnu-tools-for-stm32.12.3.rel1.linux64_1.0.100.202403111256/tools/bin/../lib/gcc/arm-none-eabi/12.3.1/../../../../arm-none-eabi/lib/thumb/v7e-m+fp/hard/libstdc++_nano.a(string-inst.o)
                0x0800a6e2                std::__cxx11::basic_string<char, std::char_traits<char>, std::allocator<char> >::basic_string()
                0x0800a6e2                std::__cxx11::basic_string<char, std::char_traits<char>, std::allocator<char> >::basic_string()
 .text._ZNSt7__cxx1112basic_stringIcSt11char_traitsIcESaIcEED2Ev
                0x0800a6f0        0xc /home/andre/st/stm32cubeide_1.15.1/plugins/com.st.stm32cube.ide.mcu.externaltools.gnu-tools-for-stm32.12.3.rel1.linux64_1.0.100.202403111256/tools/bin/../lib/gcc/arm-none-eabi/12.3.1/../../../../arm-none-eabi/lib/thumb/v7e-m+fp/hard/libstdc++_nano.a(string-inst.o)
                0x0800a6f0                std::__cxx11::basic_string<char, std::char_traits<char>, std::allocator<char> >::~basic_string()
                0x0800a6f0                std::__cxx11::basic_string<char, std::char_traits<char>, std::allocator<char> >::~basic_string()
 .text._ZNSt7__cxx1112basic_stringIcSt11char_traitsIcESaIcEEaSEOS4_
                0x0800a6fc       0x5c /home/andre/st/stm32cubeide_1.15.1/plugins/com.st.stm32cube.ide.mcu.externaltools.gnu-tools-for-stm32.12.3.rel1.linux64_1.0.100.202403111256/tools/bin/../lib/gcc/arm-none-eabi/12.3.1/../../../../arm-none-eabi/lib/thumb/v7e-m+fp/hard/libstdc++_nano.a(string-inst.o)
                0x0800a6fc                std::__cxx11::basic_string<char, std::char_traits<char>, std::allocator<char> >::operator=(std::__cxx11::basic_string<char, std::char_traits<char>, std::allocator<char> >&&)
 .text._ZNKSt7__cxx1112basic_stringIcSt11char_traitsIcESaIcEE4sizeEv
                0x0800a758        0x4 /home/andre/st/stm32cubeide_1.15.1/plugins/com.st.stm32cube.ide.mcu.externaltools.gnu-tools-for-stm32.12.3.rel1.linux64_1.0.100.202403111256/tools/bin/../lib/gcc/arm-none-eabi/12.3.1/../../../../arm-none-eabi/lib/thumb/v7e-m+fp/hard/libstdc++_nano.a(string-inst.o)
                0x0800a758                std::__cxx11::basic_string<char, std::char_traits<char>, std::allocator<char> >::size() const
 .text._ZNKSt7__cxx1112basic_stringIcSt11char_traitsIcESaIcEE8capacityEv
                0x0800a75c       0x12 /home/andre/st/stm32cubeide_1.15.1/plugins/com.st.stm32cube.ide.mcu.externaltools.gnu-tools-for-stm32.12.3.rel1.linux64_1.0.100.202403111256/tools/bin/../lib/gcc/arm-none-eabi/12.3.1/../../../../arm-none-eabi/lib/thumb/v7e-m+fp/hard/libstdc++_nano.a(string-inst.o)
                0x0800a75c                std::__cxx11::basic_string<char, std::char_traits<char>, std::allocator<char> >::capacity() const
 .text._ZNSt7__cxx1112basic_stringIcSt11char_traitsIcESaIcEE9_M_assignERKS4_
                0x0800a76e       0x4a /home/andre/st/stm32cubeide_1.15.1/plugins/com.st.stm32cube.ide.mcu.externaltools.gnu-tools-for-stm32.12.3.rel1.linux64_1.0.100.202403111256/tools/bin/../lib/gcc/arm-none-eabi/12.3.1/../../../../arm-none-eabi/lib/thumb/v7e-m+fp/hard/libstdc++_nano.a(string-inst.o)
                0x0800a76e                std::__cxx11::basic_string<char, std::char_traits<char>, std::allocator<char> >::_M_assign(std::__cxx11::basic_string<char, std::char_traits<char>, std::allocator<char> > const&)
 .text._ZNSt7__cxx1112basic_stringIcSt11char_traitsIcESaIcEEaSERKS4_
                0x0800a7b8        0xc /home/andre/st/stm32cubeide_1.15.1/plugins/com.st.stm32cube.ide.mcu.externaltools.gnu-tools-for-stm32.12.3.rel1.linux64_1.0.100.202403111256/tools/bin/../lib/gcc/arm-none-eabi/12.3.1/../../../../arm-none-eabi/lib/thumb/v7e-m+fp/hard/libstdc++_nano.a(string-inst.o)
                0x0800a7b8                std::__cxx11::basic_string<char, std::char_traits<char>, std::allocator<char> >::operator=(std::__cxx11::basic_string<char, std::char_traits<char>, std::allocator<char> > const&)
 .text._ZNSt7__cxx1112basic_stringIcSt11char_traitsIcESaIcEE9_M_mutateEjjPKcj
                0x0800a7c4       0x70 /home/andre/st/stm32cubeide_1.15.1/plugins/com.st.stm32cube.ide.mcu.externaltools.gnu-tools-for-stm32.12.3.rel1.linux64_1.0.100.202403111256/tools/bin/../lib/gcc/arm-none-eabi/12.3.1/../../../../arm-none-eabi/lib/thumb/v7e-m+fp/hard/libstdc++_nano.a(string-inst.o)
                0x0800a7c4                std::__cxx11::basic_string<char, std::char_traits<char>, std::allocator<char> >::_M_mutate(unsigned int, unsigned int, char const*, unsigned int)
 .text._ZNSt7__cxx1112basic_stringIcSt11char_traitsIcESaIcEE9_M_appendEPKcj
                0x0800a834       0x48 /home/andre/st/stm32cubeide_1.15.1/plugins/com.st.stm32cube.ide.mcu.externaltools.gnu-tools-for-stm32.12.3.rel1.linux64_1.0.100.202403111256/tools/bin/../lib/gcc/arm-none-eabi/12.3.1/../../../../arm-none-eabi/lib/thumb/v7e-m+fp/hard/libstdc++_nano.a(string-inst.o)
                0x0800a834                std::__cxx11::basic_string<char, std::char_traits<char>, std::allocator<char> >::_M_append(char const*, unsigned int)
 .text._ZNSt7__cxx1112basic_stringIcSt11char_traitsIcESaIcEE6appendEPKcj
                0x0800a87c       0x20 /home/andre/st/stm32cubeide_1.15.1/plugins/com.st.stm32cube.ide.mcu.externaltools.gnu-tools-for-stm32.12.3.rel1.linux64_1.0.100.202403111256/tools/bin/../lib/gcc/arm-none-eabi/12.3.1/../../../../arm-none-eabi/lib/thumb/v7e-m+fp/hard/libstdc++_nano.a(string-inst.o)
                0x0800a87c                std::__cxx11::basic_string<char, std::char_traits<char>, std::allocator<char> >::append(char const*, unsigned int)
 .text._ZNSt7__cxx1112basic_stringIcSt11char_traitsIcESaIcEE6appendERKS4_
                0x0800a89c        0xc /home/andre/st/stm32cubeide_1.15.1/plugins/com.st.stm32cube.ide.mcu.externaltools.gnu-tools-for-stm32.12.3.rel1.linux64_1.0.100.202403111256/tools/bin/../lib/gcc/arm-none-eabi/12.3.1/../../../../arm-none-eabi/lib/thumb/v7e-m+fp/hard/libstdc++_nano.a(string-inst.o)
                0x0800a89c                std::__cxx11::basic_string<char, std::char_traits<char>, std::allocator<char> >::append(std::__cxx11::basic_string<char, std::char_traits<char>, std::allocator<char> > const&)
 .text._ZNSt7__cxx1112basic_stringIcSt11char_traitsIcESaIcEEpLERKS4_
                0x0800a8a8        0x8 /home/andre/st/stm32cubeide_1.15.1/plugins/com.st.stm32cube.ide.mcu.externaltools.gnu-tools-for-stm32.12.3.rel1.linux64_1.0.100.202403111256/tools/bin/../lib/gcc/arm-none-eabi/12.3.1/../../../../arm-none-eabi/lib/thumb/v7e-m+fp/hard/libstdc++_nano.a(string-inst.o)
                0x0800a8a8                std::__cxx11::basic_string<char, std::char_traits<char>, std::allocator<char> >::operator+=(std::__cxx11::basic_string<char, std::char_traits<char>, std::allocator<char> > const&)
 .text._ZNKSt7__cxx1112basic_stringIcSt11char_traitsIcESaIcEE5c_strEv
                0x0800a8b0        0x4 /home/andre/st/stm32cubeide_1.15.1/plugins/com.st.stm32cube.ide.mcu.externaltools.gnu-tools-for-stm32.12.3.rel1.linux64_1.0.100.202403111256/tools/bin/../lib/gcc/arm-none-eabi/12.3.1/../../../../arm-none-eabi/lib/thumb/v7e-m+fp/hard/libstdc++_nano.a(string-inst.o)
                0x0800a8b0                std::__cxx11::basic_string<char, std::char_traits<char>, std::allocator<char> >::c_str() const
 .text._ZNSt7__cxx1112basic_stringIcSt11char_traitsIcESaIcEE12_M_constructIPcEEvT_S7_St20forward_iterator_tag
                0x0800a8b4       0x36 /home/andre/st/stm32cubeide_1.15.1/plugins/com.st.stm32cube.ide.mcu.externaltools.gnu-tools-for-stm32.12.3.rel1.linux64_1.0.100.202403111256/tools/bin/../lib/gcc/arm-none-eabi/12.3.1/../../../../arm-none-eabi/lib/thumb/v7e-m+fp/hard/libstdc++_nano.a(string-inst.o)
                0x0800a8b4                void std::__cxx11::basic_string<char, std::char_traits<char>, std::allocator<char> >::_M_construct<char*>(char*, char*, std::forward_iterator_tag)
 .text._ZNSt7__cxx1112basic_stringIcSt11char_traitsIcESaIcEEC2ERKS4_
                0x0800a8ea       0x1c /home/andre/st/stm32cubeide_1.15.1/plugins/com.st.stm32cube.ide.mcu.externaltools.gnu-tools-for-stm32.12.3.rel1.linux64_1.0.100.202403111256/tools/bin/../lib/gcc/arm-none-eabi/12.3.1/../../../../arm-none-eabi/lib/thumb/v7e-m+fp/hard/libstdc++_nano.a(string-inst.o)
                0x0800a8ea                std::__cxx11::basic_string<char, std::char_traits<char>, std::allocator<char> >::basic_string(std::__cxx11::basic_string<char, std::char_traits<char>, std::allocator<char> > const&)
                0x0800a8ea                std::__cxx11::basic_string<char, std::char_traits<char>, std::allocator<char> >::basic_string(std::__cxx11::basic_string<char, std::char_traits<char>, std::allocator<char> > const&)
 .text._ZNSt7__cxx1112basic_stringIcSt11char_traitsIcESaIcEE12_M_constructIPKcEEvT_S8_St20forward_iterator_tag
                0x0800a906       0x36 /home/andre/st/stm32cubeide_1.15.1/plugins/com.st.stm32cube.ide.mcu.externaltools.gnu-tools-for-stm32.12.3.rel1.linux64_1.0.100.202403111256/tools/bin/../lib/gcc/arm-none-eabi/12.3.1/../../../../arm-none-eabi/lib/thumb/v7e-m+fp/hard/libstdc++_nano.a(string-inst.o)
                0x0800a906                void std::__cxx11::basic_string<char, std::char_traits<char>, std::allocator<char> >::_M_construct<char const*>(char const*, char const*, std::forward_iterator_tag)
 .text._ZNSt7__cxx1112basic_stringIcSt11char_traitsIcESaIcEEC2EPKcjRKS3_
                0x0800a93c       0x28 /home/andre/st/stm32cubeide_1.15.1/plugins/com.st.stm32cube.ide.mcu.externaltools.gnu-tools-for-stm32.12.3.rel1.linux64_1.0.100.202403111256/tools/bin/../lib/gcc/arm-none-eabi/12.3.1/../../../../arm-none-eabi/lib/thumb/v7e-m+fp/hard/libstdc++_nano.a(string-inst.o)
                0x0800a93c                std::__cxx11::basic_string<char, std::char_traits<char>, std::allocator<char> >::basic_string(char const*, unsigned int, std::allocator<char> const&)
                0x0800a93c                std::__cxx11::basic_string<char, std::char_traits<char>, std::allocator<char> >::basic_string(char const*, unsigned int, std::allocator<char> const&)
 .text._ZdlPv   0x0800a964        0x4 /home/andre/st/stm32cubeide_1.15.1/plugins/com.st.stm32cube.ide.mcu.externaltools.gnu-tools-for-stm32.12.3.rel1.linux64_1.0.100.202403111256/tools/bin/../lib/gcc/arm-none-eabi/12.3.1/../../../../arm-none-eabi/lib/thumb/v7e-m+fp/hard/libstdc++_nano.a(del_op.o)
                0x0800a964                operator delete(void*)
 .text._Znwj    0x0800a968       0x22 /home/andre/st/stm32cubeide_1.15.1/plugins/com.st.stm32cube.ide.mcu.externaltools.gnu-tools-for-stm32.12.3.rel1.linux64_1.0.100.202403111256/tools/bin/../lib/gcc/arm-none-eabi/12.3.1/../../../../arm-none-eabi/lib/thumb/v7e-m+fp/hard/libstdc++_nano.a(new_op.o)
                0x0800a968                operator new(unsigned int)
 .text.unlikely._ZSt17__throw_bad_allocv
                0x0800a98a        0x6 /home/andre/st/stm32cubeide_1.15.1/plugins/com.st.stm32cube.ide.mcu.externaltools.gnu-tools-for-stm32.12.3.rel1.linux64_1.0.100.202403111256/tools/bin/../lib/gcc/arm-none-eabi/12.3.1/../../../../arm-none-eabi/lib/thumb/v7e-m+fp/hard/libstdc++_nano.a(functexcept.o)
                0x0800a98a                std::__throw_bad_alloc()
 .text.unlikely._ZSt19__throw_logic_errorPKc
                0x0800a990        0x6 /home/andre/st/stm32cubeide_1.15.1/plugins/com.st.stm32cube.ide.mcu.externaltools.gnu-tools-for-stm32.12.3.rel1.linux64_1.0.100.202403111256/tools/bin/../lib/gcc/arm-none-eabi/12.3.1/../../../../arm-none-eabi/lib/thumb/v7e-m+fp/hard/libstdc++_nano.a(functexcept.o)
                0x0800a990                std::__throw_logic_error(char const*)
 .text.unlikely._ZSt20__throw_length_errorPKc
                0x0800a996        0x6 /home/andre/st/stm32cubeide_1.15.1/plugins/com.st.stm32cube.ide.mcu.externaltools.gnu-tools-for-stm32.12.3.rel1.linux64_1.0.100.202403111256/tools/bin/../lib/gcc/arm-none-eabi/12.3.1/../../../../arm-none-eabi/lib/thumb/v7e-m+fp/hard/libstdc++_nano.a(functexcept.o)
                0x0800a996                std::__throw_length_error(char const*)
 .text._ZSt15get_new_handlerv
                0x0800a99c       0x10 /home/andre/st/stm32cubeide_1.15.1/plugins/com.st.stm32cube.ide.mcu.externaltools.gnu-tools-for-stm32.12.3.rel1.linux64_1.0.100.202403111256/tools/bin/../lib/gcc/arm-none-eabi/12.3.1/../../../../arm-none-eabi/lib/thumb/v7e-m+fp/hard/libstdc++_nano.a(new_handler.o)
                0x0800a99c                std::get_new_handler()
 .text.abort    0x0800a9ac        0xe /home/andre/st/stm32cubeide_1.15.1/plugins/com.st.stm32cube.ide.mcu.externaltools.gnu-tools-for-stm32.12.3.rel1.linux64_1.0.100.202403111256/tools/bin/../lib/gcc/arm-none-eabi/12.3.1/../../../../arm-none-eabi/lib/thumb/v7e-m+fp/hard/libc_nano.a(libc_a-abort.o)
                0x0800a9ac                abort
 *fill*         0x0800a9ba        0x2 
 .text.malloc   0x0800a9bc       0x10 /home/andre/st/stm32cubeide_1.15.1/plugins/com.st.stm32cube.ide.mcu.externaltools.gnu-tools-for-stm32.12.3.rel1.linux64_1.0.100.202403111256/tools/bin/../lib/gcc/arm-none-eabi/12.3.1/../../../../arm-none-eabi/lib/thumb/v7e-m+fp/hard/libc_nano.a(libc_a-malloc.o)
                0x0800a9bc                malloc
 .text.free     0x0800a9cc       0x10 /home/andre/st/stm32cubeide_1.15.1/plugins/com.st.stm32cube.ide.mcu.externaltools.gnu-tools-for-stm32.12.3.rel1.linux64_1.0.100.202403111256/tools/bin/../lib/gcc/arm-none-eabi/12.3.1/../../../../arm-none-eabi/lib/thumb/v7e-m+fp/hard/libc_nano.a(libc_a-malloc.o)
                0x0800a9cc                free
 .text.sbrk_aligned
                0x0800a9dc       0x44 /home/andre/st/stm32cubeide_1.15.1/plugins/com.st.stm32cube.ide.mcu.externaltools.gnu-tools-for-stm32.12.3.rel1.linux64_1.0.100.202403111256/tools/bin/../lib/gcc/arm-none-eabi/12.3.1/../../../../arm-none-eabi/lib/thumb/v7e-m+fp/hard/libc_nano.a(libc_a-mallocr.o)
 .text._malloc_r
                0x0800aa20      0x100 /home/andre/st/stm32cubeide_1.15.1/plugins/com.st.stm32cube.ide.mcu.externaltools.gnu-tools-for-stm32.12.3.rel1.linux64_1.0.100.202403111256/tools/bin/../lib/gcc/arm-none-eabi/12.3.1/../../../../arm-none-eabi/lib/thumb/v7e-m+fp/hard/libc_nano.a(libc_a-mallocr.o)
                0x0800aa20                _malloc_r
 .text.__malloc_lock
                0x0800ab20        0xc /home/andre/st/stm32cubeide_1.15.1/plugins/com.st.stm32cube.ide.mcu.externaltools.gnu-tools-for-stm32.12.3.rel1.linux64_1.0.100.202403111256/tools/bin/../lib/gcc/arm-none-eabi/12.3.1/../../../../arm-none-eabi/lib/thumb/v7e-m+fp/hard/libc_nano.a(libc_a-mlock.o)
                0x0800ab20                __malloc_lock
 .text.__malloc_unlock
                0x0800ab2c        0xc /home/andre/st/stm32cubeide_1.15.1/plugins/com.st.stm32cube.ide.mcu.externaltools.gnu-tools-for-stm32.12.3.rel1.linux64_1.0.100.202403111256/tools/bin/../lib/gcc/arm-none-eabi/12.3.1/../../../../arm-none-eabi/lib/thumb/v7e-m+fp/hard/libc_nano.a(libc_a-mlock.o)
                0x0800ab2c                __malloc_unlock
 .text.std      0x0800ab38       0x6c /home/andre/st/stm32cubeide_1.15.1/plugins/com.st.stm32cube.ide.mcu.externaltools.gnu-tools-for-stm32.12.3.rel1.linux64_1.0.100.202403111256/tools/bin/../lib/gcc/arm-none-eabi/12.3.1/../../../../arm-none-eabi/lib/thumb/v7e-m+fp/hard/libc_nano.a(libc_a-findfp.o)
 .text.stdio_exit_handler
                0x0800aba4       0x18 /home/andre/st/stm32cubeide_1.15.1/plugins/com.st.stm32cube.ide.mcu.externaltools.gnu-tools-for-stm32.12.3.rel1.linux64_1.0.100.202403111256/tools/bin/../lib/gcc/arm-none-eabi/12.3.1/../../../../arm-none-eabi/lib/thumb/v7e-m+fp/hard/libc_nano.a(libc_a-findfp.o)
 .text.cleanup_stdio
                0x0800abbc       0x40 /home/andre/st/stm32cubeide_1.15.1/plugins/com.st.stm32cube.ide.mcu.externaltools.gnu-tools-for-stm32.12.3.rel1.linux64_1.0.100.202403111256/tools/bin/../lib/gcc/arm-none-eabi/12.3.1/../../../../arm-none-eabi/lib/thumb/v7e-m+fp/hard/libc_nano.a(libc_a-findfp.o)
 .text.global_stdio_init.part.0
                0x0800abfc       0x3c /home/andre/st/stm32cubeide_1.15.1/plugins/com.st.stm32cube.ide.mcu.externaltools.gnu-tools-for-stm32.12.3.rel1.linux64_1.0.100.202403111256/tools/bin/../lib/gcc/arm-none-eabi/12.3.1/../../../../arm-none-eabi/lib/thumb/v7e-m+fp/hard/libc_nano.a(libc_a-findfp.o)
 .text.__sfp_lock_acquire
                0x0800ac38        0xc /home/andre/st/stm32cubeide_1.15.1/plugins/com.st.stm32cube.ide.mcu.externaltools.gnu-tools-for-stm32.12.3.rel1.linux64_1.0.100.202403111256/tools/bin/../lib/gcc/arm-none-eabi/12.3.1/../../../../arm-none-eabi/lib/thumb/v7e-m+fp/hard/libc_nano.a(libc_a-findfp.o)
                0x0800ac38                __sfp_lock_acquire
 .text.__sfp_lock_release
                0x0800ac44        0xc /home/andre/st/stm32cubeide_1.15.1/plugins/com.st.stm32cube.ide.mcu.externaltools.gnu-tools-for-stm32.12.3.rel1.linux64_1.0.100.202403111256/tools/bin/../lib/gcc/arm-none-eabi/12.3.1/../../../../arm-none-eabi/lib/thumb/v7e-m+fp/hard/libc_nano.a(libc_a-findfp.o)
                0x0800ac44                __sfp_lock_release
 .text.__sinit  0x0800ac50       0x30 /home/andre/st/stm32cubeide_1.15.1/plugins/com.st.stm32cube.ide.mcu.externaltools.gnu-tools-for-stm32.12.3.rel1.linux64_1.0.100.202403111256/tools/bin/../lib/gcc/arm-none-eabi/12.3.1/../../../../arm-none-eabi/lib/thumb/v7e-m+fp/hard/libc_nano.a(libc_a-findfp.o)
                0x0800ac50                __sinit
 .text._fwalk_sglue
                0x0800ac80       0x3c /home/andre/st/stm32cubeide_1.15.1/plugins/com.st.stm32cube.ide.mcu.externaltools.gnu-tools-for-stm32.12.3.rel1.linux64_1.0.100.202403111256/tools/bin/../lib/gcc/arm-none-eabi/12.3.1/../../../../arm-none-eabi/lib/thumb/v7e-m+fp/hard/libc_nano.a(libc_a-fwalk.o)
                0x0800ac80                _fwalk_sglue
 .text._puts_r  0x0800acbc       0xaa /home/andre/st/stm32cubeide_1.15.1/plugins/com.st.stm32cube.ide.mcu.externaltools.gnu-tools-for-stm32.12.3.rel1.linux64_1.0.100.202403111256/tools/bin/../lib/gcc/arm-none-eabi/12.3.1/../../../../arm-none-eabi/lib/thumb/v7e-m+fp/hard/libc_nano.a(libc_a-puts.o)
                0x0800acbc                _puts_r
 *fill*         0x0800ad66        0x2 
 .text.puts     0x0800ad68       0x10 /home/andre/st/stm32cubeide_1.15.1/plugins/com.st.stm32cube.ide.mcu.externaltools.gnu-tools-for-stm32.12.3.rel1.linux64_1.0.100.202403111256/tools/bin/../lib/gcc/arm-none-eabi/12.3.1/../../../../arm-none-eabi/lib/thumb/v7e-m+fp/hard/libc_nano.a(libc_a-puts.o)
                0x0800ad68                puts
 .text.__sread  0x0800ad78       0x22 /home/andre/st/stm32cubeide_1.15.1/plugins/com.st.stm32cube.ide.mcu.externaltools.gnu-tools-for-stm32.12.3.rel1.linux64_1.0.100.202403111256/tools/bin/../lib/gcc/arm-none-eabi/12.3.1/../../../../arm-none-eabi/lib/thumb/v7e-m+fp/hard/libc_nano.a(libc_a-stdio.o)
                0x0800ad78                __sread
 .text.__swrite
                0x0800ad9a       0x38 /home/andre/st/stm32cubeide_1.15.1/plugins/com.st.stm32cube.ide.mcu.externaltools.gnu-tools-for-stm32.12.3.rel1.linux64_1.0.100.202403111256/tools/bin/../lib/gcc/arm-none-eabi/12.3.1/../../../../arm-none-eabi/lib/thumb/v7e-m+fp/hard/libc_nano.a(libc_a-stdio.o)
                0x0800ad9a                __swrite
 .text.__sseek  0x0800add2       0x24 /home/andre/st/stm32cubeide_1.15.1/plugins/com.st.stm32cube.ide.mcu.externaltools.gnu-tools-for-stm32.12.3.rel1.linux64_1.0.100.202403111256/tools/bin/../lib/gcc/arm-none-eabi/12.3.1/../../../../arm-none-eabi/lib/thumb/v7e-m+fp/hard/libc_nano.a(libc_a-stdio.o)
                0x0800add2                __sseek
 .text.__sclose
                0x0800adf6        0x8 /home/andre/st/stm32cubeide_1.15.1/plugins/com.st.stm32cube.ide.mcu.externaltools.gnu-tools-for-stm32.12.3.rel1.linux64_1.0.100.202403111256/tools/bin/../lib/gcc/arm-none-eabi/12.3.1/../../../../arm-none-eabi/lib/thumb/v7e-m+fp/hard/libc_nano.a(libc_a-stdio.o)
                0x0800adf6                __sclose
 .text.__swbuf_r
                0x0800adfe       0x7c /home/andre/st/stm32cubeide_1.15.1/plugins/com.st.stm32cube.ide.mcu.externaltools.gnu-tools-for-stm32.12.3.rel1.linux64_1.0.100.202403111256/tools/bin/../lib/gcc/arm-none-eabi/12.3.1/../../../../arm-none-eabi/lib/thumb/v7e-m+fp/hard/libc_nano.a(libc_a-wbuf.o)
                0x0800adfe                __swbuf_r
 *fill*         0x0800ae7a        0x2 
 .text.__swsetup_r
                0x0800ae7c       0xac /home/andre/st/stm32cubeide_1.15.1/plugins/com.st.stm32cube.ide.mcu.externaltools.gnu-tools-for-stm32.12.3.rel1.linux64_1.0.100.202403111256/tools/bin/../lib/gcc/arm-none-eabi/12.3.1/../../../../arm-none-eabi/lib/thumb/v7e-m+fp/hard/libc_nano.a(libc_a-wsetup.o)
                0x0800ae7c                __swsetup_r
 .text.memset   0x0800af28       0x10 /home/andre/st/stm32cubeide_1.15.1/plugins/com.st.stm32cube.ide.mcu.externaltools.gnu-tools-for-stm32.12.3.rel1.linux64_1.0.100.202403111256/tools/bin/../lib/gcc/arm-none-eabi/12.3.1/../../../../arm-none-eabi/lib/thumb/v7e-m+fp/hard/libc_nano.a(libc_a-memset.o)
                0x0800af28                memset
 .text._raise_r
                0x0800af38       0x50 /home/andre/st/stm32cubeide_1.15.1/plugins/com.st.stm32cube.ide.mcu.externaltools.gnu-tools-for-stm32.12.3.rel1.linux64_1.0.100.202403111256/tools/bin/../lib/gcc/arm-none-eabi/12.3.1/../../../../arm-none-eabi/lib/thumb/v7e-m+fp/hard/libc_nano.a(libc_a-signal.o)
                0x0800af38                _raise_r
 .text.raise    0x0800af88       0x10 /home/andre/st/stm32cubeide_1.15.1/plugins/com.st.stm32cube.ide.mcu.externaltools.gnu-tools-for-stm32.12.3.rel1.linux64_1.0.100.202403111256/tools/bin/../lib/gcc/arm-none-eabi/12.3.1/../../../../arm-none-eabi/lib/thumb/v7e-m+fp/hard/libc_nano.a(libc_a-signal.o)
                0x0800af88                raise
 .text._close_r
                0x0800af98       0x20 /home/andre/st/stm32cubeide_1.15.1/plugins/com.st.stm32cube.ide.mcu.externaltools.gnu-tools-for-stm32.12.3.rel1.linux64_1.0.100.202403111256/tools/bin/../lib/gcc/arm-none-eabi/12.3.1/../../../../arm-none-eabi/lib/thumb/v7e-m+fp/hard/libc_nano.a(libc_a-closer.o)
                0x0800af98                _close_r
 .text._lseek_r
                0x0800afb8       0x24 /home/andre/st/stm32cubeide_1.15.1/plugins/com.st.stm32cube.ide.mcu.externaltools.gnu-tools-for-stm32.12.3.rel1.linux64_1.0.100.202403111256/tools/bin/../lib/gcc/arm-none-eabi/12.3.1/../../../../arm-none-eabi/lib/thumb/v7e-m+fp/hard/libc_nano.a(libc_a-lseekr.o)
                0x0800afb8                _lseek_r
 .text._read_r  0x0800afdc       0x24 /home/andre/st/stm32cubeide_1.15.1/plugins/com.st.stm32cube.ide.mcu.externaltools.gnu-tools-for-stm32.12.3.rel1.linux64_1.0.100.202403111256/tools/bin/../lib/gcc/arm-none-eabi/12.3.1/../../../../arm-none-eabi/lib/thumb/v7e-m+fp/hard/libc_nano.a(libc_a-readr.o)
                0x0800afdc                _read_r
 .text._kill_r  0x0800b000       0x24 /home/andre/st/stm32cubeide_1.15.1/plugins/com.st.stm32cube.ide.mcu.externaltools.gnu-tools-for-stm32.12.3.rel1.linux64_1.0.100.202403111256/tools/bin/../lib/gcc/arm-none-eabi/12.3.1/../../../../arm-none-eabi/lib/thumb/v7e-m+fp/hard/libc_nano.a(libc_a-signalr.o)
                0x0800b000                _kill_r
 .text._getpid_r
                0x0800b024        0x4 /home/andre/st/stm32cubeide_1.15.1/plugins/com.st.stm32cube.ide.mcu.externaltools.gnu-tools-for-stm32.12.3.rel1.linux64_1.0.100.202403111256/tools/bin/../lib/gcc/arm-none-eabi/12.3.1/../../../../arm-none-eabi/lib/thumb/v7e-m+fp/hard/libc_nano.a(libc_a-signalr.o)
                0x0800b024                _getpid_r
 .text._sbrk_r  0x0800b028       0x20 /home/andre/st/stm32cubeide_1.15.1/plugins/com.st.stm32cube.ide.mcu.externaltools.gnu-tools-for-stm32.12.3.rel1.linux64_1.0.100.202403111256/tools/bin/../lib/gcc/arm-none-eabi/12.3.1/../../../../arm-none-eabi/lib/thumb/v7e-m+fp/hard/libc_nano.a(libc_a-sbrkr.o)
                0x0800b028                _sbrk_r
 .text._write_r
                0x0800b048       0x24 /home/andre/st/stm32cubeide_1.15.1/plugins/com.st.stm32cube.ide.mcu.externaltools.gnu-tools-for-stm32.12.3.rel1.linux64_1.0.100.202403111256/tools/bin/../lib/gcc/arm-none-eabi/12.3.1/../../../../arm-none-eabi/lib/thumb/v7e-m+fp/hard/libc_nano.a(libc_a-writer.o)
                0x0800b048                _write_r
 .text.__errno  0x0800b06c        0xc /home/andre/st/stm32cubeide_1.15.1/plugins/com.st.stm32cube.ide.mcu.externaltools.gnu-tools-for-stm32.12.3.rel1.linux64_1.0.100.202403111256/tools/bin/../lib/gcc/arm-none-eabi/12.3.1/../../../../arm-none-eabi/lib/thumb/v7e-m+fp/hard/libc_nano.a(libc_a-errno.o)
                0x0800b06c                __errno
 .text.__libc_init_array
                0x0800b078       0x48 /home/andre/st/stm32cubeide_1.15.1/plugins/com.st.stm32cube.ide.mcu.externaltools.gnu-tools-for-stm32.12.3.rel1.linux64_1.0.100.202403111256/tools/bin/../lib/gcc/arm-none-eabi/12.3.1/../../../../arm-none-eabi/lib/thumb/v7e-m+fp/hard/libc_nano.a(libc_a-init.o)
                0x0800b078                __libc_init_array
 .text.__retarget_lock_init_recursive
                0x0800b0c0        0x2 /home/andre/st/stm32cubeide_1.15.1/plugins/com.st.stm32cube.ide.mcu.externaltools.gnu-tools-for-stm32.12.3.rel1.linux64_1.0.100.202403111256/tools/bin/../lib/gcc/arm-none-eabi/12.3.1/../../../../arm-none-eabi/lib/thumb/v7e-m+fp/hard/libc_nano.a(libc_a-lock.o)
                0x0800b0c0                __retarget_lock_init_recursive
 .text.__retarget_lock_acquire_recursive
                0x0800b0c2        0x2 /home/andre/st/stm32cubeide_1.15.1/plugins/com.st.stm32cube.ide.mcu.externaltools.gnu-tools-for-stm32.12.3.rel1.linux64_1.0.100.202403111256/tools/bin/../lib/gcc/arm-none-eabi/12.3.1/../../../../arm-none-eabi/lib/thumb/v7e-m+fp/hard/libc_nano.a(libc_a-lock.o)
                0x0800b0c2                __retarget_lock_acquire_recursive
 .text.__retarget_lock_release_recursive
                0x0800b0c4        0x2 /home/andre/st/stm32cubeide_1.15.1/plugins/com.st.stm32cube.ide.mcu.externaltools.gnu-tools-for-stm32.12.3.rel1.linux64_1.0.100.202403111256/tools/bin/../lib/gcc/arm-none-eabi/12.3.1/../../../../arm-none-eabi/lib/thumb/v7e-m+fp/hard/libc_nano.a(libc_a-lock.o)
                0x0800b0c4                __retarget_lock_release_recursive
 .text.memcpy   0x0800b0c6       0x1c /home/andre/st/stm32cubeide_1.15.1/plugins/com.st.stm32cube.ide.mcu.externaltools.gnu-tools-for-stm32.12.3.rel1.linux64_1.0.100.202403111256/tools/bin/../lib/gcc/arm-none-eabi/12.3.1/../../../../arm-none-eabi/lib/thumb/v7e-m+fp/hard/libc_nano.a(libc_a-memcpy-stub.o)
                0x0800b0c6                memcpy
 *fill*         0x0800b0e2        0x2 
 .text._free_r  0x0800b0e4       0x94 /home/andre/st/stm32cubeide_1.15.1/plugins/com.st.stm32cube.ide.mcu.externaltools.gnu-tools-for-stm32.12.3.rel1.linux64_1.0.100.202403111256/tools/bin/../lib/gcc/arm-none-eabi/12.3.1/../../../../arm-none-eabi/lib/thumb/v7e-m+fp/hard/libc_nano.a(libc_a-freer.o)
                0x0800b0e4                _free_r
 .text.__sflush_r
                0x0800b178      0x108 /home/andre/st/stm32cubeide_1.15.1/plugins/com.st.stm32cube.ide.mcu.externaltools.gnu-tools-for-stm32.12.3.rel1.linux64_1.0.100.202403111256/tools/bin/../lib/gcc/arm-none-eabi/12.3.1/../../../../arm-none-eabi/lib/thumb/v7e-m+fp/hard/libc_nano.a(libc_a-fflush.o)
                0x0800b178                __sflush_r
 .text._fflush_r
                0x0800b280       0x50 /home/andre/st/stm32cubeide_1.15.1/plugins/com.st.stm32cube.ide.mcu.externaltools.gnu-tools-for-stm32.12.3.rel1.linux64_1.0.100.202403111256/tools/bin/../lib/gcc/arm-none-eabi/12.3.1/../../../../arm-none-eabi/lib/thumb/v7e-m+fp/hard/libc_nano.a(libc_a-fflush.o)
                0x0800b280                _fflush_r
 .text.__swhatbuf_r
                0x0800b2d0       0x4c /home/andre/st/stm32cubeide_1.15.1/plugins/com.st.stm32cube.ide.mcu.externaltools.gnu-tools-for-stm32.12.3.rel1.linux64_1.0.100.202403111256/tools/bin/../lib/gcc/arm-none-eabi/12.3.1/../../../../arm-none-eabi/lib/thumb/v7e-m+fp/hard/libc_nano.a(libc_a-makebuf.o)
                0x0800b2d0                __swhatbuf_r
 .text.__smakebuf_r
                0x0800b31c       0x78 /home/andre/st/stm32cubeide_1.15.1/plugins/com.st.stm32cube.ide.mcu.externaltools.gnu-tools-for-stm32.12.3.rel1.linux64_1.0.100.202403111256/tools/bin/../lib/gcc/arm-none-eabi/12.3.1/../../../../arm-none-eabi/lib/thumb/v7e-m+fp/hard/libc_nano.a(libc_a-makebuf.o)
                0x0800b31c                __smakebuf_r
 .text._fstat_r
                0x0800b394       0x24 /home/andre/st/stm32cubeide_1.15.1/plugins/com.st.stm32cube.ide.mcu.externaltools.gnu-tools-for-stm32.12.3.rel1.linux64_1.0.100.202403111256/tools/bin/../lib/gcc/arm-none-eabi/12.3.1/../../../../arm-none-eabi/lib/thumb/v7e-m+fp/hard/libc_nano.a(libc_a-fstatr.o)
                0x0800b394                _fstat_r
 .text._isatty_r
                0x0800b3b8       0x20 /home/andre/st/stm32cubeide_1.15.1/plugins/com.st.stm32cube.ide.mcu.externaltools.gnu-tools-for-stm32.12.3.rel1.linux64_1.0.100.202403111256/tools/bin/../lib/gcc/arm-none-eabi/12.3.1/../../../../arm-none-eabi/lib/thumb/v7e-m+fp/hard/libc_nano.a(libc_a-isattyr.o)
                0x0800b3b8                _isatty_r
 *(.glue_7)
 .glue_7        0x0800b3d8        0x0 linker stubs
 *(.glue_7t)
 .glue_7t       0x0800b3d8        0x0 linker stubs
 *(.eh_frame)
 .eh_frame      0x0800b3d8        0x0 /home/andre/st/stm32cubeide_1.15.1/plugins/com.st.stm32cube.ide.mcu.externaltools.gnu-tools-for-stm32.12.3.rel1.linux64_1.0.100.202403111256/tools/bin/../lib/gcc/arm-none-eabi/12.3.1/thumb/v7e-m+fp/hard/crtbegin.o
 *(.init)
 .init          0x0800b3d8        0x4 /home/andre/st/stm32cubeide_1.15.1/plugins/com.st.stm32cube.ide.mcu.externaltools.gnu-tools-for-stm32.12.3.rel1.linux64_1.0.100.202403111256/tools/bin/../lib/gcc/arm-none-eabi/12.3.1/thumb/v7e-m+fp/hard/crti.o
                0x0800b3d8                _init
 .init          0x0800b3dc        0x8 /home/andre/st/stm32cubeide_1.15.1/plugins/com.st.stm32cube.ide.mcu.externaltools.gnu-tools-for-stm32.12.3.rel1.linux64_1.0.100.202403111256/tools/bin/../lib/gcc/arm-none-eabi/12.3.1/thumb/v7e-m+fp/hard/crtn.o
 *(.fini)
 .fini          0x0800b3e4        0x4 /home/andre/st/stm32cubeide_1.15.1/plugins/com.st.stm32cube.ide.mcu.externaltools.gnu-tools-for-stm32.12.3.rel1.linux64_1.0.100.202403111256/tools/bin/../lib/gcc/arm-none-eabi/12.3.1/thumb/v7e-m+fp/hard/crti.o
                0x0800b3e4                _fini
 .fini          0x0800b3e8        0x8 /home/andre/st/stm32cubeide_1.15.1/plugins/com.st.stm32cube.ide.mcu.externaltools.gnu-tools-for-stm32.12.3.rel1.linux64_1.0.100.202403111256/tools/bin/../lib/gcc/arm-none-eabi/12.3.1/thumb/v7e-m+fp/hard/crtn.o
                0x0800b3f0                        . = ALIGN (0x4)
                0x0800b3f0                        _etext = .

.vfp11_veneer   0x0800b3f0        0x0
 .vfp11_veneer  0x0800b3f0        0x0 linker stubs

.v4_bx          0x0800b3f0        0x0
 .v4_bx         0x0800b3f0        0x0 linker stubs

.iplt           0x0800b3f0        0x0
 .iplt          0x0800b3f0        0x0 /home/andre/st/stm32cubeide_1.15.1/plugins/com.st.stm32cube.ide.mcu.externaltools.gnu-tools-for-stm32.12.3.rel1.linux64_1.0.100.202403111256/tools/bin/../lib/gcc/arm-none-eabi/12.3.1/thumb/v7e-m+fp/hard/crtbegin.o

.rodata         0x0800b3f0      0x444
                0x0800b3f0                        . = ALIGN (0x4)
 *(.rodata)
 .rodata        0x0800b3f0       0x20 ./Core/Src/MessageRecomposer.o
 .rodata        0x0800b410      0x1ba ./Core/Src/pb_decode.o
 *fill*         0x0800b5ca        0x2 
 .rodata        0x0800b5cc      0x105 ./Core/Src/pb_encode.o
 *(.rodata*)
 *fill*         0x0800b6d1        0x3 
 .rodata._ZTV9ChampiCan
                0x0800b6d4       0x10 ./Core/Src/ChampiCan.o
                0x0800b6d4                vtable for ChampiCan
 .rodata._ZTV11ChampiState
                0x0800b6e4       0x10 ./Core/Src/ChampiState.o
                0x0800b6e4                vtable for ChampiState
 .rodata._ZTV15HolonomicDrive3
                0x0800b6f4       0x10 ./Core/Src/HolonomicDrive3.o
                0x0800b6f4                vtable for HolonomicDrive3
 .rodata._ZTV17MessageRecomposer
                0x0800b704       0x10 ./Core/Src/MessageRecomposer.o
                0x0800b704                vtable for MessageRecomposer
 .rodata._ZTV7Stepper
                0x0800b714       0x10 ./Core/Src/Stepper.o
                0x0800b714                vtable for Stepper
 .rodata.msgs_can_BaseVel_field_info
                0x0800b724       0x10 ./Core/Src/msgs_can.pb.o