../Core/Inc/Stepper.h:13:7:constexpr Stepper& Stepper::operator=(const Stepper&)	16	static
../Core/Src/main.cpp:92:6:void set_loop_freq(int)	24	static
../Core/Src/main.cpp:96:6:void loop()	8	static
../Core/Src/main.cpp:84:6:void HAL_TIM_PeriodElapsedCallback(TIM_HandleTypeDef*)	0	static
../Core/Inc/Stepper.h:13:7:constexpr Stepper::Stepper(const Stepper&)	16	static
../Core/Src/main.cpp:211:6:void SystemClock_Config()	88	static,ignoring_inline_asm
../Core/Src/main.cpp:601:6:void Error_Handler()	0	static,ignoring_inline_asm
../Core/Src/main.cpp:610:1:cpp)	8	static
../Core/Src/main.cpp:116:5:int main()	720	static,ignoring_inline_asm
../Core/Src/main.cpp:610:1:cpp)	8	static
