../Core/Src/pb_encode.c:52:25:buf_write	8	static
../Core/Src/pb_encode.c:243:25:pb_check_proto3_default_value	48	static
../Core/Src/pb_encode.c:62:14:pb_ostream_from_buffer	8	static
../Core/Src/pb_encode.c:83:18:pb_write	24	static
../Core/Src/pb_encode.c:606:18:pb_encode_varint	40	static
../Core/Src/pb_encode.c:624:18:pb_encode_svarint	0	static
../Core/Src/pb_encode.c:782:25:pb_enc_varint	4	static
../Core/Src/pb_encode.c:636:18:pb_encode_fixed32	0	static
../Core/Src/pb_encode.c:653:18:pb_encode_fixed64	0	static
../Core/Src/pb_encode.c:830:25:pb_enc_fixed	0	static
../Core/Src/pb_encode.c:674:18:pb_encode_tag	0	static
../Core/Src/pb_encode.c:680:6:pb_encode_tag_for_field	0	static
../Core/Src/pb_encode.c:715:18:pb_encode_string	24	static
../Core/Src/pb_encode.c:723:18:pb_encode_submessage	48	static
../Core/Src/pb_encode.c:361:25:encode_basic_field	16	static
../Core/Src/pb_encode.c:417:25:encode_field	56	static
../Core/Src/pb_encode.c:511:18:pb_encode	96	static
../Core/Src/pb_encode.c:556:6:pb_get_encoded_size	40	static
../Core/Src/pb_encode.c:535:18:pb_encode_ex	24	static
