../Core/Src/Stepper.cpp:68:1:Stepper::~Stepper()	0	static
../Core/Src/Stepper.cpp:68:1:virtual Stepper::~Stepper()	8	static
../Core/Src/Stepper.cpp:14:6:void PWM_set_high_duration(TIM_TypeDef*, int)	24	static
../Core/Src/Stepper.cpp:18:6:void PWM_set_freq(TIM_TypeDef*, int)	8	static
../Core/Src/Stepper.cpp:24:1:Stepper::Stepper()	0	static
../Core/Src/Stepper.cpp:26:1:Stepper::Stepper(TIM_HandleTypeDef, uint32_t, GPIO_TypeDef*, uint16_t)	24	static
../Core/Src/Stepper.cpp:39:6:void Stepper::set_speed_step_freq(int, int)	16	static
../Core/Src/Stepper.cpp:57:6:void Stepper::set_speed_rps(float)	8	static
