../Core/Src/stm32g4xx_hal_msp.c:66:6:HAL_MspInit	8	static
../Core/Src/stm32g4xx_hal_msp.c:92:6:HAL_FDCAN_MspInit	104	static
../Core/Src/stm32g4xx_hal_msp.c:142:6:HAL_FDCAN_MspDeInit	8	static
../Core/Src/stm32g4xx_hal_msp.c:173:6:HAL_TIM_Base_MspInit	24	static
../Core/Src/stm32g4xx_hal_msp.c:220:6:HAL_TIM_PWM_MspInit	8	static
../Core/Src/stm32g4xx_hal_msp.c:236:6:HAL_TIM_MspPostInit	40	static
../Core/Src/stm32g4xx_hal_msp.c:309:6:HAL_TIM_Base_MspDeInit	0	static
../Core/Src/stm32g4xx_hal_msp.c:356:6:HAL_TIM_PWM_MspDeInit	0	static
