../Drivers/CMSIS/Include/core_cm4.h:1933:34:void __NVIC_SystemReset()	4	static,ignoring_inline_asm
../Core/Src/main.cpp:131:6:void set_loop_freq(int)	24	static
../Core/Src/main.cpp:146:6:void HAL_TIM_PeriodElapsedCallback(TIM_HandleTypeDef*)	16	static
../Core/Src/main.cpp:160:6:void HAL_FDCAN_RxFifo0Callback(FDCAN_HandleTypeDef*, uint32_t)	112	static
../Core/Src/main.cpp:218:6:void on_receive_cmd_vel(const std::string&)	88	static
../Core/Src/main.cpp:242:6:void transmit_vel(Vel)	88	static
../Core/Src/main.cpp:275:6:void on_receive_config(const std::string&)	96	static
../Core/Src/main.cpp:302:6:void transmit_ret_config(msgs_can_BaseConfig)	72	static
../Core/Src/main.cpp:331:6:void wait_tx_ok()	40	static
../Core/Src/main.cpp:363:6:void Error_Handler_CAN_ok()	40	static
../Core/Src/main.cpp:393:6:bool is_emergency_stop_pressed()	8	static
../Core/Src/main.cpp:407:6:bool is_tirette_pulled()	16	static
../Core/Src/main.cpp:427:6:void send_can_tirette_pulled()	16	static
../Core/Inc/Stepper.h:13:7:constexpr Stepper& Stepper::operator=(const Stepper&)	16	static
../Core/Inc/HolonomicDrive3.h:20:7:constexpr HolonomicDrive3& HolonomicDrive3::operator=(const HolonomicDrive3&)	32	static
../Core/Inc/ChampiCan.h:13:7:constexpr ChampiCan& ChampiCan::operator=(const ChampiCan&)	24	static
../Core/Inc/MessageRecomposer.h:19:7:MessageRecomposer& MessageRecomposer::operator=(const MessageRecomposer&)	32	static
../Core/Inc/ChampiState.h:19:7:constexpr ChampiState& ChampiState::operator=(const ChampiState&)	24	static
../Core/Src/main.cpp:446:6:void setup()	2096	static
../Core/Src/main.cpp:495:6:void loop()	32	static
../Core/Src/main.cpp:538:5:int main()	8	static
../Core/Src/main.cpp:590:6:void SystemClock_Config()	88	static
../Core/Src/main.cpp:637:13:void MX_FDCAN1_Init()	8	static
../Core/Src/main.cpp:680:13:void MX_TIM1_Init()	120	static
../Core/Src/main.cpp:762:13:void MX_TIM6_Init()	24	static
../Core/Src/main.cpp:800:13:void MX_TIM8_Init()	120	static
../Core/Src/main.cpp:882:13:void MX_TIM15_Init()	104	static
../Core/Src/main.cpp:948:13:void MX_TIM17_Init()	88	static
../Core/Src/main.cpp:1011:13:void MX_GPIO_Init()	40	static
../Core/Src/main.cpp:1066:6:void Error_Handler()	8	static,ignoring_inline_asm
../Core/Src/main.cpp:1083:1:void __static_initialization_and_destruction_0(int, int)	16	static
../Core/Src/main.cpp:1083:1:cpp)	8	static
../Core/Src/main.cpp:1083:1:cpp)	8	static
