../Drivers/CMSIS/Include/core_cm4.h:1933:34:void __NVIC_SystemReset()	4	static,ignoring_inline_asm
../Core/Src/main.cpp:129:6:void set_loop_freq(int)	24	static
../Core/Src/main.cpp:144:6:void HAL_TIM_PeriodElapsedCallback(TIM_HandleTypeDef*)	16	static
../Core/Src/main.cpp:158:6:void HAL_FDCAN_RxFifo0Callback(FDCAN_HandleTypeDef*, uint32_t)	112	static
../Core/Src/main.cpp:216:6:void on_receive_cmd_vel(const std::string&)	88	static
../Core/Src/main.cpp:240:6:void transmit_vel(Vel)	88	static
../Core/Src/main.cpp:273:6:void on_receive_config(const std::string&)	96	static
../Core/Src/main.cpp:300:6:void transmit_ret_config(msgs_can_BaseConfig)	72	static
../Core/Src/main.cpp:329:6:void wait_tx_ok()	40	static
../Core/Src/main.cpp:356:6:void Error_Handler_CAN_ok()	40	static
../Core/Src/main.cpp:385:6:bool is_emergency_stop_pressed()	8	static
../Core/Src/main.cpp:399:6:bool is_tirette_pulled()	16	static
../Core/Src/main.cpp:418:6:void send_can_tirette_pulled()	16	static
../Core/Inc/Stepper.h:13:7:constexpr Stepper& Stepper::operator=(const Stepper&)	16	static
../Core/Inc/HolonomicDrive3.h:20:7:constexpr HolonomicDrive3& HolonomicDrive3::operator=(const HolonomicDrive3&)	32	static
../Core/Inc/ChampiCan.h:13:7:constexpr ChampiCan& ChampiCan::operator=(const ChampiCan&)	24	static
../Core/Inc/MessageRecomposer.h:19:7:MessageRecomposer& MessageRecomposer::operator=(const MessageRecomposer&)	32	static
../Core/Inc/ChampiState.h:19:7:constexpr ChampiState& ChampiState::operator=(const ChampiState&)	24	static
../Core/Src/main.cpp:436:6:void setup()	2096	static
../Core/Src/main.cpp:481:6:void loop()	32	static
../Core/Src/main.cpp:524:5:int main()	8	static
../Core/Src/main.cpp:575:6:void SystemClock_Config()	88	static
../Core/Src/main.cpp:622:13:void MX_FDCAN1_Init()	8	static
../Core/Src/main.cpp:665:13:void MX_TIM1_Init()	120	static
../Core/Src/main.cpp:747:13:void MX_TIM6_Init()	24	static
../Core/Src/main.cpp:785:13:void MX_TIM8_Init()	120	static
../Core/Src/main.cpp:867:13:void MX_TIM15_Init()	104	static
../Core/Src/main.cpp:933:13:void MX_GPIO_Init()	40	static
../Core/Src/main.cpp:988:6:void Error_Handler()	8	static,ignoring_inline_asm
../Core/Src/main.cpp:1004:1:void __static_initialization_and_destruction_0(int, int)	16	static
../Core/Src/main.cpp:1004:1:cpp)	8	static
../Core/Src/main.cpp:1004:1:cpp)	8	static
