/opt/st/stm32cubeide_1.14.0/plugins/com.st.stm32cube.ide.mcu.externaltools.gnu-tools-for-stm32.11.3.rel1.linux64_1.1.100.202309141235/tools/arm-none-eabi/include/c++/11.3.1/arm-none-eabi/thumb/v7e-m+fp/hard/bits/gthr-default.h:229:1:int __gthread_key_delete(__gthread_key_t)	16	static
../Core/Src/main.cpp:86:6:void HAL_TIM_PeriodElapsedCallback(TIM_HandleTypeDef*)	16	static
../Core/Src/main.cpp:102:6:void HAL_FDCAN_RxFifo0Callback(FDCAN_HandleTypeDef*, uint32_t)	88	static
../Core/Src/main.cpp:128:6:void set_loop_freq(int)	24	static
../Core/Src/main.cpp:132:6:void loop()	16	static
../Core/Inc/Stepper.h:13:7:constexpr Stepper& Stepper::operator=(const Stepper&)	16	static
../Core/Inc/Stepper.h:13:7:constexpr Stepper::Stepper(const Stepper&)	16	static
../Core/Inc/HolonomicDrive3.h:20:7:constexpr HolonomicDrive3& HolonomicDrive3::operator=(const HolonomicDrive3&)	32	static
../Core/Inc/MessageRecomposer.h:19:7:MessageRecomposer& MessageRecomposer::operator=(const MessageRecomposer&)	32	static
../Core/Src/main.cpp:152:5:int main()	1632	static
../Core/Src/main.cpp:248:6:void SystemClock_Config()	88	static
../Core/Src/main.cpp:295:13:void MX_FDCAN1_Init()	8	static
../Core/Src/main.cpp:338:13:void MX_TIM1_Init()	120	static
../Core/Src/main.cpp:420:13:void MX_TIM6_Init()	24	static
../Core/Src/main.cpp:458:13:void MX_TIM8_Init()	120	static
../Core/Src/main.cpp:540:13:void MX_TIM15_Init()	104	static
../Core/Src/main.cpp:606:13:void MX_GPIO_Init()	32	static
../Core/Src/main.cpp:644:6:void Error_Handler()	4	static,ignoring_inline_asm
../Core/Src/main.cpp:653:1:void __static_initialization_and_destruction_0(int, int)	16	static
../Core/Src/main.cpp:653:1:cpp)	8	static
../Core/Src/main.cpp:653:1:cpp)	8	static
