../Core/Src/main.cpp:79:6:void HAL_TIM_PeriodElapsedCallback(TIM_HandleTypeDef*)	16	static
../Core/Src/main.cpp:87:6:void set_loop_freq(int)	24	static
../Core/Src/main.cpp:91:6:void loop()	16	static
../Core/Inc/Stepper.h:13:7:constexpr Stepper& Stepper::operator=(const Stepper&)	16	static
../Core/Inc/Stepper.h:13:7:constexpr Stepper::Stepper(const Stepper&)	16	static
../Core/Inc/HolonomicDrive3.h:20:7:constexpr HolonomicDrive3& HolonomicDrive3::operator=(const HolonomicDrive3&)	32	static
../Core/Src/main.cpp:111:5:int main()	1000	static
../Core/Src/main.cpp:212:6:void SystemClock_Config()	88	static
../Core/Src/main.cpp:259:13:void MX_TIM1_Init()	120	static
../Core/Src/main.cpp:341:13:void MX_TIM4_Init()	64	static
../Core/Src/main.cpp:400:13:void MX_TIM6_Init()	24	static
../Core/Src/main.cpp:438:13:void MX_TIM8_Init()	120	static
../Core/Src/main.cpp:520:13:void MX_GPIO_Init()	32	static
../Core/Src/main.cpp:558:6:void Error_Handler()	4	static,ignoring_inline_asm
../Core/Src/main.cpp:567:1:void __static_initialization_and_destruction_0(int, int)	16	static
../Core/Src/main.cpp:567:1:cpp)	8	static
../Core/Src/main.cpp:567:1:cpp)	8	static
