/opt/st/stm32cubeide_1.14.0/plugins/com.st.stm32cube.ide.mcu.externaltools.gnu-tools-for-stm32.11.3.rel1.linux64_1.1.100.202309141235/tools/arm-none-eabi/include/c++/11.3.1/arm-none-eabi/thumb/v7e-m+fp/hard/bits/gthr-default.h:229:1:int __gthread_key_delete(__gthread_key_t)	16	static
../Core/Src/main.cpp:84:6:void HAL_TIM_PeriodElapsedCallback(TIM_HandleTypeDef*)	16	static
../Core/Src/main.cpp:92:6:void set_loop_freq(int)	24	static
../Core/Src/main.cpp:96:6:void loop()	16	static
../Core/Inc/Stepper.h:13:7:constexpr Stepper& Stepper::operator=(const Stepper&)	16	static
../Core/Inc/Stepper.h:13:7:constexpr Stepper::Stepper(const Stepper&)	16	static
../Core/Inc/HolonomicDrive3.h:20:7:constexpr HolonomicDrive3& HolonomicDrive3::operator=(const HolonomicDrive3&)	32	static
../Core/Src/main.cpp:116:5:int main()	1048	static
../Core/Src/main.cpp:211:6:void SystemClock_Config()	88	static
../Core/Src/main.cpp:258:13:void MX_FDCAN1_Init()	8	static
../Core/Src/main.cpp:301:13:void MX_TIM1_Init()	120	static
../Core/Src/main.cpp:383:13:void MX_TIM4_Init()	64	static
../Core/Src/main.cpp:442:13:void MX_TIM6_Init()	24	static
../Core/Src/main.cpp:480:13:void MX_TIM8_Init()	120	static
../Core/Src/main.cpp:562:13:void MX_GPIO_Init()	40	static
../Core/Src/main.cpp:601:6:void Error_Handler()	4	static,ignoring_inline_asm
../Core/Src/main.cpp:610:1:void __static_initialization_and_destruction_0(int, int)	16	static
../Core/Src/main.cpp:610:1:cpp)	8	static
../Core/Src/main.cpp:610:1:cpp)	8	static
