/opt/st/stm32cubeide_1.14.0/plugins/com.st.stm32cube.ide.mcu.externaltools.gnu-tools-for-stm32.11.3.rel1.linux64_1.1.100.202309141235/tools/arm-none-eabi/include/c++/11.3.1/arm-none-eabi/thumb/v7e-m+fp/hard/bits/gthr-default.h:229:1:int __gthread_key_delete(__gthread_key_t)	16	static
../Core/Src/MessageRecomposer.cpp:13:1:MessageRecomposer::MessageRecomposer()	24	static
../Core/Src/MessageRecomposer.cpp:18:6:void MessageRecomposer::add_frame(uint8_t*, uint8_t)	128	static
../Core/Src/MessageRecomposer.cpp:59:6:bool MessageRecomposer::check_if_new_full_msg()	16	static
../Core/Src/MessageRecomposer.cpp:63:13:std::string MessageRecomposer::get_full_msg()	16	static
../Core/Src/MessageRecomposer.cpp:68:1:MessageRecomposer::~MessageRecomposer()	24	static
../Core/Src/MessageRecomposer.cpp:68:1:virtual MessageRecomposer::~MessageRecomposer()	16	static
../Core/Src/MessageRecomposer.cpp:72:6:void MessageRecomposer::decode_descriptor(uint8_t*, int&, int&, int&)	32	static
../Core/Src/MessageRecomposer.cpp:84:6:bool MessageRecomposer::all_frames_received()	24	static
